Archive member included to satisfy reference by file (symbol)

/opt/st/stm32cubeide_1.5.1/plugins/com.st.stm32cube.ide.mcu.externaltools.gnu-tools-for-stm32.7-2018-q2-update.linux64_1.5.0.202011040924/tools/bin/../lib/gcc/arm-none-eabi/7.3.1/../../../../arm-none-eabi/lib/thumb/v7e-m/fpv4-sp/hard/libstdc++_nano.a(pure.o)
                              Core/Src/mainpp.o (__cxa_pure_virtual)
/opt/st/stm32cubeide_1.5.1/plugins/com.st.stm32cube.ide.mcu.externaltools.gnu-tools-for-stm32.7-2018-q2-update.linux64_1.5.0.202011040924/tools/bin/../lib/gcc/arm-none-eabi/7.3.1/../../../../arm-none-eabi/lib/thumb/v7e-m/fpv4-sp/hard/libstdc++_nano.a(eh_terminate.o)
                              /opt/st/stm32cubeide_1.5.1/plugins/com.st.stm32cube.ide.mcu.externaltools.gnu-tools-for-stm32.7-2018-q2-update.linux64_1.5.0.202011040924/tools/bin/../lib/gcc/arm-none-eabi/7.3.1/../../../../arm-none-eabi/lib/thumb/v7e-m/fpv4-sp/hard/libstdc++_nano.a(pure.o) (std::terminate())
/opt/st/stm32cubeide_1.5.1/plugins/com.st.stm32cube.ide.mcu.externaltools.gnu-tools-for-stm32.7-2018-q2-update.linux64_1.5.0.202011040924/tools/bin/../lib/gcc/arm-none-eabi/7.3.1/../../../../arm-none-eabi/lib/thumb/v7e-m/fpv4-sp/hard/libstdc++_nano.a(eh_unex_handler.o)
                              /opt/st/stm32cubeide_1.5.1/plugins/com.st.stm32cube.ide.mcu.externaltools.gnu-tools-for-stm32.7-2018-q2-update.linux64_1.5.0.202011040924/tools/bin/../lib/gcc/arm-none-eabi/7.3.1/../../../../arm-none-eabi/lib/thumb/v7e-m/fpv4-sp/hard/libstdc++_nano.a(eh_terminate.o) (__cxxabiv1::__unexpected_handler)
/opt/st/stm32cubeide_1.5.1/plugins/com.st.stm32cube.ide.mcu.externaltools.gnu-tools-for-stm32.7-2018-q2-update.linux64_1.5.0.202011040924/tools/bin/../lib/gcc/arm-none-eabi/7.3.1/../../../../arm-none-eabi/lib/thumb/v7e-m/fpv4-sp/hard/libstdc++_nano.a(eh_term_handler.o)
                              /opt/st/stm32cubeide_1.5.1/plugins/com.st.stm32cube.ide.mcu.externaltools.gnu-tools-for-stm32.7-2018-q2-update.linux64_1.5.0.202011040924/tools/bin/../lib/gcc/arm-none-eabi/7.3.1/../../../../arm-none-eabi/lib/thumb/v7e-m/fpv4-sp/hard/libstdc++_nano.a(eh_terminate.o) (__cxxabiv1::__terminate_handler)
/opt/st/stm32cubeide_1.5.1/plugins/com.st.stm32cube.ide.mcu.externaltools.gnu-tools-for-stm32.7-2018-q2-update.linux64_1.5.0.202011040924/tools/bin/../lib/gcc/arm-none-eabi/7.3.1/../../../../arm-none-eabi/lib/thumb/v7e-m/fpv4-sp/hard/libc_nano.a(lib_a-abort.o)
                              /opt/st/stm32cubeide_1.5.1/plugins/com.st.stm32cube.ide.mcu.externaltools.gnu-tools-for-stm32.7-2018-q2-update.linux64_1.5.0.202011040924/tools/bin/../lib/gcc/arm-none-eabi/7.3.1/../../../../arm-none-eabi/lib/thumb/v7e-m/fpv4-sp/hard/libstdc++_nano.a(eh_terminate.o) (abort)
/opt/st/stm32cubeide_1.5.1/plugins/com.st.stm32cube.ide.mcu.externaltools.gnu-tools-for-stm32.7-2018-q2-update.linux64_1.5.0.202011040924/tools/bin/../lib/gcc/arm-none-eabi/7.3.1/../../../../arm-none-eabi/lib/thumb/v7e-m/fpv4-sp/hard/libc_nano.a(lib_a-errno.o)
                              Core/Src/syscalls.o (__errno)
/opt/st/stm32cubeide_1.5.1/plugins/com.st.stm32cube.ide.mcu.externaltools.gnu-tools-for-stm32.7-2018-q2-update.linux64_1.5.0.202011040924/tools/bin/../lib/gcc/arm-none-eabi/7.3.1/../../../../arm-none-eabi/lib/thumb/v7e-m/fpv4-sp/hard/libc_nano.a(lib_a-exit.o)
                              /opt/st/stm32cubeide_1.5.1/plugins/com.st.stm32cube.ide.mcu.externaltools.gnu-tools-for-stm32.7-2018-q2-update.linux64_1.5.0.202011040924/tools/bin/../lib/gcc/arm-none-eabi/7.3.1/../../../../arm-none-eabi/lib/thumb/v7e-m/fpv4-sp/hard/crt0.o (exit)
/opt/st/stm32cubeide_1.5.1/plugins/com.st.stm32cube.ide.mcu.externaltools.gnu-tools-for-stm32.7-2018-q2-update.linux64_1.5.0.202011040924/tools/bin/../lib/gcc/arm-none-eabi/7.3.1/../../../../arm-none-eabi/lib/thumb/v7e-m/fpv4-sp/hard/libc_nano.a(lib_a-impure.o)
                              /opt/st/stm32cubeide_1.5.1/plugins/com.st.stm32cube.ide.mcu.externaltools.gnu-tools-for-stm32.7-2018-q2-update.linux64_1.5.0.202011040924/tools/bin/../lib/gcc/arm-none-eabi/7.3.1/../../../../arm-none-eabi/lib/thumb/v7e-m/fpv4-sp/hard/libc_nano.a(lib_a-exit.o) (_global_impure_ptr)
/opt/st/stm32cubeide_1.5.1/plugins/com.st.stm32cube.ide.mcu.externaltools.gnu-tools-for-stm32.7-2018-q2-update.linux64_1.5.0.202011040924/tools/bin/../lib/gcc/arm-none-eabi/7.3.1/../../../../arm-none-eabi/lib/thumb/v7e-m/fpv4-sp/hard/libc_nano.a(lib_a-init.o)
                              /opt/st/stm32cubeide_1.5.1/plugins/com.st.stm32cube.ide.mcu.externaltools.gnu-tools-for-stm32.7-2018-q2-update.linux64_1.5.0.202011040924/tools/bin/../lib/gcc/arm-none-eabi/7.3.1/../../../../arm-none-eabi/lib/thumb/v7e-m/fpv4-sp/hard/crt0.o (__libc_init_array)
/opt/st/stm32cubeide_1.5.1/plugins/com.st.stm32cube.ide.mcu.externaltools.gnu-tools-for-stm32.7-2018-q2-update.linux64_1.5.0.202011040924/tools/bin/../lib/gcc/arm-none-eabi/7.3.1/../../../../arm-none-eabi/lib/thumb/v7e-m/fpv4-sp/hard/libc_nano.a(lib_a-memcpy-stub.o)
[...]
Memory Configuration

Name             Origin             Length             Attributes
RAM              0x0000000020000000 0x0000000000020000 xrw
FLASH            0x0000000008000000 0x0000000000080000 xr
*default*        0x0000000000000000 0xffffffffffffffff

Linker script and memory map

LOAD /opt/st/stm32cubeide_1.5.1/plugins/com.st.stm32cube.ide.mcu.externaltools.gnu-tools-for-stm32.7-2018-q2-update.linux64_1.5.0.202011040924/tools/bin/../lib/gcc/arm-none-eabi/7.3.1/thumb/v7e-m/fpv4-sp/hard/crti.o
LOAD /opt/st/stm32cubeide_1.5.1/plugins/com.st.stm32cube.ide.mcu.externaltools.gnu-tools-for-stm32.7-2018-q2-update.linux64_1.5.0.202011040924/tools/bin/../lib/gcc/arm-none-eabi/7.3.1/thumb/v7e-m/fpv4-sp/hard/crtbegin.o
LOAD /opt/st/stm32cubeide_1.5.1/plugins/com.st.stm32cube.ide.mcu.externaltools.gnu-tools-for-stm32.7-2018-q2-update.linux64_1.5.0.202011040924/tools/bin/../lib/gcc/arm-none-eabi/7.3.1/../../../../arm-none-eabi/lib/thumb/v7e-m/fpv4-sp/hard/crt0.o
LOAD Core/Src/BufferedSerial.o
LOAD Core/Src/duration.o
LOAD Core/Src/main.o
LOAD Core/Src/mainpp.o
LOAD Core/Src/stm32f4xx_hal_msp.o
LOAD Core/Src/stm32f4xx_it.o
LOAD Core/Src/syscalls.o
LOAD Core/Src/sysmem.o
LOAD Core/Src/system_stm32f4xx.o
LOAD Core/Src/time.o
LOAD Core/Startup/startup_stm32f446retx.o
LOAD Drivers/STM32F4xx_HAL_Driver/Src/stm32f4xx_hal.o
LOAD Drivers/STM32F4xx_HAL_Driver/Src/stm32f4xx_hal_cortex.o
LOAD Drivers/STM32F4xx_HAL_Driver/Src/stm32f4xx_hal_dma.o
LOAD Drivers/STM32F4xx_HAL_Driver/Src/stm32f4xx_hal_dma_ex.o
LOAD Drivers/STM32F4xx_HAL_Driver/Src/stm32f4xx_hal_exti.o
LOAD Drivers/STM32F4xx_HAL_Driver/Src/stm32f4xx_hal_flash.o
LOAD Drivers/STM32F4xx_HAL_Driver/Src/stm32f4xx_hal_flash_ex.o
LOAD Drivers/STM32F4xx_HAL_Driver/Src/stm32f4xx_hal_flash_ramfunc.o
LOAD Drivers/STM32F4xx_HAL_Driver/Src/stm32f4xx_hal_gpio.o
LOAD Drivers/STM32F4xx_HAL_Driver/Src/stm32f4xx_hal_pwr.o
LOAD Drivers/STM32F4xx_HAL_Driver/Src/stm32f4xx_hal_pwr_ex.o
LOAD Drivers/STM32F4xx_HAL_Driver/Src/stm32f4xx_hal_rcc.o
LOAD Drivers/STM32F4xx_HAL_Driver/Src/stm32f4xx_hal_rcc_ex.o
LOAD Drivers/STM32F4xx_HAL_Driver/Src/stm32f4xx_hal_tim.o
LOAD Drivers/STM32F4xx_HAL_Driver/Src/stm32f4xx_hal_tim_ex.o
LOAD Drivers/STM32F4xx_HAL_Driver/Src/stm32f4xx_hal_uart.o
START GROUP
LOAD /opt/st/stm32cubeide_1.5.1/plugins/com.st.stm32cube.ide.mcu.externaltools.gnu-tools-for-stm32.7-2018-q2-update.linux64_1.5.0.202011040924/tools/bin/../lib/gcc/arm-none-eabi/7.3.1/../../../../arm-none-eabi/lib/thumb/v7e-m/fpv4-sp/hard/libstdc++_nano.a
LOAD /opt/st/stm32cubeide_1.5.1/plugins/com.st.stm32cube.ide.mcu.externaltools.gnu-tools-for-stm32.7-2018-q2-update.linux64_1.5.0.202011040924/tools/bin/../lib/gcc/arm-none-eabi/7.3.1/../../../../arm-none-eabi/lib/thumb/v7e-m/fpv4-sp/hard/libsupc++_nano.a
END GROUP
LOAD /opt/st/stm32cubeide_1.5.1/plugins/com.st.stm32cube.ide.mcu.externaltools.gnu-tools-for-stm32.7-2018-q2-update.linux64_1.5.0.202011040924/tools/bin/../lib/gcc/arm-none-eabi/7.3.1/../../../../arm-none-eabi/lib/thumb/v7e-m/fpv4-sp/hard/libstdc++_nano.a
LOAD /opt/st/stm32cubeide_1.5.1/plugins/com.st.stm32cube.ide.mcu.externaltools.gnu-tools-for-stm32.7-2018-q2-update.linux64_1.5.0.202011040924/tools/bin/../lib/gcc/arm-none-eabi/7.3.1/../../../../arm-none-eabi/lib/thumb/v7e-m/fpv4-sp/hard/libm.a
LOAD /opt/st/stm32cubeide_1.5.1/plugins/com.st.stm32cube.ide.mcu.externaltools.gnu-tools-for-stm32.7-2018-q2-update.linux64_1.5.0.202011040924/tools/bin/../lib/gcc/arm-none-eabi/7.3.1/../../../../arm-none-eabi/lib/thumb/v7e-m/fpv4-sp/hard/libc_nano.a
START GROUP
LOAD /opt/st/stm32cubeide_1.5.1/plugins/com.st.stm32cube.ide.mcu.externaltools.gnu-tools-for-stm32.7-2018-q2-update.linux64_1.5.0.202011040924/tools/bin/../lib/gcc/arm-none-eabi/7.3.1/thumb/v7e-m/fpv4-sp/hard/libgcc.a
LOAD /opt/st/stm32cubeide_1.5.1/plugins/com.st.stm32cube.ide.mcu.externaltools.gnu-tools-for-stm32.7-2018-q2-update.linux64_1.5.0.202011040924/tools/bin/../lib/gcc/arm-none-eabi/7.3.1/../../../../arm-none-eabi/lib/thumb/v7e-m/fpv4-sp/hard/libc_nano.a
END GROUP
START GROUP
LOAD /opt/st/stm32cubeide_1.5.1/plugins/com.st.stm32cube.ide.mcu.externaltools.gnu-tools-for-stm32.7-2018-q2-update.linux64_1.5.0.202011040924/tools/bin/../lib/gcc/arm-none-eabi/7.3.1/thumb/v7e-m/fpv4-sp/hard/libgcc.a
LOAD /opt/st/stm32cubeide_1.5.1/plugins/com.st.stm32cube.ide.mcu.externaltools.gnu-tools-for-stm32.7-2018-q2-update.linux64_1.5.0.202011040924/tools/bin/../lib/gcc/arm-none-eabi/7.3.1/../../../../arm-none-eabi/lib/thumb/v7e-m/fpv4-sp/hard/libc_nano.a
LOAD /opt/st/stm32cubeide_1.5.1/plugins/com.st.stm32cube.ide.mcu.externaltools.gnu-tools-for-stm32.7-2018-q2-update.linux64_1.5.0.202011040924/tools/bin/../lib/gcc/arm-none-eabi/7.3.1/../../../../arm-none-eabi/lib/thumb/v7e-m/fpv4-sp/hard/libnosys.a
END GROUP
START GROUP
LOAD /opt/st/stm32cubeide_1.5.1/plugins/com.st.stm32cube.ide.mcu.externaltools.gnu-tools-for-stm32.7-2018-q2-update.linux64_1.5.0.202011040924/tools/bin/../lib/gcc/arm-none-eabi/7.3.1/thumb/v7e-m/fpv4-sp/hard/libgcc.a
LOAD /opt/st/stm32cubeide_1.5.1/plugins/com.st.stm32cube.ide.mcu.externaltools.gnu-tools-for-stm32.7-2018-q2-update.linux64_1.5.0.202011040924/tools/bin/../lib/gcc/arm-none-eabi/7.3.1/../../../../arm-none-eabi/lib/thumb/v7e-m/fpv4-sp/hard/libc_nano.a
LOAD /opt/st/stm32cubeide_1.5.1/plugins/com.st.stm32cube.ide.mcu.externaltools.gnu-tools-for-stm32.7-2018-q2-update.linux64_1.5.0.202011040924/tools/bin/../lib/gcc/arm-none-eabi/7.3.1/../../../../arm-none-eabi/lib/thumb/v7e-m/fpv4-sp/hard/libnosys.a
END GROUP
LOAD /opt/st/stm32cubeide_1.5.1/plugins/com.st.stm32cube.ide.mcu.externaltools.gnu-tools-for-stm32.7-2018-q2-update.linux64_1.5.0.202011040924/tools/bin/../lib/gcc/arm-none-eabi/7.3.1/thumb/v7e-m/fpv4-sp/hard/crtend.o
LOAD /opt/st/stm32cubeide_1.5.1/plugins/com.st.stm32cube.ide.mcu.externaltools.gnu-tools-for-stm32.7-2018-q2-update.linux64_1.5.0.202011040924/tools/bin/../lib/gcc/arm-none-eabi/7.3.1/thumb/v7e-m/fpv4-sp/hard/crtn.o
                0x0000000020020000                _estack = (ORIGIN (RAM) + LENGTH (RAM))
                0x0000000000000200                _Min_Heap_Size = 0x200
                0x0000000000000400                _Min_Stack_Size = 0x400

.isr_vector     0x0000000008000000      0x1c4
                0x0000000008000000                . = ALIGN (0x4)
 *(.isr_vector)
 .isr_vector    0x0000000008000000      0x1c4 Core/Startup/startup_stm32f446retx.o
                0x0000000008000000                g_pfnVectors
                0x00000000080001c4                . = ALIGN (0x4)

.text           0x00000000080001c4     0x669c
                0x00000000080001c4                . = ALIGN (0x4)
 *(.text)
 .text          0x00000000080001c4       0x40 /opt/st/stm32cubeide_1.5.1/plugins/com.st.stm32cube.ide.mcu.externaltools.gnu-tools-for-stm32.7-2018-q2-update.linux64_1.5.0.202011040924/tools/bin/../lib/gcc/arm-none-eabi/7.3.1/thumb/v7e-m/fpv4-sp/hard/crtbegin.o
 .text          0x0000000008000204       0x10 /opt/st/stm32cubeide_1.5.1/plugins/com.st.stm32cube.ide.mcu.externaltools.gnu-tools-for-stm32.7-2018-q2-update.linux64_1.5.0.202011040924/tools/bin/../lib/gcc/arm-none-eabi/7.3.1/../../../../arm-none-eabi/lib/thumb/v7e-m/fpv4-sp/hard/libc_nano.a(lib_a-strlen.o)
                0x0000000008000204                strlen
 .text          0x0000000008000214       0x30 /opt/st/stm32cubeide_1.5.1/plugins/com.st.stm32cube.ide.mcu.externaltools.gnu-tools-for-stm32.7-2018-q2-update.linux64_1.5.0.202011040924/tools/bin/../lib/gcc/arm-none-eabi/7.3.1/thumb/v7e-m/fpv4-sp/hard/libgcc.a(_aeabi_uldivmod.o)
                0x0000000008000214                __aeabi_uldivmod
 .text          0x0000000008000244      0x2cc /opt/st/stm32cubeide_1.5.1/plugins/com.st.stm32cube.ide.mcu.externaltools.gnu-tools-for-stm32.7-2018-q2-update.linux64_1.5.0.202011040924/tools/bin/../lib/gcc/arm-none-eabi/7.3.1/thumb/v7e-m/fpv4-sp/hard/libgcc.a(_udivmoddi4.o)
                0x0000000008000244                __udivmoddi4
 .text          0x0000000008000510        0x4 /opt/st/stm32cubeide_1.5.1/plugins/com.st.stm32cube.ide.mcu.externaltools.gnu-tools-for-stm32.7-2018-q2-update.linux64_1.5.0.202011040924/tools/bin/../lib/gcc/arm-none-eabi/7.3.1/thumb/v7e-m/fpv4-sp/hard/libgcc.a(_dvmd_tls.o)
                0x0000000008000510                __aeabi_ldiv0
                0x0000000008000510                __aeabi_idiv0
 *(.text*)
 .text._ZN14BufferedSerialC2ER20__UART_HandleTypeDef
                0x0000000008000514       0x40 Core/Src/BufferedSerial.o
                0x0000000008000514                BufferedSerial::BufferedSerial(__UART_HandleTypeDef&)
                0x0000000008000514                BufferedSerial::BufferedSerial(__UART_HandleTypeDef&)
 .text._ZN14BufferedSerial4initEv
                0x0000000008000554       0x16 Core/Src/BufferedSerial.o
                0x0000000008000554                BufferedSerial::init()
 .text._ZN14BufferedSerial4readEv
                0x000000000800056a       0x6a Core/Src/BufferedSerial.o
                0x000000000800056a                BufferedSerial::read()
 .text._ZN14BufferedSerial5writeEPKhi
                0x00000000080005d4       0xae Core/Src/BufferedSerial.o
                0x00000000080005d4                BufferedSerial::write(unsigned char const*, int)
 *fill*         0x0000000008000682        0x2 
 .text._ZN14BufferedSerial15flush_tx_bufferEv
                0x0000000008000684      0x11c Core/Src/BufferedSerial.o
                0x0000000008000684                BufferedSerial::flush_tx_buffer()
 .text._ZN14BufferedSerial15reset_rx_bufferEv
                0x00000000080007a0       0x22 Core/Src/BufferedSerial.o
                0x00000000080007a0                BufferedSerial::reset_rx_buffer()
 .text._ZN14BufferedSerial10get_handleEv
                0x00000000080007c2       0x18 Core/Src/BufferedSerial.o
                0x00000000080007c2                BufferedSerial::get_handle()
 *fill*         0x00000000080007da        0x2 
 .text.HAL_UART_TxCpltCallback
                0x00000000080007dc       0x38 Core/Src/BufferedSerial.o
                0x00000000080007dc                HAL_UART_TxCpltCallback
 .text.HAL_UART_RxCpltCallback
                0x0000000008000814       0x1c Core/Src/BufferedSerial.o
                0x0000000008000814                HAL_UART_RxCpltCallback
 .text._Z41__static_initialization_and_destruction_0ii
                0x0000000008000830       0x34 Core/Src/BufferedSerial.o
 .text._GLOBAL__sub_I_buff_serial
                0x0000000008000864       0x10 Core/Src/BufferedSerial.o
 .text.main     0x0000000008000874       0x2a Core/Src/main.o
                0x0000000008000874                main
 *fill*         0x000000000800089e        0x2 
 .text.SystemClock_Config
                0x00000000080008a0       0xc0 Core/Src/main.o
                0x00000000080008a0                SystemClock_Config
 .text.MX_TIM10_Init
                0x0000000008000960       0x9c Core/Src/main.o
 .text.MX_TIM11_Init
                0x00000000080009fc       0x9c Core/Src/main.o
 .text.MX_USART2_UART_Init
                0x0000000008000a98       0x54 Core/Src/main.o
 .text.MX_DMA_Init
                0x0000000008000aec       0x50 Core/Src/main.o
 .text.MX_GPIO_Init
                0x0000000008000b3c      0x10c Core/Src/main.o
 .text.Error_Handler
                0x0000000008000c48        0x8 Core/Src/main.o
                0x0000000008000c48                Error_Handler
 .text._ZN13STM32HardwareC2Ev
                0x0000000008000c50       0x20 Core/Src/mainpp.o
                0x0000000008000c50                STM32Hardware::STM32Hardware()
                0x0000000008000c50                STM32Hardware::STM32Hardware()
 .text._ZN13STM32Hardware4initEv
                0x0000000008000c70       0x1a Core/Src/mainpp.o
                0x0000000008000c70                STM32Hardware::init()
 .text._ZN13STM32Hardware4readEv
                0x0000000008000c8a       0x1c Core/Src/mainpp.o
                0x0000000008000c8a                STM32Hardware::read()
 .text._ZN13STM32Hardware5writeEPhi
                0x0000000008000ca6       0x22 Core/Src/mainpp.o
                0x0000000008000ca6                STM32Hardware::write(unsigned char*, int)
 .text._ZN13STM32Hardware4timeEv
                0x0000000008000cc8       0x16 Core/Src/mainpp.o
                0x0000000008000cc8                STM32Hardware::time()
 .text._ZN3ros4TimeC2Ev
                0x0000000008000cde       0x22 Core/Src/mainpp.o
                0x0000000008000cde                ros::Time::Time()
                0x0000000008000cde                ros::Time::Time()
 .text._ZN3ros3MsgC2Ev
                0x0000000008000d00       0x20 Core/Src/mainpp.o
                0x0000000008000d00                ros::Msg::Msg()
                0x0000000008000d00                ros::Msg::Msg()
 .text._ZN8std_msgs4TimeC2Ev
                0x0000000008000d20       0x30 Core/Src/mainpp.o
                0x0000000008000d20                std_msgs::Time::Time()
                0x0000000008000d20                std_msgs::Time::Time()
 .text._ZNK8std_msgs4Time9serializeEPh
                0x0000000008000d50       0xb0 Core/Src/mainpp.o
                0x0000000008000d50                std_msgs::Time::serialize(unsigned char*) const
 .text._ZN8std_msgs4Time11deserializeEPh
                0x0000000008000e00       0xc8 Core/Src/mainpp.o
                0x0000000008000e00                std_msgs::Time::deserialize(unsigned char*)
 .text._ZN8std_msgs4Time7getTypeEv
                0x0000000008000ec8       0x1c Core/Src/mainpp.o
                0x0000000008000ec8                std_msgs::Time::getType()
 .text._ZN8std_msgs4Time6getMD5Ev
                0x0000000008000ee4       0x1c Core/Src/mainpp.o
                0x0000000008000ee4                std_msgs::Time::getMD5()
 .text._ZN14rosserial_msgs9TopicInfoC2Ev
                0x0000000008000f00       0x48 Core/Src/mainpp.o
                0x0000000008000f00                rosserial_msgs::TopicInfo::TopicInfo()
                0x0000000008000f00                rosserial_msgs::TopicInfo::TopicInfo()
 .text._ZNK14rosserial_msgs9TopicInfo9serializeEPh
                0x0000000008000f48      0x136 Core/Src/mainpp.o
                0x0000000008000f48                rosserial_msgs::TopicInfo::serialize(unsigned char*) const
 .text._ZN14rosserial_msgs9TopicInfo11deserializeEPh
                0x000000000800107e      0x1d0 Core/Src/mainpp.o
                0x000000000800107e                rosserial_msgs::TopicInfo::deserialize(unsigned char*)
 *fill*         0x000000000800124e        0x2 
 .text._ZN14rosserial_msgs9TopicInfo7getTypeEv
                0x0000000008001250       0x1c Core/Src/mainpp.o
                0x0000000008001250                rosserial_msgs::TopicInfo::getType()
 .text._ZN14rosserial_msgs9TopicInfo6getMD5Ev
                0x000000000800126c       0x1c Core/Src/mainpp.o
                0x000000000800126c                rosserial_msgs::TopicInfo::getMD5()
 .text._ZN14rosserial_msgs3LogC2Ev
                0x0000000008001288       0x34 Core/Src/mainpp.o
                0x0000000008001288                rosserial_msgs::Log::Log()
                0x0000000008001288                rosserial_msgs::Log::Log()
 .text._ZNK14rosserial_msgs3Log9serializeEPh
                0x00000000080012bc       0x64 Core/Src/mainpp.o
                0x00000000080012bc                rosserial_msgs::Log::serialize(unsigned char*) const
 .text._ZN14rosserial_msgs3Log11deserializeEPh
                0x0000000008001320       0x90 Core/Src/mainpp.o
                0x0000000008001320                rosserial_msgs::Log::deserialize(unsigned char*)
 .text._ZN14rosserial_msgs3Log7getTypeEv
                0x00000000080013b0       0x1c Core/Src/mainpp.o
                0x00000000080013b0                rosserial_msgs::Log::getType()
 .text._ZN14rosserial_msgs3Log6getMD5Ev
                0x00000000080013cc       0x1c Core/Src/mainpp.o
                0x00000000080013cc                rosserial_msgs::Log::getMD5()
 .text._ZN14rosserial_msgs20RequestParamResponseC2Ev
                0x00000000080013e8       0x48 Core/Src/mainpp.o
                0x00000000080013e8                rosserial_msgs::RequestParamResponse::RequestParamResponse()
                0x00000000080013e8                rosserial_msgs::RequestParamResponse::RequestParamResponse()
 .text._ZNK14rosserial_msgs20RequestParamResponse9serializeEPh
                0x0000000008001430      0x222 Core/Src/mainpp.o
                0x0000000008001430                rosserial_msgs::RequestParamResponse::serialize(unsigned char*) const
 .text._ZN14rosserial_msgs20RequestParamResponse11deserializeEPh
                0x0000000008001652      0x2e2 Core/Src/mainpp.o
                0x0000000008001652                rosserial_msgs::RequestParamResponse::deserialize(unsigned char*)
 .text._ZN14rosserial_msgs20RequestParamResponse7getTypeEv
                0x0000000008001934       0x1c Core/Src/mainpp.o
                0x0000000008001934                rosserial_msgs::RequestParamResponse::getType()
 .text._ZN14rosserial_msgs20RequestParamResponse6getMD5Ev
                0x0000000008001950       0x1c Core/Src/mainpp.o
                0x0000000008001950                rosserial_msgs::RequestParamResponse::getMD5()
 .text._ZN3ros9Publisher15getEndpointTypeEv
                0x000000000800196c       0x18 Core/Src/mainpp.o
                0x000000000800196c                ros::Publisher::getEndpointType()
 .text._ZN8std_msgs19MultiArrayDimensionC2Ev
                0x0000000008001984       0x3c Core/Src/mainpp.o
                0x0000000008001984                std_msgs::MultiArrayDimension::MultiArrayDimension()
                0x0000000008001984                std_msgs::MultiArrayDimension::MultiArrayDimension()
 .text._ZNK8std_msgs19MultiArrayDimension9serializeEPh
                0x00000000080019c0       0xe6 Core/Src/mainpp.o
                0x00000000080019c0                std_msgs::MultiArrayDimension::serialize(unsigned char*) const
 .text._ZN8std_msgs19MultiArrayDimension11deserializeEPh
                0x0000000008001aa6      0x12a Core/Src/mainpp.o
                0x0000000008001aa6                std_msgs::MultiArrayDimension::deserialize(unsigned char*)
 .text._ZN8std_msgs19MultiArrayDimension7getTypeEv
                0x0000000008001bd0       0x1c Core/Src/mainpp.o
                0x0000000008001bd0                std_msgs::MultiArrayDimension::getType()
 .text._ZN8std_msgs19MultiArrayDimension6getMD5Ev
                0x0000000008001bec       0x1c Core/Src/mainpp.o
                0x0000000008001bec                std_msgs::MultiArrayDimension::getMD5()
 .text._ZN8std_msgs16MultiArrayLayoutC2Ev
                0x0000000008001c08       0x40 Core/Src/mainpp.o
                0x0000000008001c08                std_msgs::MultiArrayLayout::MultiArrayLayout()
                0x0000000008001c08                std_msgs::MultiArrayLayout::MultiArrayLayout()
 .text._ZNK8std_msgs16MultiArrayLayout9serializeEPh
                0x0000000008001c48       0xec Core/Src/mainpp.o
                0x0000000008001c48                std_msgs::MultiArrayLayout::serialize(unsigned char*) const
 .text._ZN8std_msgs16MultiArrayLayout11deserializeEPh
                0x0000000008001d34      0x120 Core/Src/mainpp.o
                0x0000000008001d34                std_msgs::MultiArrayLayout::deserialize(unsigned char*)
 .text._ZN8std_msgs16MultiArrayLayout7getTypeEv
                0x0000000008001e54       0x1c Core/Src/mainpp.o
                0x0000000008001e54                std_msgs::MultiArrayLayout::getType()
 .text._ZN8std_msgs16MultiArrayLayout6getMD5Ev
                0x0000000008001e70       0x1c Core/Src/mainpp.o
                0x0000000008001e70                std_msgs::MultiArrayLayout::getMD5()
 .text._ZN8std_msgs14ByteMultiArrayC2Ev
                0x0000000008001e8c       0x3c Core/Src/mainpp.o
                0x0000000008001e8c                std_msgs::ByteMultiArray::ByteMultiArray()
                0x0000000008001e8c                std_msgs::ByteMultiArray::ByteMultiArray()
 .text._ZNK8std_msgs14ByteMultiArray9serializeEPh
                0x0000000008001ec8       0xae Core/Src/mainpp.o
                0x0000000008001ec8                std_msgs::ByteMultiArray::serialize(unsigned char*) const
 .text._ZN8std_msgs14ByteMultiArray11deserializeEPh
                0x0000000008001f76       0xe2 Core/Src/mainpp.o
                0x0000000008001f76                std_msgs::ByteMultiArray::deserialize(unsigned char*)
 .text._ZN8std_msgs14ByteMultiArray7getTypeEv
                0x0000000008002058       0x1c Core/Src/mainpp.o
                0x0000000008002058                std_msgs::ByteMultiArray::getType()
 .text._ZN8std_msgs14ByteMultiArray6getMD5Ev
                0x0000000008002074       0x1c Core/Src/mainpp.o
                0x0000000008002074                std_msgs::ByteMultiArray::getMD5()
 .text._Z9wheels_goRKN8std_msgs14ByteMultiArrayE
                0x0000000008002090      0x1f4 Core/Src/mainpp.o
                0x0000000008002090                wheels_go(std_msgs::ByteMultiArray const&)
 .text.setup    0x0000000008002284       0x38 Core/Src/mainpp.o
                0x0000000008002284                setup
 .text.loop     0x00000000080022bc       0x1c Core/Src/mainpp.o
                0x00000000080022bc                loop
 .text._Z4stopv
                0x00000000080022d8       0x3c Core/Src/mainpp.o
                0x00000000080022d8                stop()
 .text._Z5startv
                0x0000000008002314       0x2c Core/Src/mainpp.o
                0x0000000008002314                start()
 .text._Z9directionii
                0x0000000008002340       0x64 Core/Src/mainpp.o
                0x0000000008002340                direction(int, int)
 .text._Z9motors_goi
                0x00000000080023a4       0xd0 Core/Src/mainpp.o
                0x00000000080023a4                motors_go(int)
 .text._Z10acceleratei
                0x0000000008002474       0x60 Core/Src/mainpp.o
                0x0000000008002474                accelerate(int)
 .text._Z10deceleratei
                0x00000000080024d4       0x60 Core/Src/mainpp.o
                0x00000000080024d4                decelerate(int)
 .text._ZN3ros3Msg8varToArrIPhmEEvT_T0_
                0x0000000008002534       0x3c Core/Src/mainpp.o
                0x0000000008002534                void ros::Msg::varToArr<unsigned char*, unsigned long>(unsigned char*, unsigned long)
 .text._ZN3ros3Msg8arrToVarImPhEEvRT_T0_
                0x0000000008002570       0x4a Core/Src/mainpp.o
                0x0000000008002570                void ros::Msg::arrToVar<unsigned long, unsigned char*>(unsigned long&, unsigned char*)
 *fill*         0x00000000080025ba        0x2 
 .text._ZN3ros15NodeHandleBase_C2Ev
                0x00000000080025bc       0x20 Core/Src/mainpp.o
                0x00000000080025bc                ros::NodeHandleBase_::NodeHandleBase_()
                0x00000000080025bc                ros::NodeHandleBase_::NodeHandleBase_()
 .text._ZN3ros11NodeHandle_I13STM32HardwareLi25ELi25ELi512ELi512EEC2Ev
                0x00000000080025dc       0xfc Core/Src/mainpp.o
                0x00000000080025dc                ros::NodeHandle_<STM32Hardware, 25, 25, 512, 512>::NodeHandle_()
                0x00000000080025dc                ros::NodeHandle_<STM32Hardware, 25, 25, 512, 512>::NodeHandle_()
 .text._ZN3ros11Subscriber_C2Ev
                0x00000000080026d8       0x20 Core/Src/mainpp.o
                0x00000000080026d8                ros::Subscriber_::Subscriber_()
                0x00000000080026d8                ros::Subscriber_::Subscriber_()
 .text._ZN3ros10SubscriberIN8std_msgs14ByteMultiArrayEvEC2EPKcPFvRKS2_Ei
                0x00000000080026f8       0x48 Core/Src/mainpp.o
                0x00000000080026f8                ros::Subscriber<std_msgs::ByteMultiArray, void>::Subscriber(char const*, void (*)(std_msgs::ByteMultiArray const&), int)
                0x00000000080026f8                ros::Subscriber<std_msgs::ByteMultiArray, void>::Subscriber(char const*, void (*)(std_msgs::ByteMultiArray const&), int)
 .text._ZN3ros11NodeHandle_I13STM32HardwareLi25ELi25ELi512ELi512EE8initNodeEv
                0x0000000008002740       0x3a Core/Src/mainpp.o
                0x0000000008002740                ros::NodeHandle_<STM32Hardware, 25, 25, 512, 512>::initNode()
 .text._ZN3ros11NodeHandle_I13STM32HardwareLi25ELi25ELi512ELi512EE9subscribeINS_10SubscriberIN8std_msgs14ByteMultiArrayEvEEEEbRT_
                0x000000000800277a       0x5a Core/Src/mainpp.o
                0x000000000800277a                bool ros::NodeHandle_<STM32Hardware, 25, 25, 512, 512>::subscribe<ros::Subscriber<std_msgs::ByteMultiArray, void> >(ros::Subscriber<std_msgs::ByteMultiArray, void>&)
 .text._ZN3ros11NodeHandle_I13STM32HardwareLi25ELi25ELi512ELi512EE8spinOnceEv
                0x00000000080027d4      0x3ac Core/Src/mainpp.o
                0x00000000080027d4                ros::NodeHandle_<STM32Hardware, 25, 25, 512, 512>::spinOnce()
 .text._ZN3ros11NodeHandle_I13STM32HardwareLi25ELi25ELi512ELi512EE15requestSyncTimeEv
                0x0000000008002b80       0x3a Core/Src/mainpp.o
                0x0000000008002b80                ros::NodeHandle_<STM32Hardware, 25, 25, 512, 512>::requestSyncTime()
 .text._ZN3ros11NodeHandle_I13STM32HardwareLi25ELi25ELi512ELi512EE15negotiateTopicsEv
                0x0000000008002bba      0x1c0 Core/Src/mainpp.o
                0x0000000008002bba                ros::NodeHandle_<STM32Hardware, 25, 25, 512, 512>::negotiateTopics()
 *fill*         0x0000000008002d7a        0x2 
 .text._ZN3ros11NodeHandle_I13STM32HardwareLi25ELi25ELi512ELi512EE8syncTimeEPh
                0x0000000008002d7c       0x94 Core/Src/mainpp.o
                0x0000000008002d7c                ros::NodeHandle_<STM32Hardware, 25, 25, 512, 512>::syncTime(unsigned char*)
 .text._ZN3ros11NodeHandle_I13STM32HardwareLi25ELi25ELi512ELi512EE7publishEiPKNS_3MsgE
                0x0000000008002e10      0x124 Core/Src/mainpp.o
                0x0000000008002e10                ros::NodeHandle_<STM32Hardware, 25, 25, 512, 512>::publish(int, ros::Msg const*)
 .text._ZN3ros11NodeHandle_I13STM32HardwareLi25ELi25ELi512ELi512EE6setNowERNS_4TimeE
                0x0000000008002f34       0x7c Core/Src/mainpp.o
                0x0000000008002f34                ros::NodeHandle_<STM32Hardware, 25, 25, 512, 512>::setNow(ros::Time&)
 .text._ZN3ros11NodeHandle_I13STM32HardwareLi25ELi25ELi512ELi512EE8logerrorEPKc
                0x0000000008002fb0       0x1c Core/Src/mainpp.o
                0x0000000008002fb0                ros::NodeHandle_<STM32Hardware, 25, 25, 512, 512>::logerror(char const*)
 .text._ZN3ros11NodeHandle_I13STM32HardwareLi25ELi25ELi512ELi512EE3logEcPKc
                0x0000000008002fcc       0x38 Core/Src/mainpp.o
                0x0000000008002fcc                ros::NodeHandle_<STM32Hardware, 25, 25, 512, 512>::log(char, char const*)
 .text._Z41__static_initialization_and_destruction_0ii
                0x0000000008003004       0x44 Core/Src/mainpp.o
 .text._ZN3ros10SubscriberIN8std_msgs14ByteMultiArrayEvE8callbackEPh
                0x0000000008003048       0x2a Core/Src/mainpp.o
                0x0000000008003048                ros::Subscriber<std_msgs::ByteMultiArray, void>::callback(unsigned char*)
 .text._ZN3ros10SubscriberIN8std_msgs14ByteMultiArrayEvE15getEndpointTypeEv
                0x0000000008003072       0x18 Core/Src/mainpp.o
                0x0000000008003072                ros::Subscriber<std_msgs::ByteMultiArray, void>::getEndpointType()
 .text._ZN3ros10SubscriberIN8std_msgs14ByteMultiArrayEvE10getMsgTypeEv
                0x000000000800308a       0x1c Core/Src/mainpp.o
                0x000000000800308a                ros::Subscriber<std_msgs::ByteMultiArray, void>::getMsgType()
 .text._ZN3ros10SubscriberIN8std_msgs14ByteMultiArrayEvE9getMsgMD5Ev
                0x00000000080030a6       0x1c Core/Src/mainpp.o
                0x00000000080030a6                ros::Subscriber<std_msgs::ByteMultiArray, void>::getMsgMD5()
 .text._ZN3ros11NodeHandle_I13STM32HardwareLi25ELi25ELi512ELi512EE9connectedEv
                0x00000000080030c2       0x1a Core/Src/mainpp.o
                0x00000000080030c2                ros::NodeHandle_<STM32Hardware, 25, 25, 512, 512>::connected()
 .text._GLOBAL__sub_I_linear
                0x00000000080030dc       0x10 Core/Src/mainpp.o
 .text.HAL_MspInit
                0x00000000080030ec       0x50 Core/Src/stm32f4xx_hal_msp.o
                0x00000000080030ec                HAL_MspInit
 .text.HAL_TIM_Base_MspInit
                0x000000000800313c       0x70 Core/Src/stm32f4xx_hal_msp.o
                0x000000000800313c                HAL_TIM_Base_MspInit
 .text.HAL_TIM_MspPostInit
                0x00000000080031ac       0xc4 Core/Src/stm32f4xx_hal_msp.o
                0x00000000080031ac                HAL_TIM_MspPostInit
 .text.HAL_UART_MspInit
                0x0000000008003270      0x16c Core/Src/stm32f4xx_hal_msp.o
                0x0000000008003270                HAL_UART_MspInit
 .text.NMI_Handler
                0x00000000080033dc        0x6 Core/Src/stm32f4xx_it.o
                0x00000000080033dc                NMI_Handler
 .text.HardFault_Handler
                0x00000000080033e2        0x6 Core/Src/stm32f4xx_it.o
                0x00000000080033e2                HardFault_Handler
 .text.MemManage_Handler
                0x00000000080033e8        0x6 Core/Src/stm32f4xx_it.o
                0x00000000080033e8                MemManage_Handler
 .text.BusFault_Handler
                0x00000000080033ee        0x6 Core/Src/stm32f4xx_it.o
                0x00000000080033ee                BusFault_Handler
 .text.UsageFault_Handler
                0x00000000080033f4        0x6 Core/Src/stm32f4xx_it.o
                0x00000000080033f4                UsageFault_Handler
 .text.SVC_Handler
                0x00000000080033fa        0xe Core/Src/stm32f4xx_it.o
                0x00000000080033fa                SVC_Handler
 .text.DebugMon_Handler
                0x0000000008003408        0xe Core/Src/stm32f4xx_it.o
                0x0000000008003408                DebugMon_Handler
 .text.PendSV_Handler
                0x0000000008003416        0xe Core/Src/stm32f4xx_it.o
                0x0000000008003416                PendSV_Handler
 .text.SysTick_Handler
                0x0000000008003424        0xc Core/Src/stm32f4xx_it.o
                0x0000000008003424                SysTick_Handler
 .text.DMA1_Stream5_IRQHandler
                0x0000000008003430       0x14 Core/Src/stm32f4xx_it.o
                0x0000000008003430                DMA1_Stream5_IRQHandler
 .text.DMA1_Stream6_IRQHandler
                0x0000000008003444       0x14 Core/Src/stm32f4xx_it.o
                0x0000000008003444                DMA1_Stream6_IRQHandler
 .text.USART2_IRQHandler
                0x0000000008003458       0x14 Core/Src/stm32f4xx_it.o
                0x0000000008003458                USART2_IRQHandler
 .text._getpid  0x000000000800346c       0x10 Core/Src/syscalls.o
                0x000000000800346c                _getpid
 .text._kill    0x000000000800347c       0x20 Core/Src/syscalls.o
                0x000000000800347c                _kill
 .text._exit    0x000000000800349c       0x14 Core/Src/syscalls.o
                0x000000000800349c                _exit
 .text._sbrk    0x00000000080034b0       0x6c Core/Src/sysmem.o
                0x00000000080034b0                _sbrk
 .text.SystemInit
                0x000000000800351c       0x2c Core/Src/system_stm32f4xx.o
                0x000000000800351c                SystemInit
 .text._ZN3ros16normalizeSecNSecERmS0_
                0x0000000008003548       0x58 Core/Src/time.o
                0x0000000008003548                ros::normalizeSecNSec(unsigned long&, unsigned long&)
 .text.Reset_Handler
                0x00000000080035a0       0x50 Core/Startup/startup_stm32f446retx.o
                0x00000000080035a0                Reset_Handler
 .text.Default_Handler
                0x00000000080035f0        0x2 Core/Startup/startup_stm32f446retx.o
                0x00000000080035f0                RTC_Alarm_IRQHandler
                0x00000000080035f0                EXTI2_IRQHandler
                0x00000000080035f0                TIM8_CC_IRQHandler
                0x00000000080035f0                FMPI2C1_EV_IRQHandler
                0x00000000080035f0                SPI4_IRQHandler
                0x00000000080035f0                TIM1_CC_IRQHandler
                0x00000000080035f0                DMA2_Stream5_IRQHandler
                0x00000000080035f0                PVD_IRQHandler
                0x00000000080035f0                SDIO_IRQHandler
                0x00000000080035f0                TAMP_STAMP_IRQHandler
                0x00000000080035f0                CAN2_RX1_IRQHandler
                0x00000000080035f0                EXTI3_IRQHandler
                0x00000000080035f0                TIM8_TRG_COM_TIM14_IRQHandler
                0x00000000080035f0                TIM1_UP_TIM10_IRQHandler
                0x00000000080035f0                TIM8_UP_TIM13_IRQHandler
                0x00000000080035f0                I2C3_ER_IRQHandler
                0x00000000080035f0                EXTI0_IRQHandler
                0x00000000080035f0                I2C2_EV_IRQHandler
                0x00000000080035f0                DMA1_Stream2_IRQHandler
                0x00000000080035f0                CAN1_RX0_IRQHandler
                0x00000000080035f0                FPU_IRQHandler
                0x00000000080035f0                OTG_HS_WKUP_IRQHandler
                0x00000000080035f0                CAN2_SCE_IRQHandler
                0x00000000080035f0                DMA2_Stream2_IRQHandler
                0x00000000080035f0                SPI1_IRQHandler
                0x00000000080035f0                TIM6_DAC_IRQHandler
                0x00000000080035f0                TIM1_BRK_TIM9_IRQHandler
                0x00000000080035f0                DCMI_IRQHandler
                0x00000000080035f0                CAN2_RX0_IRQHandler
                0x00000000080035f0                DMA2_Stream3_IRQHandler
                0x00000000080035f0                SAI2_IRQHandler
                0x00000000080035f0                USART6_IRQHandler
                0x00000000080035f0                USART3_IRQHandler
                0x00000000080035f0                CAN1_RX1_IRQHandler
                0x00000000080035f0                UART5_IRQHandler
                0x00000000080035f0                DMA2_Stream0_IRQHandler
                0x00000000080035f0                TIM4_IRQHandler
                0x00000000080035f0                QUADSPI_IRQHandler
                0x00000000080035f0                I2C1_EV_IRQHandler
                0x00000000080035f0                DMA1_Stream1_IRQHandler
                0x00000000080035f0                UART4_IRQHandler
                0x00000000080035f0                TIM3_IRQHandler
                0x00000000080035f0                RCC_IRQHandler
                0x00000000080035f0                TIM8_BRK_TIM12_IRQHandler
                0x00000000080035f0                Default_Handler
                0x00000000080035f0                CEC_IRQHandler
                0x00000000080035f0                EXTI15_10_IRQHandler
                0x00000000080035f0                ADC_IRQHandler
                0x00000000080035f0                DMA1_Stream7_IRQHandler
                0x00000000080035f0                TIM7_IRQHandler
                0x00000000080035f0                CAN2_TX_IRQHandler
                0x00000000080035f0                TIM5_IRQHandler
                0x00000000080035f0                DMA2_Stream7_IRQHandler
                0x00000000080035f0                I2C3_EV_IRQHandler
                0x00000000080035f0                EXTI9_5_IRQHandler
                0x00000000080035f0                RTC_WKUP_IRQHandler
                0x00000000080035f0                SPDIF_RX_IRQHandler
                0x00000000080035f0                SPI2_IRQHandler
                0x00000000080035f0                OTG_HS_EP1_IN_IRQHandler
                0x00000000080035f0                DMA1_Stream0_IRQHandler
                0x00000000080035f0                CAN1_TX_IRQHandler
                0x00000000080035f0                FMPI2C1_ER_IRQHandler
                0x00000000080035f0                EXTI4_IRQHandler
                0x00000000080035f0                OTG_HS_EP1_OUT_IRQHandler
                0x00000000080035f0                WWDG_IRQHandler
                0x00000000080035f0                TIM2_IRQHandler
                0x00000000080035f0                OTG_FS_WKUP_IRQHandler
                0x00000000080035f0                TIM1_TRG_COM_TIM11_IRQHandler
                0x00000000080035f0                OTG_HS_IRQHandler
                0x00000000080035f0                EXTI1_IRQHandler
                0x00000000080035f0                I2C2_ER_IRQHandler
                0x00000000080035f0                DMA2_Stream1_IRQHandler
                0x00000000080035f0                CAN1_SCE_IRQHandler
                0x00000000080035f0                FLASH_IRQHandler
                0x00000000080035f0                DMA2_Stream4_IRQHandler
                0x00000000080035f0                USART1_IRQHandler
                0x00000000080035f0                OTG_FS_IRQHandler
                0x00000000080035f0                SPI3_IRQHandler
                0x00000000080035f0                DMA1_Stream4_IRQHandler
                0x00000000080035f0                I2C1_ER_IRQHandler
                0x00000000080035f0                FMC_IRQHandler
                0x00000000080035f0                DMA2_Stream6_IRQHandler
                0x00000000080035f0                SAI1_IRQHandler
                0x00000000080035f0                DMA1_Stream3_IRQHandler
 *fill*         0x00000000080035f2        0x2 
 .text.HAL_Init
                0x00000000080035f4       0x44 Drivers/STM32F4xx_HAL_Driver/Src/stm32f4xx_hal.o
                0x00000000080035f4                HAL_Init
 .text.HAL_InitTick
                0x0000000008003638       0x60 Drivers/STM32F4xx_HAL_Driver/Src/stm32f4xx_hal.o
                0x0000000008003638                HAL_InitTick
 .text.HAL_IncTick
                0x0000000008003698       0x28 Drivers/STM32F4xx_HAL_Driver/Src/stm32f4xx_hal.o
                0x0000000008003698                HAL_IncTick
 .text.HAL_GetTick
                0x00000000080036c0       0x18 Drivers/STM32F4xx_HAL_Driver/Src/stm32f4xx_hal.o
                0x00000000080036c0                HAL_GetTick
 .text.HAL_Delay
                0x00000000080036d8       0x44 Drivers/STM32F4xx_HAL_Driver/Src/stm32f4xx_hal.o
                0x00000000080036d8                HAL_Delay
 .text.__NVIC_SetPriorityGrouping
                0x000000000800371c       0x48 Drivers/STM32F4xx_HAL_Driver/Src/stm32f4xx_hal_cortex.o
 .text.__NVIC_GetPriorityGrouping
                0x0000000008003764       0x1c Drivers/STM32F4xx_HAL_Driver/Src/stm32f4xx_hal_cortex.o
 .text.__NVIC_EnableIRQ
                0x0000000008003780       0x3c Drivers/STM32F4xx_HAL_Driver/Src/stm32f4xx_hal_cortex.o
 .text.__NVIC_SetPriority
                0x00000000080037bc       0x54 Drivers/STM32F4xx_HAL_Driver/Src/stm32f4xx_hal_cortex.o
 .text.NVIC_EncodePriority
                0x0000000008003810       0x66 Drivers/STM32F4xx_HAL_Driver/Src/stm32f4xx_hal_cortex.o
 *fill*         0x0000000008003876        0x2 
 .text.SysTick_Config
                0x0000000008003878       0x44 Drivers/STM32F4xx_HAL_Driver/Src/stm32f4xx_hal_cortex.o
 .text.HAL_NVIC_SetPriorityGrouping
                0x00000000080038bc       0x16 Drivers/STM32F4xx_HAL_Driver/Src/stm32f4xx_hal_cortex.o
                0x00000000080038bc                HAL_NVIC_SetPriorityGrouping
 .text.HAL_NVIC_SetPriority
                0x00000000080038d2       0x38 Drivers/STM32F4xx_HAL_Driver/Src/stm32f4xx_hal_cortex.o
                0x00000000080038d2                HAL_NVIC_SetPriority
 .text.HAL_NVIC_EnableIRQ
                0x000000000800390a       0x1c Drivers/STM32F4xx_HAL_Driver/Src/stm32f4xx_hal_cortex.o
                0x000000000800390a                HAL_NVIC_EnableIRQ
 .text.HAL_SYSTICK_Config
                0x0000000008003926       0x18 Drivers/STM32F4xx_HAL_Driver/Src/stm32f4xx_hal_cortex.o
                0x0000000008003926                HAL_SYSTICK_Config
 *fill*         0x000000000800393e        0x2 
 .text.HAL_DMA_Init
                0x0000000008003940      0x15c Drivers/STM32F4xx_HAL_Driver/Src/stm32f4xx_hal_dma.o
                0x0000000008003940                HAL_DMA_Init
 .text.HAL_DMA_Start_IT
                0x0000000008003a9c       0xb0 Drivers/STM32F4xx_HAL_Driver/Src/stm32f4xx_hal_dma.o
                0x0000000008003a9c                HAL_DMA_Start_IT
 .text.HAL_DMA_Abort_IT
                0x0000000008003b4c       0x44 Drivers/STM32F4xx_HAL_Driver/Src/stm32f4xx_hal_dma.o
                0x0000000008003b4c                HAL_DMA_Abort_IT
 .text.HAL_DMA_IRQHandler
                0x0000000008003b90      0x314 Drivers/STM32F4xx_HAL_Driver/Src/stm32f4xx_hal_dma.o
                0x0000000008003b90                HAL_DMA_IRQHandler
 .text.DMA_SetConfig
                0x0000000008003ea4       0x5c Drivers/STM32F4xx_HAL_Driver/Src/stm32f4xx_hal_dma.o
 .text.DMA_CalcBaseAndBitshift
                0x0000000008003f00       0x6c Drivers/STM32F4xx_HAL_Driver/Src/stm32f4xx_hal_dma.o
 .text.DMA_CheckFifoParam
                0x0000000008003f6c       0xf4 Drivers/STM32F4xx_HAL_Driver/Src/stm32f4xx_hal_dma.o
 .text.HAL_GPIO_Init
                0x0000000008004060      0x324 Drivers/STM32F4xx_HAL_Driver/Src/stm32f4xx_hal_gpio.o
                0x0000000008004060                HAL_GPIO_Init
 .text.HAL_GPIO_WritePin
                0x0000000008004384       0x32 Drivers/STM32F4xx_HAL_Driver/Src/stm32f4xx_hal_gpio.o
                0x0000000008004384                HAL_GPIO_WritePin
 *fill*         0x00000000080043b6        0x2 
 .text.HAL_RCC_ClockConfig
                0x00000000080043b8      0x1cc Drivers/STM32F4xx_HAL_Driver/Src/stm32f4xx_hal_rcc.o
                0x00000000080043b8                HAL_RCC_ClockConfig
 .text.HAL_RCC_GetHCLKFreq
                0x0000000008004584       0x18 Drivers/STM32F4xx_HAL_Driver/Src/stm32f4xx_hal_rcc.o
                0x0000000008004584                HAL_RCC_GetHCLKFreq
 .text.HAL_RCC_GetPCLK1Freq
                0x000000000800459c       0x28 Drivers/STM32F4xx_HAL_Driver/Src/stm32f4xx_hal_rcc.o
                0x000000000800459c                HAL_RCC_GetPCLK1Freq
 .text.HAL_RCC_GetPCLK2Freq
                0x00000000080045c4       0x28 Drivers/STM32F4xx_HAL_Driver/Src/stm32f4xx_hal_rcc.o
                0x00000000080045c4                HAL_RCC_GetPCLK2Freq
 .text.HAL_RCC_GetSysClockFreq
                0x00000000080045ec      0x340 Drivers/STM32F4xx_HAL_Driver/Src/stm32f4xx_hal_rcc_ex.o
                0x00000000080045ec                HAL_RCC_GetSysClockFreq
 .text.HAL_RCC_OscConfig
                0x000000000800492c      0x4b4 Drivers/STM32F4xx_HAL_Driver/Src/stm32f4xx_hal_rcc_ex.o
                0x000000000800492c                HAL_RCC_OscConfig
 .text.HAL_TIM_Base_Init
                0x0000000008004de0       0x56 Drivers/STM32F4xx_HAL_Driver/Src/stm32f4xx_hal_tim.o
                0x0000000008004de0                HAL_TIM_Base_Init
 .text.HAL_TIM_PWM_Init
                0x0000000008004e36       0x56 Drivers/STM32F4xx_HAL_Driver/Src/stm32f4xx_hal_tim.o
                0x0000000008004e36                HAL_TIM_PWM_Init
 .text.HAL_TIM_PWM_MspInit
                0x0000000008004e8c       0x14 Drivers/STM32F4xx_HAL_Driver/Src/stm32f4xx_hal_tim.o
                0x0000000008004e8c                HAL_TIM_PWM_MspInit
 .text.HAL_TIM_PWM_Start
                0x0000000008004ea0       0x7c Drivers/STM32F4xx_HAL_Driver/Src/stm32f4xx_hal_tim.o
                0x0000000008004ea0                HAL_TIM_PWM_Start
 .text.HAL_TIM_PWM_ConfigChannel
                0x0000000008004f1c      0x18c Drivers/STM32F4xx_HAL_Driver/Src/stm32f4xx_hal_tim.o
                0x0000000008004f1c                HAL_TIM_PWM_ConfigChannel
 .text.TIM_Base_SetConfig
                0x00000000080050a8      0x140 Drivers/STM32F4xx_HAL_Driver/Src/stm32f4xx_hal_tim.o
                0x00000000080050a8                TIM_Base_SetConfig
 .text.TIM_OC1_SetConfig
                0x00000000080051e8       0xe0 Drivers/STM32F4xx_HAL_Driver/Src/stm32f4xx_hal_tim.o
 .text.TIM_OC2_SetConfig
                0x00000000080052c8       0xec Drivers/STM32F4xx_HAL_Driver/Src/stm32f4xx_hal_tim.o
                0x00000000080052c8                TIM_OC2_SetConfig
 .text.TIM_OC3_SetConfig
                0x00000000080053b4       0xe8 Drivers/STM32F4xx_HAL_Driver/Src/stm32f4xx_hal_tim.o
 .text.TIM_OC4_SetConfig
                0x000000000800549c       0xac Drivers/STM32F4xx_HAL_Driver/Src/stm32f4xx_hal_tim.o
 .text.TIM_CCxChannelCmd
                0x0000000008005548       0x4a Drivers/STM32F4xx_HAL_Driver/Src/stm32f4xx_hal_tim.o
                0x0000000008005548                TIM_CCxChannelCmd
 .text.HAL_UART_Init
                0x0000000008005592       0x9a Drivers/STM32F4xx_HAL_Driver/Src/stm32f4xx_hal_uart.o
                0x0000000008005592                HAL_UART_Init
 .text.HAL_UART_Transmit_DMA
                0x000000000800562c       0xd8 Drivers/STM32F4xx_HAL_Driver/Src/stm32f4xx_hal_uart.o
                0x000000000800562c                HAL_UART_Transmit_DMA
 .text.HAL_UART_Receive_DMA
                0x0000000008005704      0x100 Drivers/STM32F4xx_HAL_Driver/Src/stm32f4xx_hal_uart.o
                0x0000000008005704                HAL_UART_Receive_DMA
 .text.HAL_UART_IRQHandler
                0x0000000008005804      0x200 Drivers/STM32F4xx_HAL_Driver/Src/stm32f4xx_hal_uart.o
                0x0000000008005804                HAL_UART_IRQHandler
 .text.HAL_UART_TxHalfCpltCallback
                0x0000000008005a04       0x14 Drivers/STM32F4xx_HAL_Driver/Src/stm32f4xx_hal_uart.o
                0x0000000008005a04                HAL_UART_TxHalfCpltCallback
 .text.HAL_UART_RxHalfCpltCallback
                0x0000000008005a18       0x14 Drivers/STM32F4xx_HAL_Driver/Src/stm32f4xx_hal_uart.o
                0x0000000008005a18                HAL_UART_RxHalfCpltCallback
 .text.HAL_UART_ErrorCallback
                0x0000000008005a2c       0x14 Drivers/STM32F4xx_HAL_Driver/Src/stm32f4xx_hal_uart.o
                0x0000000008005a2c                HAL_UART_ErrorCallback
 .text.UART_DMATransmitCplt
                0x0000000008005a40       0x52 Drivers/STM32F4xx_HAL_Driver/Src/stm32f4xx_hal_uart.o
 .text.UART_DMATxHalfCplt
                0x0000000008005a92       0x1c Drivers/STM32F4xx_HAL_Driver/Src/stm32f4xx_hal_uart.o
 .text.UART_DMAReceiveCplt
                0x0000000008005aae       0x68 Drivers/STM32F4xx_HAL_Driver/Src/stm32f4xx_hal_uart.o
 .text.UART_DMARxHalfCplt
                0x0000000008005b16       0x1c Drivers/STM32F4xx_HAL_Driver/Src/stm32f4xx_hal_uart.o
 .text.UART_DMAError
                0x0000000008005b32       0x94 Drivers/STM32F4xx_HAL_Driver/Src/stm32f4xx_hal_uart.o
 .text.UART_EndTxTransfer
                0x0000000008005bc6       0x2c Drivers/STM32F4xx_HAL_Driver/Src/stm32f4xx_hal_uart.o
 .text.UART_EndRxTransfer
                0x0000000008005bf2       0x3c Drivers/STM32F4xx_HAL_Driver/Src/stm32f4xx_hal_uart.o
 .text.UART_DMAAbortOnError
                0x0000000008005c2e       0x28 Drivers/STM32F4xx_HAL_Driver/Src/stm32f4xx_hal_uart.o
 .text.UART_Transmit_IT
                0x0000000008005c56       0xac Drivers/STM32F4xx_HAL_Driver/Src/stm32f4xx_hal_uart.o
 .text.UART_EndTransmit_IT
                0x0000000008005d02       0x30 Drivers/STM32F4xx_HAL_Driver/Src/stm32f4xx_hal_uart.o
 .text.UART_Receive_IT
                0x0000000008005d32      0x102 Drivers/STM32F4xx_HAL_Driver/Src/stm32f4xx_hal_uart.o
 .text.UART_SetConfig
                0x0000000008005e34      0x6f8 Drivers/STM32F4xx_HAL_Driver/Src/stm32f4xx_hal_uart.o
 .text.__cxa_pure_virtual
                0x000000000800652c        0x6 /opt/st/stm32cubeide_1.5.1/plugins/com.st.stm32cube.ide.mcu.externaltools.gnu-tools-for-stm32.7-2018-q2-update.linux64_1.5.0.202011040924/tools/bin/../lib/gcc/arm-none-eabi/7.3.1/../../../../arm-none-eabi/lib/thumb/v7e-m/fpv4-sp/hard/libstdc++_nano.a(pure.o)
                0x000000000800652c                __cxa_pure_virtual
 .text._ZN10__cxxabiv111__terminateEPFvvE
                0x0000000008006532        0x8 /opt/st/stm32cubeide_1.5.1/plugins/com.st.stm32cube.ide.mcu.externaltools.gnu-tools-for-stm32.7-2018-q2-update.linux64_1.5.0.202011040924/tools/bin/../lib/gcc/arm-none-eabi/7.3.1/../../../../arm-none-eabi/lib/thumb/v7e-m/fpv4-sp/hard/libstdc++_nano.a(eh_terminate.o)
                0x0000000008006532                __cxxabiv1::__terminate(void (*)())
 *fill*         0x000000000800653a        0x2 
 .text._ZSt13get_terminatev
                0x000000000800653c       0x10 /opt/st/stm32cubeide_1.5.1/plugins/com.st.stm32cube.ide.mcu.externaltools.gnu-tools-for-stm32.7-2018-q2-update.linux64_1.5.0.202011040924/tools/bin/../lib/gcc/arm-none-eabi/7.3.1/../../../../arm-none-eabi/lib/thumb/v7e-m/fpv4-sp/hard/libstdc++_nano.a(eh_terminate.o)
                0x000000000800653c                std::get_terminate()
 .text._ZSt9terminatev
                0x000000000800654c        0xa /opt/st/stm32cubeide_1.5.1/plugins/com.st.stm32cube.ide.mcu.externaltools.gnu-tools-for-stm32.7-2018-q2-update.linux64_1.5.0.202011040924/tools/bin/../lib/gcc/arm-none-eabi/7.3.1/../../../../arm-none-eabi/lib/thumb/v7e-m/fpv4-sp/hard/libstdc++_nano.a(eh_terminate.o)
                0x000000000800654c                std::terminate()
 .text.abort    0x0000000008006556        0xe /opt/st/stm32cubeide_1.5.1/plugins/com.st.stm32cube.ide.mcu.externaltools.gnu-tools-for-stm32.7-2018-q2-update.linux64_1.5.0.202011040924/tools/bin/../lib/gcc/arm-none-eabi/7.3.1/../../../../arm-none-eabi/lib/thumb/v7e-m/fpv4-sp/hard/libc_nano.a(lib_a-abort.o)
                0x0000000008006556                abort
 .text.__errno  0x0000000008006564        0xc /opt/st/stm32cubeide_1.5.1/plugins/com.st.stm32cube.ide.mcu.externaltools.gnu-tools-for-stm32.7-2018-q2-update.linux64_1.5.0.202011040924/tools/bin/../lib/gcc/arm-none-eabi/7.3.1/../../../../arm-none-eabi/lib/thumb/v7e-m/fpv4-sp/hard/libc_nano.a(lib_a-errno.o)
                0x0000000008006564                __errno
 .text.__libc_init_array
                0x0000000008006570       0x48 /opt/st/stm32cubeide_1.5.1/plugins/com.st.stm32cube.ide.mcu.externaltools.gnu-tools-for-stm32.7-2018-q2-update.linux64_1.5.0.202011040924/tools/bin/../lib/gcc/arm-none-eabi/7.3.1/../../../../arm-none-eabi/lib/thumb/v7e-m/fpv4-sp/hard/libc_nano.a(lib_a-init.o)
                0x0000000008006570                __libc_init_array
 .text.memcpy   0x00000000080065b8       0x16 /opt/st/stm32cubeide_1.5.1/plugins/com.st.stm32cube.ide.mcu.externaltools.gnu-tools-for-stm32.7-2018-q2-update.linux64_1.5.0.202011040924/tools/bin/../lib/gcc/arm-none-eabi/7.3.1/../../../../arm-none-eabi/lib/thumb/v7e-m/fpv4-sp/hard/libc_nano.a(lib_a-memcpy-stub.o)
                0x00000000080065b8                memcpy
 .text.memset   0x00000000080065ce       0x10 /opt/st/stm32cubeide_1.5.1/plugins/com.st.stm32cube.ide.mcu.externaltools.gnu-tools-for-stm32.7-2018-q2-update.linux64_1.5.0.202011040924/tools/bin/../lib/gcc/arm-none-eabi/7.3.1/../../../../arm-none-eabi/lib/thumb/v7e-m/fpv4-sp/hard/libc_nano.a(lib_a-memset.o)
                0x00000000080065ce                memset
 *fill*         0x00000000080065de        0x2 
 .text.realloc  0x00000000080065e0       0x10 /opt/st/stm32cubeide_1.5.1/plugins/com.st.stm32cube.ide.mcu.externaltools.gnu-tools-for-stm32.7-2018-q2-update.linux64_1.5.0.202011040924/tools/bin/../lib/gcc/arm-none-eabi/7.3.1/../../../../arm-none-eabi/lib/thumb/v7e-m/fpv4-sp/hard/libc_nano.a(lib_a-realloc.o)
                0x00000000080065e0                realloc
 .text._raise_r
                0x00000000080065f0       0x50 /opt/st/stm32cubeide_1.5.1/plugins/com.st.stm32cube.ide.mcu.externaltools.gnu-tools-for-stm32.7-2018-q2-update.linux64_1.5.0.202011040924/tools/bin/../lib/gcc/arm-none-eabi/7.3.1/../../../../arm-none-eabi/lib/thumb/v7e-m/fpv4-sp/hard/libc_nano.a(lib_a-signal.o)
                0x00000000080065f0                _raise_r
 .text.raise    0x0000000008006640       0x10 /opt/st/stm32cubeide_1.5.1/plugins/com.st.stm32cube.ide.mcu.externaltools.gnu-tools-for-stm32.7-2018-q2-update.linux64_1.5.0.202011040924/tools/bin/../lib/gcc/arm-none-eabi/7.3.1/../../../../arm-none-eabi/lib/thumb/v7e-m/fpv4-sp/hard/libc_nano.a(lib_a-signal.o)
                0x0000000008006640                raise
 .text._kill_r  0x0000000008006650       0x24 /opt/st/stm32cubeide_1.5.1/plugins/com.st.stm32cube.ide.mcu.externaltools.gnu-tools-for-stm32.7-2018-q2-update.linux64_1.5.0.202011040924/tools/bin/../lib/gcc/arm-none-eabi/7.3.1/../../../../arm-none-eabi/lib/thumb/v7e-m/fpv4-sp/hard/libc_nano.a(lib_a-signalr.o)
                0x0000000008006650                _kill_r
 .text._getpid_r
                0x0000000008006674        0x4 /opt/st/stm32cubeide_1.5.1/plugins/com.st.stm32cube.ide.mcu.externaltools.gnu-tools-for-stm32.7-2018-q2-update.linux64_1.5.0.202011040924/tools/bin/../lib/gcc/arm-none-eabi/7.3.1/../../../../arm-none-eabi/lib/thumb/v7e-m/fpv4-sp/hard/libc_nano.a(lib_a-signalr.o)
                0x0000000008006674                _getpid_r
 .text._malloc_r
                0x0000000008006678       0xb4 /opt/st/stm32cubeide_1.5.1/plugins/com.st.stm32cube.ide.mcu.externaltools.gnu-tools-for-stm32.7-2018-q2-update.linux64_1.5.0.202011040924/tools/bin/../lib/gcc/arm-none-eabi/7.3.1/../../../../arm-none-eabi/lib/thumb/v7e-m/fpv4-sp/hard/libc_nano.a(lib_a-nano-mallocr.o)
                0x0000000008006678                _malloc_r
 .text._realloc_r
                0x000000000800672c       0x4c /opt/st/stm32cubeide_1.5.1/plugins/com.st.stm32cube.ide.mcu.externaltools.gnu-tools-for-stm32.7-2018-q2-update.linux64_1.5.0.202011040924/tools/bin/../lib/gcc/arm-none-eabi/7.3.1/../../../../arm-none-eabi/lib/thumb/v7e-m/fpv4-sp/hard/libc_nano.a(lib_a-nano-reallocr.o)
                0x000000000800672c                _realloc_r
 .text._sbrk_r  0x0000000008006778       0x20 /opt/st/stm32cubeide_1.5.1/plugins/com.st.stm32cube.ide.mcu.externaltools.gnu-tools-for-stm32.7-2018-q2-update.linux64_1.5.0.202011040924/tools/bin/../lib/gcc/arm-none-eabi/7.3.1/../../../../arm-none-eabi/lib/thumb/v7e-m/fpv4-sp/hard/libc_nano.a(lib_a-sbrkr.o)
                0x0000000008006778                _sbrk_r
 .text.__malloc_lock
                0x0000000008006798        0x2 /opt/st/stm32cubeide_1.5.1/plugins/com.st.stm32cube.ide.mcu.externaltools.gnu-tools-for-stm32.7-2018-q2-update.linux64_1.5.0.202011040924/tools/bin/../lib/gcc/arm-none-eabi/7.3.1/../../../../arm-none-eabi/lib/thumb/v7e-m/fpv4-sp/hard/libc_nano.a(lib_a-mlock.o)
                0x0000000008006798                __malloc_lock
 .text.__malloc_unlock
                0x000000000800679a        0x2 /opt/st/stm32cubeide_1.5.1/plugins/com.st.stm32cube.ide.mcu.externaltools.gnu-tools-for-stm32.7-2018-q2-update.linux64_1.5.0.202011040924/tools/bin/../lib/gcc/arm-none-eabi/7.3.1/../../../../arm-none-eabi/lib/thumb/v7e-m/fpv4-sp/hard/libc_nano.a(lib_a-mlock.o)
                0x000000000800679a                __malloc_unlock
 .text._free_r  0x000000000800679c       0x9c /opt/st/stm32cubeide_1.5.1/plugins/com.st.stm32cube.ide.mcu.externaltools.gnu-tools-for-stm32.7-2018-q2-update.linux64_1.5.0.202011040924/tools/bin/../lib/gcc/arm-none-eabi/7.3.1/../../../../arm-none-eabi/lib/thumb/v7e-m/fpv4-sp/hard/libc_nano.a(lib_a-nano-freer.o)
                0x000000000800679c                _free_r
 .text._malloc_usable_size_r
                0x0000000008006838       0x10 /opt/st/stm32cubeide_1.5.1/plugins/com.st.stm32cube.ide.mcu.externaltools.gnu-tools-for-stm32.7-2018-q2-update.linux64_1.5.0.202011040924/tools/bin/../lib/gcc/arm-none-eabi/7.3.1/../../../../arm-none-eabi/lib/thumb/v7e-m/fpv4-sp/hard/libc_nano.a(lib_a-nano-msizer.o)
                0x0000000008006838                _malloc_usable_size_r
 *(.glue_7)
 .glue_7        0x0000000008006848        0x0 linker stubs
 *(.glue_7t)
 .glue_7t       0x0000000008006848        0x0 linker stubs
 *(.eh_frame)
 .eh_frame      0x0000000008006848        0x0 /opt/st/stm32cubeide_1.5.1/plugins/com.st.stm32cube.ide.mcu.externaltools.gnu-tools-for-stm32.7-2018-q2-update.linux64_1.5.0.202011040924/tools/bin/../lib/gcc/arm-none-eabi/7.3.1/thumb/v7e-m/fpv4-sp/hard/crtbegin.o
 *(.init)
 .init          0x0000000008006848        0x4 /opt/st/stm32cubeide_1.5.1/plugins/com.st.stm32cube.ide.mcu.externaltools.gnu-tools-for-stm32.7-2018-q2-update.linux64_1.5.0.202011040924/tools/bin/../lib/gcc/arm-none-eabi/7.3.1/thumb/v7e-m/fpv4-sp/hard/crti.o
                0x0000000008006848                _init
 .init          0x000000000800684c        0x8 /opt/st/stm32cubeide_1.5.1/plugins/com.st.stm32cube.ide.mcu.externaltools.gnu-tools-for-stm32.7-2018-q2-update.linux64_1.5.0.202011040924/tools/bin/../lib/gcc/arm-none-eabi/7.3.1/thumb/v7e-m/fpv4-sp/hard/crtn.o
 *(.fini)
 .fini          0x0000000008006854        0x4 /opt/st/stm32cubeide_1.5.1/plugins/com.st.stm32cube.ide.mcu.externaltools.gnu-tools-for-stm32.7-2018-q2-update.linux64_1.5.0.202011040924/tools/bin/../lib/gcc/arm-none-eabi/7.3.1/thumb/v7e-m/fpv4-sp/hard/crti.o
                0x0000000008006854                _fini
 .fini          0x0000000008006858        0x8 /opt/st/stm32cubeide_1.5.1/plugins/com.st.stm32cube.ide.mcu.externaltools.gnu-tools-for-stm32.7-2018-q2-update.linux64_1.5.0.202011040924/tools/bin/../lib/gcc/arm-none-eabi/7.3.1/thumb/v7e-m/fpv4-sp/hard/crtn.o
                0x0000000008006860                . = ALIGN (0x4)
                0x0000000008006860                _etext = .

.vfp11_veneer   0x0000000008006860        0x0
 .vfp11_veneer  0x0000000008006860        0x0 linker stubs

.v4_bx          0x0000000008006860        0x0
 .v4_bx         0x0000000008006860        0x0 linker stubs

.iplt           0x0000000008006860        0x0
 .iplt          0x0000000008006860        0x0 /opt/st/stm32cubeide_1.5.1/plugins/com.st.stm32cube.ide.mcu.externaltools.gnu-tools-for-stm32.7-2018-q2-update.linux64_1.5.0.202011040924/tools/bin/../lib/gcc/arm-none-eabi/7.3.1/thumb/v7e-m/fpv4-sp/hard/crtbegin.o

.rodata         0x0000000008006860      0x334
                0x0000000008006860                . = ALIGN (0x4)
 *(.rodata)
 .rodata        0x0000000008006860      0x1e0 Core/Src/mainpp.o
 *(.rodata*)
 .rodata._ZN14rosserial_msgsL12REQUESTPARAME
                0x0000000008006a40       0x1c Core/Src/mainpp.o
 .rodata._ZTVN3ros10SubscriberIN8std_msgs14ByteMultiArrayEvEE
                0x0000000008006a5c       0x18 Core/Src/mainpp.o
                0x0000000008006a5c                vtable for ros::Subscriber<std_msgs::ByteMultiArray, void>
 .rodata._ZTVN3ros11NodeHandle_I13STM32HardwareLi25ELi25ELi512ELi512EEE
                0x0000000008006a74       0x14 Core/Src/mainpp.o
                0x0000000008006a74                vtable for ros::NodeHandle_<STM32Hardware, 25, 25, 512, 512>
 .rodata._ZTVN8std_msgs14ByteMultiArrayE
                0x0000000008006a88       0x18 Core/Src/mainpp.o
                0x0000000008006a88                vtable for std_msgs::ByteMultiArray
 .rodata._ZTVN8std_msgs16MultiArrayLayoutE
                0x0000000008006aa0       0x18 Core/Src/mainpp.o
                0x0000000008006aa0                vtable for std_msgs::MultiArrayLayout
 .rodata._ZTVN8std_msgs19MultiArrayDimensionE
                0x0000000008006ab8       0x18 Core/Src/mainpp.o
                0x0000000008006ab8                vtable for std_msgs::MultiArrayDimension
 .rodata._ZTVN3ros11Subscriber_E
                0x0000000008006ad0       0x18 Core/Src/mainpp.o
                0x0000000008006ad0                vtable for ros::Subscriber_
 .rodata._ZTVN3ros15NodeHandleBase_E
                0x0000000008006ae8       0x14 Core/Src/mainpp.o
                0x0000000008006ae8                vtable for ros::NodeHandleBase_
 .rodata._ZTVN14rosserial_msgs20RequestParamResponseE
                0x0000000008006afc       0x18 Core/Src/mainpp.o
                0x0000000008006afc                vtable for rosserial_msgs::RequestParamResponse
 .rodata._ZTVN14rosserial_msgs3LogE
                0x0000000008006b14       0x18 Core/Src/mainpp.o
                0x0000000008006b14                vtable for rosserial_msgs::Log
 .rodata._ZTVN14rosserial_msgs9TopicInfoE
                0x0000000008006b2c       0x18 Core/Src/mainpp.o
                0x0000000008006b2c                vtable for rosserial_msgs::TopicInfo
 .rodata._ZTVN8std_msgs4TimeE
                0x0000000008006b44       0x18 Core/Src/mainpp.o
                0x0000000008006b44                vtable for std_msgs::Time
 .rodata._ZTVN3ros3MsgE
                0x0000000008006b5c       0x18 Core/Src/mainpp.o
                0x0000000008006b5c                vtable for ros::Msg
 .rodata.AHBPrescTable
                0x0000000008006b74       0x10 Core/Src/system_stm32f4xx.o
                0x0000000008006b74                AHBPrescTable
 .rodata.APBPrescTable
                0x0000000008006b84        0x8 Core/Src/system_stm32f4xx.o
                0x0000000008006b84                APBPrescTable
 .rodata.flagBitshiftOffset.8173
                0x0000000008006b8c        0x8 Drivers/STM32F4xx_HAL_Driver/Src/stm32f4xx_hal_dma.o
                0x0000000008006b94                . = ALIGN (0x4)

.ARM.extab      0x0000000008006b94        0x0
                0x0000000008006b94                . = ALIGN (0x4)
 *(.ARM.extab* .gnu.linkonce.armextab.*)
                0x0000000008006b94                . = ALIGN (0x4)

.ARM            0x0000000008006b94        0x8
                0x0000000008006b94                . = ALIGN (0x4)
                0x0000000008006b94                __exidx_start = .
 *(.ARM.exidx*)
 .ARM.exidx     0x0000000008006b94        0x8 /opt/st/stm32cubeide_1.5.1/plugins/com.st.stm32cube.ide.mcu.externaltools.gnu-tools-for-stm32.7-2018-q2-update.linux64_1.5.0.202011040924/tools/bin/../lib/gcc/arm-none-eabi/7.3.1/thumb/v7e-m/fpv4-sp/hard/libgcc.a(_udivmoddi4.o)
                0x0000000008006b9c                __exidx_end = .
                0x0000000008006b9c                . = ALIGN (0x4)

.rel.dyn        0x0000000008006b9c        0x0
 .rel.iplt      0x0000000008006b9c        0x0 /opt/st/stm32cubeide_1.5.1/plugins/com.st.stm32cube.ide.mcu.externaltools.gnu-tools-for-stm32.7-2018-q2-update.linux64_1.5.0.202011040924/tools/bin/../lib/gcc/arm-none-eabi/7.3.1/thumb/v7e-m/fpv4-sp/hard/crtbegin.o

.preinit_array  0x0000000008006b9c        0x0
                0x0000000008006b9c                . = ALIGN (0x4)
                0x0000000008006b9c                PROVIDE (__preinit_array_start = .)
 *(.preinit_array*)
                0x0000000008006b9c                PROVIDE (__preinit_array_end = .)
                0x0000000008006b9c                . = ALIGN (0x4)

.init_array     0x0000000008006b9c        0xc
                0x0000000008006b9c                . = ALIGN (0x4)
                0x0000000008006b9c                PROVIDE (__init_array_start = .)
 *(SORT_BY_NAME(.init_array.*))
 *(.init_array*)
 .init_array    0x0000000008006b9c        0x4 /opt/st/stm32cubeide_1.5.1/plugins/com.st.stm32cube.ide.mcu.externaltools.gnu-tools-for-stm32.7-2018-q2-update.linux64_1.5.0.202011040924/tools/bin/../lib/gcc/arm-none-eabi/7.3.1/thumb/v7e-m/fpv4-sp/hard/crtbegin.o
 .init_array    0x0000000008006ba0        0x4 Core/Src/BufferedSerial.o
 .init_array    0x0000000008006ba4        0x4 Core/Src/mainpp.o
                0x0000000008006ba8                PROVIDE (__init_array_end = .)
                0x0000000008006ba8                . = ALIGN (0x4)

.fini_array     0x0000000008006ba8        0x4
                0x0000000008006ba8                . = ALIGN (0x4)
                [!provide]                        PROVIDE (__fini_array_start = .)
 *(SORT_BY_NAME(.fini_array.*))
 *(.fini_array*)
 .fini_array    0x0000000008006ba8        0x4 /opt/st/stm32cubeide_1.5.1/plugins/com.st.stm32cube.ide.mcu.externaltools.gnu-tools-for-stm32.7-2018-q2-update.linux64_1.5.0.202011040924/tools/bin/../lib/gcc/arm-none-eabi/7.3.1/thumb/v7e-m/fpv4-sp/hard/crtbegin.o
                [!provide]                        PROVIDE (__fini_array_end = .)
                0x0000000008006bac                . = ALIGN (0x4)
                0x0000000008006bac                _sidata = LOADADDR (.data)

.data           0x0000000020000000       0x78 load address 0x0000000008006bac
                0x0000000020000000                . = ALIGN (0x4)
                0x0000000020000000                _sdata = .
 *(.data)
 *(.data*)
 .data.current_speed
                0x0000000020000000        0x4 Core/Src/mainpp.o
                0x0000000020000000                current_speed
 .data.SystemCoreClock
                0x0000000020000004        0x4 Core/Src/system_stm32f4xx.o
                0x0000000020000004                SystemCoreClock
 .data.uwTickPrio
                0x0000000020000008        0x4 Drivers/STM32F4xx_HAL_Driver/Src/stm32f4xx_hal.o
                0x0000000020000008                uwTickPrio
 .data.uwTickFreq
                0x000000002000000c        0x1 Drivers/STM32F4xx_HAL_Driver/Src/stm32f4xx_hal.o
                0x000000002000000c                uwTickFreq
 *fill*         0x000000002000000d        0x3 
 .data._ZN10__cxxabiv119__terminate_handlerE
                0x0000000020000010        0x4 /opt/st/stm32cubeide_1.5.1/plugins/com.st.stm32cube.ide.mcu.externaltools.gnu-tools-for-stm32.7-2018-q2-update.linux64_1.5.0.202011040924/tools/bin/../lib/gcc/arm-none-eabi/7.3.1/../../../../arm-none-eabi/lib/thumb/v7e-m/fpv4-sp/hard/libstdc++_nano.a(eh_term_handler.o)
                0x0000000020000010                __cxxabiv1::__terminate_handler
 .data._impure_ptr
                0x0000000020000014        0x4 /opt/st/stm32cubeide_1.5.1/plugins/com.st.stm32cube.ide.mcu.externaltools.gnu-tools-for-stm32.7-2018-q2-update.linux64_1.5.0.202011040924/tools/bin/../lib/gcc/arm-none-eabi/7.3.1/../../../../arm-none-eabi/lib/thumb/v7e-m/fpv4-sp/hard/libc_nano.a(lib_a-impure.o)
                0x0000000020000014                _impure_ptr
 .data.impure_data
                0x0000000020000018       0x60 /opt/st/stm32cubeide_1.5.1/plugins/com.st.stm32cube.ide.mcu.externaltools.gnu-tools-for-stm32.7-2018-q2-update.linux64_1.5.0.202011040924/tools/bin/../lib/gcc/arm-none-eabi/7.3.1/../../../../arm-none-eabi/lib/thumb/v7e-m/fpv4-sp/hard/libc_nano.a(lib_a-impure.o)
 *(.RamFunc)
 *(.RamFunc*)
                0x0000000020000078                . = ALIGN (0x4)
                0x0000000020000078                _edata = .

.igot.plt       0x0000000020000078        0x0 load address 0x0000000008006c24
 .igot.plt      0x0000000020000078        0x0 /opt/st/stm32cubeide_1.5.1/plugins/com.st.stm32cube.ide.mcu.externaltools.gnu-tools-for-stm32.7-2018-q2-update.linux64_1.5.0.202011040924/tools/bin/../lib/gcc/arm-none-eabi/7.3.1/thumb/v7e-m/fpv4-sp/hard/crtbegin.o
                0x0000000020000078                . = ALIGN (0x4)

.bss            0x0000000020000078      0xb44 load address 0x0000000008006c24
                0x0000000020000078                _sbss = .
                0x0000000020000078                __bss_start__ = _sbss
 *(.bss)
 .bss           0x0000000020000078       0x1c /opt/st/stm32cubeide_1.5.1/plugins/com.st.stm32cube.ide.mcu.externaltools.gnu-tools-for-stm32.7-2018-q2-update.linux64_1.5.0.202011040924/tools/bin/../lib/gcc/arm-none-eabi/7.3.1/thumb/v7e-m/fpv4-sp/hard/crtbegin.o
 *(.bss*)
 .bss.buff_serial
                0x0000000020000094      0x40c Core/Src/BufferedSerial.o
                0x0000000020000094                buff_serial
 .bss._ZZN14BufferedSerial15flush_tx_bufferEvE5mutex
                0x00000000200004a0        0x1 Core/Src/BufferedSerial.o
 *fill*         0x00000000200004a1        0x3 
 .bss.linear    0x00000000200004a4        0x4 Core/Src/mainpp.o
                0x00000000200004a4                linear
 .bss.angular   0x00000000200004a8        0x4 Core/Src/mainpp.o
                0x00000000200004a8                angular
 .bss.l_flag    0x00000000200004ac        0x4 Core/Src/mainpp.o
                0x00000000200004ac                l_flag
 .bss.r_flag    0x00000000200004b0        0x4 Core/Src/mainpp.o
                0x00000000200004b0                r_flag
 .bss.nh        0x00000000200004b4      0x530 Core/Src/mainpp.o
                0x00000000200004b4                nh
 .bss.base_sub  0x00000000200009e4       0x44 Core/Src/mainpp.o
                0x00000000200009e4                base_sub
 .bss.__sbrk_heap_end
                0x0000000020000a28        0x4 Core/Src/sysmem.o
 .bss.__malloc_free_list
                0x0000000020000a2c        0x4 /opt/st/stm32cubeide_1.5.1/plugins/com.st.stm32cube.ide.mcu.externaltools.gnu-tools-for-stm32.7-2018-q2-update.linux64_1.5.0.202011040924/tools/bin/../lib/gcc/arm-none-eabi/7.3.1/../../../../arm-none-eabi/lib/thumb/v7e-m/fpv4-sp/hard/libc_nano.a(lib_a-nano-mallocr.o)
                0x0000000020000a2c                __malloc_free_list
 .bss.__malloc_sbrk_start
                0x0000000020000a30        0x4 /opt/st/stm32cubeide_1.5.1/plugins/com.st.stm32cube.ide.mcu.externaltools.gnu-tools-for-stm32.7-2018-q2-update.linux64_1.5.0.202011040924/tools/bin/../lib/gcc/arm-none-eabi/7.3.1/../../../../arm-none-eabi/lib/thumb/v7e-m/fpv4-sp/hard/libc_nano.a(lib_a-nano-mallocr.o)
                0x0000000020000a30                __malloc_sbrk_start
 *(COMMON)
 COMMON         0x0000000020000a34      0x180 Core/Src/main.o
                0x0000000020000a34                hdma_usart2_rx
                0x0000000020000a94                htim10
                0x0000000020000ad4                hdma_usart2_tx
                0x0000000020000b34                htim11
                0x0000000020000b74                huart2
 COMMON         0x0000000020000bb4        0x4 Drivers/STM32F4xx_HAL_Driver/Src/stm32f4xx_hal.o
                0x0000000020000bb4                uwTick
 COMMON         0x0000000020000bb8        0x4 /opt/st/stm32cubeide_1.5.1/plugins/com.st.stm32cube.ide.mcu.externaltools.gnu-tools-for-stm32.7-2018-q2-update.linux64_1.5.0.202011040924/tools/bin/../lib/gcc/arm-none-eabi/7.3.1/../../../../arm-none-eabi/lib/thumb/v7e-m/fpv4-sp/hard/libc_nano.a(lib_a-reent.o)
                0x0000000020000bb8                errno
                0x0000000020000bbc                . = ALIGN (0x4)
                0x0000000020000bbc                _ebss = .
                0x0000000020000bbc                __bss_end__ = _ebss

._user_heap_stack
                0x0000000020000bbc      0x604 load address 0x0000000008006c24
                0x0000000020000bc0                . = ALIGN (0x8)
 *fill*         0x0000000020000bbc        0x4 
                [!provide]                        PROVIDE (end = .)
                0x0000000020000bc0                PROVIDE (_end = .)
                0x0000000020000dc0                . = (. + _Min_Heap_Size)
 *fill*         0x0000000020000bc0      0x200 
                0x00000000200011c0                . = (. + _Min_Stack_Size)
 *fill*         0x0000000020000dc0      0x400 
                0x00000000200011c0                . = ALIGN (0x8)

/DISCARD/
 libc.a(*)
 libm.a(*)
 libgcc.a(*)

.ARM.attributes
                0x0000000000000000       0x30
 *(.ARM.attributes)
 .ARM.attributes
                0x0000000000000000       0x22 /opt/st/stm32cubeide_1.5.1/plugins/com.st.stm32cube.ide.mcu.externaltools.gnu-tools-for-stm32.7-2018-q2-update.linux64_1.5.0.202011040924/tools/bin/../lib/gcc/arm-none-eabi/7.3.1/thumb/v7e-m/fpv4-sp/hard/crti.o
 .ARM.attributes
                0x0000000000000022       0x34 /opt/st/stm32cubeide_1.5.1/plugins/com.st.stm32cube.ide.mcu.externaltools.gnu-tools-for-stm32.7-2018-q2-update.linux64_1.5.0.202011040924/tools/bin/../lib/gcc/arm-none-eabi/7.3.1/thumb/v7e-m/fpv4-sp/hard/crtbegin.o
 .ARM.attributes
                0x0000000000000056       0x39 Core/Src/BufferedSerial.o
 .ARM.attributes
                0x000000000000008f       0x39 Core/Src/main.o
 .ARM.attributes
                0x00000000000000c8       0x39 Core/Src/mainpp.o
 .ARM.attributes
                0x0000000000000101       0x39 Core/Src/stm32f4xx_hal_msp.o
 .ARM.attributes
                0x000000000000013a       0x39 Core/Src/stm32f4xx_it.o
 .ARM.attributes
                0x0000000000000173       0x39 Core/Src/syscalls.o
 .ARM.attributes
                0x00000000000001ac       0x39 Core/Src/sysmem.o
 .ARM.attributes
                0x00000000000001e5       0x39 Core/Src/system_stm32f4xx.o
 .ARM.attributes
                0x000000000000021e       0x39 Core/Src/time.o
 .ARM.attributes
                0x0000000000000257       0x21 Core/Startup/startup_stm32f446retx.o
 .ARM.attributes
                0x0000000000000278       0x39 Drivers/STM32F4xx_HAL_Driver/Src/stm32f4xx_hal.o
 .ARM.attributes
                0x00000000000002b1       0x39 Drivers/STM32F4xx_HAL_Driver/Src/stm32f4xx_hal_cortex.o
 .ARM.attributes
                0x00000000000002ea       0x39 Drivers/STM32F4xx_HAL_Driver/Src/stm32f4xx_hal_dma.o
 .ARM.attributes
                0x0000000000000323       0x39 Drivers/STM32F4xx_HAL_Driver/Src/stm32f4xx_hal_gpio.o
 .ARM.attributes
                0x000000000000035c       0x39 Drivers/STM32F4xx_HAL_Driver/Src/stm32f4xx_hal_rcc.o
 .ARM.attributes
                0x0000000000000395       0x39 Drivers/STM32F4xx_HAL_Driver/Src/stm32f4xx_hal_rcc_ex.o
 .ARM.attributes
                0x00000000000003ce       0x39 Drivers/STM32F4xx_HAL_Driver/Src/stm32f4xx_hal_tim.o
 .ARM.attributes
                0x0000000000000407       0x39 Drivers/STM32F4xx_HAL_Driver/Src/stm32f4xx_hal_uart.o
 .ARM.attributes
                0x0000000000000440       0x34 /opt/st/stm32cubeide_1.5.1/plugins/com.st.stm32cube.ide.mcu.externaltools.gnu-tools-for-stm32.7-2018-q2-update.linux64_1.5.0.202011040924/tools/bin/../lib/gcc/arm-none-eabi/7.3.1/../../../../arm-none-eabi/lib/thumb/v7e-m/fpv4-sp/hard/libstdc++_nano.a(pure.o)
 .ARM.attributes
                0x0000000000000474       0x34 /opt/st/stm32cubeide_1.5.1/plugins/com.st.stm32cube.ide.mcu.externaltools.gnu-tools-for-stm32.7-2018-q2-update.linux64_1.5.0.202011040924/tools/bin/../lib/gcc/arm-none-eabi/7.3.1/../../../../arm-none-eabi/lib/thumb/v7e-m/fpv4-sp/hard/libstdc++_nano.a(eh_terminate.o)
 .ARM.attributes
                0x00000000000004a8       0x34 /opt/st/stm32cubeide_1.5.1/plugins/com.st.stm32cube.ide.mcu.externaltools.gnu-tools-for-stm32.7-2018-q2-update.linux64_1.5.0.202011040924/tools/bin/../lib/gcc/arm-none-eabi/7.3.1/../../../../arm-none-eabi/lib/thumb/v7e-m/fpv4-sp/hard/libstdc++_nano.a(eh_term_handler.o)
 .ARM.attributes
                0x00000000000004dc       0x34 /opt/st/stm32cubeide_1.5.1/plugins/com.st.stm32cube.ide.mcu.externaltools.gnu-tools-for-stm32.7-2018-q2-update.linux64_1.5.0.202011040924/tools/bin/../lib/gcc/arm-none-eabi/7.3.1/../../../../arm-none-eabi/lib/thumb/v7e-m/fpv4-sp/hard/libc_nano.a(lib_a-abort.o)
 .ARM.attributes
                0x0000000000000510       0x34 /opt/st/stm32cubeide_1.5.1/plugins/com.st.stm32cube.ide.mcu.externaltools.gnu-tools-for-stm32.7-2018-q2-update.linux64_1.5.0.202011040924/tools/bin/../lib/gcc/arm-none-eabi/7.3.1/../../../../arm-none-eabi/lib/thumb/v7e-m/fpv4-sp/hard/libc_nano.a(lib_a-errno.o)
 .ARM.attributes
                0x0000000000000544       0x34 /opt/st/stm32cubeide_1.5.1/plugins/com.st.stm32cube.ide.mcu.externaltools.gnu-tools-for-stm32.7-2018-q2-update.linux64_1.5.0.202011040924/tools/bin/../lib/gcc/arm-none-eabi/7.3.1/../../../../arm-none-eabi/lib/thumb/v7e-m/fpv4-sp/hard/libc_nano.a(lib_a-impure.o)
 .ARM.attributes
                0x0000000000000578       0x34 /opt/st/stm32cubeide_1.5.1/plugins/com.st.stm32cube.ide.mcu.externaltools.gnu-tools-for-stm32.7-2018-q2-update.linux64_1.5.0.202011040924/tools/bin/../lib/gcc/arm-none-eabi/7.3.1/../../../../arm-none-eabi/lib/thumb/v7e-m/fpv4-sp/hard/libc_nano.a(lib_a-init.o)
 .ARM.attributes
                0x00000000000005ac       0x34 /opt/st/stm32cubeide_1.5.1/plugins/com.st.stm32cube.ide.mcu.externaltools.gnu-tools-for-stm32.7-2018-q2-update.linux64_1.5.0.202011040924/tools/bin/../lib/gcc/arm-none-eabi/7.3.1/../../../../arm-none-eabi/lib/thumb/v7e-m/fpv4-sp/hard/libc_nano.a(lib_a-memcpy-stub.o)
 .ARM.attributes
                0x00000000000005e0       0x34 /opt/st/stm32cubeide_1.5.1/plugins/com.st.stm32cube.ide.mcu.externaltools.gnu-tools-for-stm32.7-2018-q2-update.linux64_1.5.0.202011040924/tools/bin/../lib/gcc/arm-none-eabi/7.3.1/../../../../arm-none-eabi/lib/thumb/v7e-m/fpv4-sp/hard/libc_nano.a(lib_a-memset.o)
 .ARM.attributes
                0x0000000000000614       0x34 /opt/st/stm32cubeide_1.5.1/plugins/com.st.stm32cube.ide.mcu.externaltools.gnu-tools-for-stm32.7-2018-q2-update.linux64_1.5.0.202011040924/tools/bin/../lib/gcc/arm-none-eabi/7.3.1/../../../../arm-none-eabi/lib/thumb/v7e-m/fpv4-sp/hard/libc_nano.a(lib_a-realloc.o)
 .ARM.attributes
                0x0000000000000648       0x34 /opt/st/stm32cubeide_1.5.1/plugins/com.st.stm32cube.ide.mcu.externaltools.gnu-tools-for-stm32.7-2018-q2-update.linux64_1.5.0.202011040924/tools/bin/../lib/gcc/arm-none-eabi/7.3.1/../../../../arm-none-eabi/lib/thumb/v7e-m/fpv4-sp/hard/libc_nano.a(lib_a-signal.o)
 .ARM.attributes
                0x000000000000067c       0x34 /opt/st/stm32cubeide_1.5.1/plugins/com.st.stm32cube.ide.mcu.externaltools.gnu-tools-for-stm32.7-2018-q2-update.linux64_1.5.0.202011040924/tools/bin/../lib/gcc/arm-none-eabi/7.3.1/../../../../arm-none-eabi/lib/thumb/v7e-m/fpv4-sp/hard/libc_nano.a(lib_a-signalr.o)
 .ARM.attributes
                0x00000000000006b0       0x1b /opt/st/stm32cubeide_1.5.1/plugins/com.st.stm32cube.ide.mcu.externaltools.gnu-tools-for-stm32.7-2018-q2-update.linux64_1.5.0.202011040924/tools/bin/../lib/gcc/arm-none-eabi/7.3.1/../../../../arm-none-eabi/lib/thumb/v7e-m/fpv4-sp/hard/libc_nano.a(lib_a-strlen.o)
 .ARM.attributes
                0x00000000000006cb       0x34 /opt/st/stm32cubeide_1.5.1/plugins/com.st.stm32cube.ide.mcu.externaltools.gnu-tools-for-stm32.7-2018-q2-update.linux64_1.5.0.202011040924/tools/bin/../lib/gcc/arm-none-eabi/7.3.1/../../../../arm-none-eabi/lib/thumb/v7e-m/fpv4-sp/hard/libc_nano.a(lib_a-nano-mallocr.o)
 .ARM.attributes
                0x00000000000006ff       0x34 /opt/st/stm32cubeide_1.5.1/plugins/com.st.stm32cube.ide.mcu.externaltools.gnu-tools-for-stm32.7-2018-q2-update.linux64_1.5.0.202011040924/tools/bin/../lib/gcc/arm-none-eabi/7.3.1/../../../../arm-none-eabi/lib/thumb/v7e-m/fpv4-sp/hard/libc_nano.a(lib_a-nano-reallocr.o)
 .ARM.attributes
                0x0000000000000733       0x34 /opt/st/stm32cubeide_1.5.1/plugins/com.st.stm32cube.ide.mcu.externaltools.gnu-tools-for-stm32.7-2018-q2-update.linux64_1.5.0.202011040924/tools/bin/../lib/gcc/arm-none-eabi/7.3.1/../../../../arm-none-eabi/lib/thumb/v7e-m/fpv4-sp/hard/libc_nano.a(lib_a-reent.o)
 .ARM.attributes
                0x0000000000000767       0x34 /opt/st/stm32cubeide_1.5.1/plugins/com.st.stm32cube.ide.mcu.externaltools.gnu-tools-for-stm32.7-2018-q2-update.linux64_1.5.0.202011040924/tools/bin/../lib/gcc/arm-none-eabi/7.3.1/../../../../arm-none-eabi/lib/thumb/v7e-m/fpv4-sp/hard/libc_nano.a(lib_a-sbrkr.o)
 .ARM.attributes
                0x000000000000079b       0x34 /opt/st/stm32cubeide_1.5.1/plugins/com.st.stm32cube.ide.mcu.externaltools.gnu-tools-for-stm32.7-2018-q2-update.linux64_1.5.0.202011040924/tools/bin/../lib/gcc/arm-none-eabi/7.3.1/../../../../arm-none-eabi/lib/thumb/v7e-m/fpv4-sp/hard/libc_nano.a(lib_a-mlock.o)
 .ARM.attributes
                0x00000000000007cf       0x34 /opt/st/stm32cubeide_1.5.1/plugins/com.st.stm32cube.ide.mcu.externaltools.gnu-tools-for-stm32.7-2018-q2-update.linux64_1.5.0.202011040924/tools/bin/../lib/gcc/arm-none-eabi/7.3.1/../../../../arm-none-eabi/lib/thumb/v7e-m/fpv4-sp/hard/libc_nano.a(lib_a-nano-freer.o)
 .ARM.attributes
                0x0000000000000803       0x34 /opt/st/stm32cubeide_1.5.1/plugins/com.st.stm32cube.ide.mcu.externaltools.gnu-tools-for-stm32.7-2018-q2-update.linux64_1.5.0.202011040924/tools/bin/../lib/gcc/arm-none-eabi/7.3.1/../../../../arm-none-eabi/lib/thumb/v7e-m/fpv4-sp/hard/libc_nano.a(lib_a-nano-msizer.o)
 .ARM.attributes
                0x0000000000000837       0x22 /opt/st/stm32cubeide_1.5.1/plugins/com.st.stm32cube.ide.mcu.externaltools.gnu-tools-for-stm32.7-2018-q2-update.linux64_1.5.0.202011040924/tools/bin/../lib/gcc/arm-none-eabi/7.3.1/thumb/v7e-m/fpv4-sp/hard/libgcc.a(_aeabi_uldivmod.o)
 .ARM.attributes
                0x0000000000000859       0x34 /opt/st/stm32cubeide_1.5.1/plugins/com.st.stm32cube.ide.mcu.externaltools.gnu-tools-for-stm32.7-2018-q2-update.linux64_1.5.0.202011040924/tools/bin/../lib/gcc/arm-none-eabi/7.3.1/thumb/v7e-m/fpv4-sp/hard/libgcc.a(_udivmoddi4.o)
 .ARM.attributes
                0x000000000000088d       0x22 /opt/st/stm32cubeide_1.5.1/plugins/com.st.stm32cube.ide.mcu.externaltools.gnu-tools-for-stm32.7-2018-q2-update.linux64_1.5.0.202011040924/tools/bin/../lib/gcc/arm-none-eabi/7.3.1/thumb/v7e-m/fpv4-sp/hard/libgcc.a(_dvmd_tls.o)
 .ARM.attributes
                0x00000000000008af       0x22 /opt/st/stm32cubeide_1.5.1/plugins/com.st.stm32cube.ide.mcu.externaltools.gnu-tools-for-stm32.7-2018-q2-update.linux64_1.5.0.202011040924/tools/bin/../lib/gcc/arm-none-eabi/7.3.1/thumb/v7e-m/fpv4-sp/hard/crtn.o
OUTPUT(base_tele.elf elf32-littlearm)

.debug_info     0x0000000000000000    0x1346a
 .debug_info    0x0000000000000000     0x1240 Core/Src/BufferedSerial.o
 .debug_info    0x0000000000001240     0x116b Core/Src/main.o
 .debug_info    0x00000000000023ab     0x5588 Core/Src/mainpp.o
 .debug_info    0x0000000000007933      0xf4f Core/Src/stm32f4xx_hal_msp.o
 .debug_info    0x0000000000008882      0x6bd Core/Src/stm32f4xx_it.o
 .debug_info    0x0000000000008f3f      0xebd Core/Src/syscalls.o
 .debug_info    0x0000000000009dfc      0x985 Core/Src/sysmem.o
 .debug_info    0x000000000000a781      0x588 Core/Src/system_stm32f4xx.o
 .debug_info    0x000000000000ad09     0x13e9 Core/Src/time.o
 .debug_info    0x000000000000c0f2       0x22 Core/Startup/startup_stm32f446retx.o
 .debug_info    0x000000000000c114      0x997 Drivers/STM32F4xx_HAL_Driver/Src/stm32f4xx_hal.o
 .debug_info    0x000000000000caab      0xe46 Drivers/STM32F4xx_HAL_Driver/Src/stm32f4xx_hal_cortex.o
 .debug_info    0x000000000000d8f1      0x968 Drivers/STM32F4xx_HAL_Driver/Src/stm32f4xx_hal_dma.o
 .debug_info    0x000000000000e259      0x803 Drivers/STM32F4xx_HAL_Driver/Src/stm32f4xx_hal_gpio.o
 .debug_info    0x000000000000ea5c      0x944 Drivers/STM32F4xx_HAL_Driver/Src/stm32f4xx_hal_rcc.o
 .debug_info    0x000000000000f3a0      0x9d5 Drivers/STM32F4xx_HAL_Driver/Src/stm32f4xx_hal_rcc_ex.o
 .debug_info    0x000000000000fd75     0x24a9 Drivers/STM32F4xx_HAL_Driver/Src/stm32f4xx_hal_tim.o
 .debug_info    0x000000000001221e     0x124c Drivers/STM32F4xx_HAL_Driver/Src/stm32f4xx_hal_uart.o

.debug_abbrev   0x0000000000000000     0x2ab6
 .debug_abbrev  0x0000000000000000      0x32e Core/Src/BufferedSerial.o
 .debug_abbrev  0x000000000000032e      0x237 Core/Src/main.o
 .debug_abbrev  0x0000000000000565      0x86d Core/Src/mainpp.o
 .debug_abbrev  0x0000000000000dd2      0x1e9 Core/Src/stm32f4xx_hal_msp.o
 .debug_abbrev  0x0000000000000fbb      0x149 Core/Src/stm32f4xx_it.o
 .debug_abbrev  0x0000000000001104      0x261 Core/Src/syscalls.o
 .debug_abbrev  0x0000000000001365      0x19b Core/Src/sysmem.o
 .debug_abbrev  0x0000000000001500      0x12b Core/Src/system_stm32f4xx.o
 .debug_abbrev  0x000000000000162b      0x353 Core/Src/time.o
 .debug_abbrev  0x000000000000197e       0x12 Core/Startup/startup_stm32f446retx.o
 .debug_abbrev  0x0000000000001990      0x1c7 Drivers/STM32F4xx_HAL_Driver/Src/stm32f4xx_hal.o
 .debug_abbrev  0x0000000000001b57      0x2fa Drivers/STM32F4xx_HAL_Driver/Src/stm32f4xx_hal_cortex.o
 .debug_abbrev  0x0000000000001e51      0x229 Drivers/STM32F4xx_HAL_Driver/Src/stm32f4xx_hal_dma.o
 .debug_abbrev  0x000000000000207a      0x1c9 Drivers/STM32F4xx_HAL_Driver/Src/stm32f4xx_hal_gpio.o
 .debug_abbrev  0x0000000000002243      0x245 Drivers/STM32F4xx_HAL_Driver/Src/stm32f4xx_hal_rcc.o
 .debug_abbrev  0x0000000000002488      0x1bc Drivers/STM32F4xx_HAL_Driver/Src/stm32f4xx_hal_rcc_ex.o
 .debug_abbrev  0x0000000000002644      0x230 Drivers/STM32F4xx_HAL_Driver/Src/stm32f4xx_hal_tim.o
 .debug_abbrev  0x0000000000002874      0x242 Drivers/STM32F4xx_HAL_Driver/Src/stm32f4xx_hal_uart.o

.debug_aranges  0x0000000000000000      0xeb8
 .debug_aranges
                0x0000000000000000       0x70 Core/Src/BufferedSerial.o
 .debug_aranges
                0x0000000000000070       0x58 Core/Src/main.o
 .debug_aranges
                0x00000000000000c8      0x278 Core/Src/mainpp.o
 .debug_aranges
                0x0000000000000340       0x48 Core/Src/stm32f4xx_hal_msp.o
 .debug_aranges
                0x0000000000000388       0x78 Core/Src/stm32f4xx_it.o
 .debug_aranges
                0x0000000000000400       0xa8 Core/Src/syscalls.o
 .debug_aranges
                0x00000000000004a8       0x20 Core/Src/sysmem.o
 .debug_aranges
                0x00000000000004c8       0x28 Core/Src/system_stm32f4xx.o
 .debug_aranges
                0x00000000000004f0       0x38 Core/Src/time.o
 .debug_aranges
                0x0000000000000528       0x28 Core/Startup/startup_stm32f446retx.o
 .debug_aranges
                0x0000000000000550       0xf0 Drivers/STM32F4xx_HAL_Driver/Src/stm32f4xx_hal.o
 .debug_aranges
                0x0000000000000640      0x118 Drivers/STM32F4xx_HAL_Driver/Src/stm32f4xx_hal_cortex.o
 .debug_aranges
                0x0000000000000758       0x90 Drivers/STM32F4xx_HAL_Driver/Src/stm32f4xx_hal_dma.o
 .debug_aranges
                0x00000000000007e8       0x58 Drivers/STM32F4xx_HAL_Driver/Src/stm32f4xx_hal_gpio.o
 .debug_aranges
                0x0000000000000840       0x88 Drivers/STM32F4xx_HAL_Driver/Src/stm32f4xx_hal_rcc.o
 .debug_aranges
                0x00000000000008c8       0x78 Drivers/STM32F4xx_HAL_Driver/Src/stm32f4xx_hal_rcc_ex.o
 .debug_aranges
                0x0000000000000940      0x3a8 Drivers/STM32F4xx_HAL_Driver/Src/stm32f4xx_hal_tim.o
 .debug_aranges
                0x0000000000000ce8      0x1d0 Drivers/STM32F4xx_HAL_Driver/Src/stm32f4xx_hal_uart.o

.debug_ranges   0x0000000000000000      0xdb8
 .debug_ranges  0x0000000000000000       0x60 Core/Src/BufferedSerial.o
 .debug_ranges  0x0000000000000060       0x48 Core/Src/main.o
 .debug_ranges  0x00000000000000a8      0x280 Core/Src/mainpp.o
 .debug_ranges  0x0000000000000328       0x38 Core/Src/stm32f4xx_hal_msp.o
 .debug_ranges  0x0000000000000360       0x68 Core/Src/stm32f4xx_it.o
 .debug_ranges  0x00000000000003c8       0x98 Core/Src/syscalls.o
 .debug_ranges  0x0000000000000460       0x10 Core/Src/sysmem.o
 .debug_ranges  0x0000000000000470       0x18 Core/Src/system_stm32f4xx.o
 .debug_ranges  0x0000000000000488       0x28 Core/Src/time.o
 .debug_ranges  0x00000000000004b0       0x20 Core/Startup/startup_stm32f446retx.o
 .debug_ranges  0x00000000000004d0       0xe0 Drivers/STM32F4xx_HAL_Driver/Src/stm32f4xx_hal.o
 .debug_ranges  0x00000000000005b0      0x108 Drivers/STM32F4xx_HAL_Driver/Src/stm32f4xx_hal_cortex.o
 .debug_ranges  0x00000000000006b8       0x80 Drivers/STM32F4xx_HAL_Driver/Src/stm32f4xx_hal_dma.o
 .debug_ranges  0x0000000000000738       0x48 Drivers/STM32F4xx_HAL_Driver/Src/stm32f4xx_hal_gpio.o
 .debug_ranges  0x0000000000000780       0x78 Drivers/STM32F4xx_HAL_Driver/Src/stm32f4xx_hal_rcc.o
 .debug_ranges  0x00000000000007f8       0x68 Drivers/STM32F4xx_HAL_Driver/Src/stm32f4xx_hal_rcc_ex.o
 .debug_ranges  0x0000000000000860      0x398 Drivers/STM32F4xx_HAL_Driver/Src/stm32f4xx_hal_tim.o
 .debug_ranges  0x0000000000000bf8      0x1c0 Drivers/STM32F4xx_HAL_Driver/Src/stm32f4xx_hal_uart.o

.debug_macro    0x0000000000000000    0x257f5
 .debug_macro   0x0000000000000000      0x29d Core/Src/BufferedSerial.o
 .debug_macro   0x000000000000029d      0xb32 Core/Src/BufferedSerial.o
 .debug_macro   0x0000000000000dcf       0x22 Core/Src/BufferedSerial.o
 .debug_macro   0x0000000000000df1       0x40 Core/Src/BufferedSerial.o
 .debug_macro   0x0000000000000e31       0x18 Core/Src/BufferedSerial.o
 .debug_macro   0x0000000000000e49       0x94 Core/Src/BufferedSerial.o
 .debug_macro   0x0000000000000edd       0x3c Core/Src/BufferedSerial.o
 .debug_macro   0x0000000000000f19       0x34 Core/Src/BufferedSerial.o
 .debug_macro   0x0000000000000f4d      0x17b Core/Src/BufferedSerial.o
 .debug_macro   0x00000000000010c8       0x57 Core/Src/BufferedSerial.o
 .debug_macro   0x000000000000111f       0x52 Core/Src/BufferedSerial.o
 .debug_macro   0x0000000000001171       0x1f Core/Src/BufferedSerial.o
 .debug_macro   0x0000000000001190       0x43 Core/Src/BufferedSerial.o
 .debug_macro   0x00000000000011d3       0x20 Core/Src/BufferedSerial.o
 .debug_macro   0x00000000000011f3      0x1a3 Core/Src/BufferedSerial.o
 .debug_macro   0x0000000000001396      0x353 Core/Src/BufferedSerial.o
 .debug_macro   0x00000000000016e9       0x10 Core/Src/BufferedSerial.o
 .debug_macro   0x00000000000016f9       0x35 Core/Src/BufferedSerial.o
 .debug_macro   0x000000000000172e       0x20 Core/Src/BufferedSerial.o
 .debug_macro   0x000000000000174e      0x294 Core/Src/BufferedSerial.o
 .debug_macro   0x00000000000019e2       0x2e Core/Src/BufferedSerial.o
 .debug_macro   0x0000000000001a10       0x28 Core/Src/BufferedSerial.o
 .debug_macro   0x0000000000001a38       0x1c Core/Src/BufferedSerial.o
 .debug_macro   0x0000000000001a54       0xef Core/Src/BufferedSerial.o
 .debug_macro   0x0000000000001b43       0x6a Core/Src/BufferedSerial.o
 .debug_macro   0x0000000000001bad      0x1df Core/Src/BufferedSerial.o
 .debug_macro   0x0000000000001d8c       0x1c Core/Src/BufferedSerial.o
 .debug_macro   0x0000000000001da8       0x22 Core/Src/BufferedSerial.o
 .debug_macro   0x0000000000001dca       0xd9 Core/Src/BufferedSerial.o
 .debug_macro   0x0000000000001ea3     0x102d Core/Src/BufferedSerial.o
 .debug_macro   0x0000000000002ed0      0x11f Core/Src/BufferedSerial.o
 .debug_macro   0x0000000000002fef    0x1672d Core/Src/BufferedSerial.o
 .debug_macro   0x000000000001971c       0x43 Core/Src/BufferedSerial.o
 .debug_macro   0x000000000001975f     0x3659 Core/Src/BufferedSerial.o
 .debug_macro   0x000000000001cdb8       0x54 Core/Src/BufferedSerial.o
 .debug_macro   0x000000000001ce0c      0xc90 Core/Src/BufferedSerial.o
 .debug_macro   0x000000000001da9c      0x9fe Core/Src/BufferedSerial.o
 .debug_macro   0x000000000001e49a      0x117 Core/Src/BufferedSerial.o
 .debug_macro   0x000000000001e5b1      0x1a0 Core/Src/BufferedSerial.o
 .debug_macro   0x000000000001e751       0x27 Core/Src/BufferedSerial.o
 .debug_macro   0x000000000001e778      0x16d Core/Src/BufferedSerial.o
 .debug_macro   0x000000000001e8e5      0x287 Core/Src/BufferedSerial.o
 .debug_macro   0x000000000001eb6c       0x5f Core/Src/BufferedSerial.o
 .debug_macro   0x000000000001ebcb      0x236 Core/Src/BufferedSerial.o
 .debug_macro   0x000000000001ee01      0x132 Core/Src/BufferedSerial.o
 .debug_macro   0x000000000001ef33      0x29c Core/Src/BufferedSerial.o
 .debug_macro   0x000000000001f1cf       0x2e Core/Src/BufferedSerial.o
 .debug_macro   0x000000000001f1fd      0x11a Core/Src/BufferedSerial.o
 .debug_macro   0x000000000001f317       0xe8 Core/Src/BufferedSerial.o
 .debug_macro   0x000000000001f3ff       0x89 Core/Src/BufferedSerial.o
 .debug_macro   0x000000000001f488      0x8a0 Core/Src/BufferedSerial.o
 .debug_macro   0x000000000001fd28       0x4d Core/Src/BufferedSerial.o
 .debug_macro   0x000000000001fd75      0x287 Core/Src/BufferedSerial.o
 .debug_macro   0x000000000001fffc      0x126 Core/Src/BufferedSerial.o
 .debug_macro   0x0000000000020122       0x10 Core/Src/BufferedSerial.o
 .debug_macro   0x0000000000020132      0x1e7 Core/Src/main.o
 .debug_macro   0x0000000000020319      0xa5a Core/Src/main.o
 .debug_macro   0x0000000000020d73       0x8e Core/Src/main.o
 .debug_macro   0x0000000000020e01       0x51 Core/Src/main.o
 .debug_macro   0x0000000000020e52       0xdf Core/Src/main.o
 .debug_macro   0x0000000000020f31     0x102d Core/Src/main.o
 .debug_macro   0x0000000000021f5e      0x174 Core/Src/main.o
 .debug_macro   0x00000000000220d2       0x5a Core/Src/main.o
 .debug_macro   0x000000000002212c       0x70 Core/Src/main.o
 .debug_macro   0x000000000002219c      0x455 Core/Src/mainpp.o
 .debug_macro   0x00000000000225f1       0x46 Core/Src/mainpp.o
 .debug_macro   0x0000000000022637      0x34d Core/Src/mainpp.o
 .debug_macro   0x0000000000022984       0x10 Core/Src/mainpp.o
 .debug_macro   0x0000000000022994       0x1c Core/Src/mainpp.o
 .debug_macro   0x00000000000229b0       0xde Core/Src/mainpp.o
 .debug_macro   0x0000000000022a8e      0x3cd Core/Src/mainpp.o
 .debug_macro   0x0000000000022e5b      0x1dd Core/Src/stm32f4xx_hal_msp.o
 .debug_macro   0x0000000000023038      0x1e7 Core/Src/stm32f4xx_it.o
 .debug_macro   0x000000000002321f      0x243 Core/Src/syscalls.o
 .debug_macro   0x0000000000023462       0x34 Core/Src/syscalls.o
 .debug_macro   0x0000000000023496      0x330 Core/Src/syscalls.o
 .debug_macro   0x00000000000237c6       0x43 Core/Src/syscalls.o
 .debug_macro   0x0000000000023809       0x10 Core/Src/syscalls.o
 .debug_macro   0x0000000000023819       0x35 Core/Src/syscalls.o
 .debug_macro   0x000000000002384e       0x10 Core/Src/syscalls.o
 .debug_macro   0x000000000002385e       0x10 Core/Src/syscalls.o
 .debug_macro   0x000000000002386e       0x10 Core/Src/syscalls.o
 .debug_macro   0x000000000002387e       0x1c Core/Src/syscalls.o
 .debug_macro   0x000000000002389a       0x52 Core/Src/syscalls.o
 .debug_macro   0x00000000000238ec       0x40 Core/Src/syscalls.o
 .debug_macro   0x000000000002392c       0x10 Core/Src/syscalls.o
 .debug_macro   0x000000000002393c       0x40 Core/Src/syscalls.o
 .debug_macro   0x000000000002397c       0xd7 Core/Src/syscalls.o
 .debug_macro   0x0000000000023a53       0x1c Core/Src/syscalls.o
 .debug_macro   0x0000000000023a6f       0x3d Core/Src/syscalls.o
 .debug_macro   0x0000000000023aac       0x35 Core/Src/syscalls.o
 .debug_macro   0x0000000000023ae1      0x122 Core/Src/syscalls.o
 .debug_macro   0x0000000000023c03       0x10 Core/Src/syscalls.o
 .debug_macro   0x0000000000023c13      0x241 Core/Src/syscalls.o
 .debug_macro   0x0000000000023e54       0x1c Core/Src/syscalls.o