Archive member included to satisfy reference by file (symbol)

/opt/st/stm32cubeide_1.5.1/plugins/com.st.stm32cube.ide.mcu.externaltools.gnu-tools-for-stm32.7-2018-q2-update.linux64_1.5.0.202011040924/tools/bin/../lib/gcc/arm-none-eabi/7.3.1/../../../../arm-none-eabi/lib/thumb/v7e-m/fpv4-sp/hard/libstdc++_nano.a(pure.o)
                              Core/Src/mainpp.o (__cxa_pure_virtual)
/opt/st/stm32cubeide_1.5.1/plugins/com.st.stm32cube.ide.mcu.externaltools.gnu-tools-for-stm32.7-2018-q2-update.linux64_1.5.0.202011040924/tools/bin/../lib/gcc/arm-none-eabi/7.3.1/../../../../arm-none-eabi/lib/thumb/v7e-m/fpv4-sp/hard/libstdc++_nano.a(eh_terminate.o)
                              /opt/st/stm32cubeide_1.5.1/plugins/com.st.stm32cube.ide.mcu.externaltools.gnu-tools-for-stm32.7-2018-q2-update.linux64_1.5.0.202011040924/tools/bin/../lib/gcc/arm-none-eabi/7.3.1/../../../../arm-none-eabi/lib/thumb/v7e-m/fpv4-sp/hard/libstdc++_nano.a(pure.o) (std::terminate())
/opt/st/stm32cubeide_1.5.1/plugins/com.st.stm32cube.ide.mcu.externaltools.gnu-tools-for-stm32.7-2018-q2-update.linux64_1.5.0.202011040924/tools/bin/../lib/gcc/arm-none-eabi/7.3.1/../../../../arm-none-eabi/lib/thumb/v7e-m/fpv4-sp/hard/libstdc++_nano.a(eh_unex_handler.o)
                              /opt/st/stm32cubeide_1.5.1/plugins/com.st.stm32cube.ide.mcu.externaltools.gnu-tools-for-stm32.7-2018-q2-update.linux64_1.5.0.202011040924/tools/bin/../lib/gcc/arm-none-eabi/7.3.1/../../../../arm-none-eabi/lib/thumb/v7e-m/fpv4-sp/hard/libstdc++_nano.a(eh_terminate.o) (__cxxabiv1::__unexpected_handler)
/opt/st/stm32cubeide_1.5.1/plugins/com.st.stm32cube.ide.mcu.externaltools.gnu-tools-for-stm32.7-2018-q2-update.linux64_1.5.0.202011040924/tools/bin/../lib/gcc/arm-none-eabi/7.3.1/../../../../arm-none-eabi/lib/thumb/v7e-m/fpv4-sp/hard/libstdc++_nano.a(eh_term_handler.o)
                              /opt/st/stm32cubeide_1.5.1/plugins/com.st.stm32cube.ide.mcu.externaltools.gnu-tools-for-stm32.7-2018-q2-update.linux64_1.5.0.202011040924/tools/bin/../lib/gcc/arm-none-eabi/7.3.1/../../../../arm-none-eabi/lib/thumb/v7e-m/fpv4-sp/hard/libstdc++_nano.a(eh_terminate.o) (__cxxabiv1::__terminate_handler)
/opt/st/stm32cubeide_1.5.1/plugins/com.st.stm32cube.ide.mcu.externaltools.gnu-tools-for-stm32.7-2018-q2-update.linux64_1.5.0.202011040924/tools/bin/../lib/gcc/arm-none-eabi/7.3.1/../../../../arm-none-eabi/lib/thumb/v7e-m/fpv4-sp/hard/libc_nano.a(lib_a-abort.o)
                              /opt/st/stm32cubeide_1.5.1/plugins/com.st.stm32cube.ide.mcu.externaltools.gnu-tools-for-stm32.7-2018-q2-update.linux64_1.5.0.202011040924/tools/bin/../lib/gcc/arm-none-eabi/7.3.1/../../../../arm-none-eabi/lib/thumb/v7e-m/fpv4-sp/hard/libstdc++_nano.a(eh_terminate.o) (abort)
/opt/st/stm32cubeide_1.5.1/plugins/com.st.stm32cube.ide.mcu.externaltools.gnu-tools-for-stm32.7-2018-q2-update.linux64_1.5.0.202011040924/tools/bin/../lib/gcc/arm-none-eabi/7.3.1/../../../../arm-none-eabi/lib/thumb/v7e-m/fpv4-sp/hard/libc_nano.a(lib_a-errno.o)
                              Core/Src/syscalls.o (__errno)
/opt/st/stm32cubeide_1.5.1/plugins/com.st.stm32cube.ide.mcu.externaltools.gnu-tools-for-stm32.7-2018-q2-update.linux64_1.5.0.202011040924/tools/bin/../lib/gcc/arm-none-eabi/7.3.1/../../../../arm-none-eabi/lib/thumb/v7e-m/fpv4-sp/hard/libc_nano.a(lib_a-exit.o)
                              /opt/st/stm32cubeide_1.5.1/plugins/com.st.stm32cube.ide.mcu.externaltools.gnu-tools-for-stm32.7-2018-q2-update.linux64_1.5.0.202011040924/tools/bin/../lib/gcc/arm-none-eabi/7.3.1/../../../../arm-none-eabi/lib/thumb/v7e-m/fpv4-sp/hard/crt0.o (exit)
/opt/st/stm32cubeide_1.5.1/plugins/com.st.stm32cube.ide.mcu.externaltools.gnu-tools-for-stm32.7-2018-q2-update.linux64_1.5.0.202011040924/tools/bin/../lib/gcc/arm-none-eabi/7.3.1/../../../../arm-none-eabi/lib/thumb/v7e-m/fpv4-sp/hard/libc_nano.a(lib_a-impure.o)
                              /opt/st/stm32cubeide_1.5.1/plugins/com.st.stm32cube.ide.mcu.externaltools.gnu-tools-for-stm32.7-2018-q2-update.linux64_1.5.0.202011040924/tools/bin/../lib/gcc/arm-none-eabi/7.3.1/../../../../arm-none-eabi/lib/thumb/v7e-m/fpv4-sp/hard/libc_nano.a(lib_a-exit.o) (_global_impure_ptr)
/opt/st/stm32cubeide_1.5.1/plugins/com.st.stm32cube.ide.mcu.externaltools.gnu-tools-for-stm32.7-2018-q2-update.linux64_1.5.0.202011040924/tools/bin/../lib/gcc/arm-none-eabi/7.3.1/../../../../arm-none-eabi/lib/thumb/v7e-m/fpv4-sp/hard/libc_nano.a(lib_a-init.o)
                              /opt/st/stm32cubeide_1.5.1/plugins/com.st.stm32cube.ide.mcu.externaltools.gnu-tools-for-stm32.7-2018-q2-update.linux64_1.5.0.202011040924/tools/bin/../lib/gcc/arm-none-eabi/7.3.1/../../../../arm-none-eabi/lib/thumb/v7e-m/fpv4-sp/hard/crt0.o (__libc_init_array)
/opt/st/stm32cubeide_1.5.1/plugins/com.st.stm32cube.ide.mcu.externaltools.gnu-tools-for-stm32.7-2018-q2-update.linux64_1.5.0.202011040924/tools/bin/../lib/gcc/arm-none-eabi/7.3.1/../../../../arm-none-eabi/lib/thumb/v7e-m/fpv4-sp/hard/libc_nano.a(lib_a-memcpy-stub.o)
[...]
Memory Configuration

Name             Origin             Length             Attributes
RAM              0x0000000020000000 0x0000000000020000 xrw
FLASH            0x0000000008000000 0x0000000000080000 xr
*default*        0x0000000000000000 0xffffffffffffffff

Linker script and memory map

LOAD /opt/st/stm32cubeide_1.5.1/plugins/com.st.stm32cube.ide.mcu.externaltools.gnu-tools-for-stm32.7-2018-q2-update.linux64_1.5.0.202011040924/tools/bin/../lib/gcc/arm-none-eabi/7.3.1/thumb/v7e-m/fpv4-sp/hard/crti.o
LOAD /opt/st/stm32cubeide_1.5.1/plugins/com.st.stm32cube.ide.mcu.externaltools.gnu-tools-for-stm32.7-2018-q2-update.linux64_1.5.0.202011040924/tools/bin/../lib/gcc/arm-none-eabi/7.3.1/thumb/v7e-m/fpv4-sp/hard/crtbegin.o
LOAD /opt/st/stm32cubeide_1.5.1/plugins/com.st.stm32cube.ide.mcu.externaltools.gnu-tools-for-stm32.7-2018-q2-update.linux64_1.5.0.202011040924/tools/bin/../lib/gcc/arm-none-eabi/7.3.1/../../../../arm-none-eabi/lib/thumb/v7e-m/fpv4-sp/hard/crt0.o
LOAD Core/Src/BufferedSerial.o
LOAD Core/Src/duration.o
LOAD Core/Src/main.o
LOAD Core/Src/mainpp.o
LOAD Core/Src/stm32f4xx_hal_msp.o
LOAD Core/Src/stm32f4xx_it.o
LOAD Core/Src/syscalls.o
LOAD Core/Src/sysmem.o
LOAD Core/Src/system_stm32f4xx.o
LOAD Core/Src/time.o
LOAD Core/Startup/startup_stm32f446retx.o
LOAD Drivers/STM32F4xx_HAL_Driver/Src/stm32f4xx_hal.o
LOAD Drivers/STM32F4xx_HAL_Driver/Src/stm32f4xx_hal_cortex.o
LOAD Drivers/STM32F4xx_HAL_Driver/Src/stm32f4xx_hal_dma.o
LOAD Drivers/STM32F4xx_HAL_Driver/Src/stm32f4xx_hal_dma_ex.o
LOAD Drivers/STM32F4xx_HAL_Driver/Src/stm32f4xx_hal_exti.o
LOAD Drivers/STM32F4xx_HAL_Driver/Src/stm32f4xx_hal_flash.o
LOAD Drivers/STM32F4xx_HAL_Driver/Src/stm32f4xx_hal_flash_ex.o
LOAD Drivers/STM32F4xx_HAL_Driver/Src/stm32f4xx_hal_flash_ramfunc.o
LOAD Drivers/STM32F4xx_HAL_Driver/Src/stm32f4xx_hal_gpio.o
LOAD Drivers/STM32F4xx_HAL_Driver/Src/stm32f4xx_hal_pwr.o
LOAD Drivers/STM32F4xx_HAL_Driver/Src/stm32f4xx_hal_pwr_ex.o
LOAD Drivers/STM32F4xx_HAL_Driver/Src/stm32f4xx_hal_rcc.o
LOAD Drivers/STM32F4xx_HAL_Driver/Src/stm32f4xx_hal_rcc_ex.o
LOAD Drivers/STM32F4xx_HAL_Driver/Src/stm32f4xx_hal_tim.o
LOAD Drivers/STM32F4xx_HAL_Driver/Src/stm32f4xx_hal_tim_ex.o
LOAD Drivers/STM32F4xx_HAL_Driver/Src/stm32f4xx_hal_uart.o
START GROUP
LOAD /opt/st/stm32cubeide_1.5.1/plugins/com.st.stm32cube.ide.mcu.externaltools.gnu-tools-for-stm32.7-2018-q2-update.linux64_1.5.0.202011040924/tools/bin/../lib/gcc/arm-none-eabi/7.3.1/../../../../arm-none-eabi/lib/thumb/v7e-m/fpv4-sp/hard/libstdc++_nano.a
LOAD /opt/st/stm32cubeide_1.5.1/plugins/com.st.stm32cube.ide.mcu.externaltools.gnu-tools-for-stm32.7-2018-q2-update.linux64_1.5.0.202011040924/tools/bin/../lib/gcc/arm-none-eabi/7.3.1/../../../../arm-none-eabi/lib/thumb/v7e-m/fpv4-sp/hard/libsupc++_nano.a
END GROUP
LOAD /opt/st/stm32cubeide_1.5.1/plugins/com.st.stm32cube.ide.mcu.externaltools.gnu-tools-for-stm32.7-2018-q2-update.linux64_1.5.0.202011040924/tools/bin/../lib/gcc/arm-none-eabi/7.3.1/../../../../arm-none-eabi/lib/thumb/v7e-m/fpv4-sp/hard/libstdc++_nano.a
LOAD /opt/st/stm32cubeide_1.5.1/plugins/com.st.stm32cube.ide.mcu.externaltools.gnu-tools-for-stm32.7-2018-q2-update.linux64_1.5.0.202011040924/tools/bin/../lib/gcc/arm-none-eabi/7.3.1/../../../../arm-none-eabi/lib/thumb/v7e-m/fpv4-sp/hard/libm.a
LOAD /opt/st/stm32cubeide_1.5.1/plugins/com.st.stm32cube.ide.mcu.externaltools.gnu-tools-for-stm32.7-2018-q2-update.linux64_1.5.0.202011040924/tools/bin/../lib/gcc/arm-none-eabi/7.3.1/../../../../arm-none-eabi/lib/thumb/v7e-m/fpv4-sp/hard/libc_nano.a
START GROUP
LOAD /opt/st/stm32cubeide_1.5.1/plugins/com.st.stm32cube.ide.mcu.externaltools.gnu-tools-for-stm32.7-2018-q2-update.linux64_1.5.0.202011040924/tools/bin/../lib/gcc/arm-none-eabi/7.3.1/thumb/v7e-m/fpv4-sp/hard/libgcc.a
LOAD /opt/st/stm32cubeide_1.5.1/plugins/com.st.stm32cube.ide.mcu.externaltools.gnu-tools-for-stm32.7-2018-q2-update.linux64_1.5.0.202011040924/tools/bin/../lib/gcc/arm-none-eabi/7.3.1/../../../../arm-none-eabi/lib/thumb/v7e-m/fpv4-sp/hard/libc_nano.a
END GROUP
START GROUP
LOAD /opt/st/stm32cubeide_1.5.1/plugins/com.st.stm32cube.ide.mcu.externaltools.gnu-tools-for-stm32.7-2018-q2-update.linux64_1.5.0.202011040924/tools/bin/../lib/gcc/arm-none-eabi/7.3.1/thumb/v7e-m/fpv4-sp/hard/libgcc.a
LOAD /opt/st/stm32cubeide_1.5.1/plugins/com.st.stm32cube.ide.mcu.externaltools.gnu-tools-for-stm32.7-2018-q2-update.linux64_1.5.0.202011040924/tools/bin/../lib/gcc/arm-none-eabi/7.3.1/../../../../arm-none-eabi/lib/thumb/v7e-m/fpv4-sp/hard/libc_nano.a
LOAD /opt/st/stm32cubeide_1.5.1/plugins/com.st.stm32cube.ide.mcu.externaltools.gnu-tools-for-stm32.7-2018-q2-update.linux64_1.5.0.202011040924/tools/bin/../lib/gcc/arm-none-eabi/7.3.1/../../../../arm-none-eabi/lib/thumb/v7e-m/fpv4-sp/hard/libnosys.a
END GROUP
START GROUP
LOAD /opt/st/stm32cubeide_1.5.1/plugins/com.st.stm32cube.ide.mcu.externaltools.gnu-tools-for-stm32.7-2018-q2-update.linux64_1.5.0.202011040924/tools/bin/../lib/gcc/arm-none-eabi/7.3.1/thumb/v7e-m/fpv4-sp/hard/libgcc.a
LOAD /opt/st/stm32cubeide_1.5.1/plugins/com.st.stm32cube.ide.mcu.externaltools.gnu-tools-for-stm32.7-2018-q2-update.linux64_1.5.0.202011040924/tools/bin/../lib/gcc/arm-none-eabi/7.3.1/../../../../arm-none-eabi/lib/thumb/v7e-m/fpv4-sp/hard/libc_nano.a
LOAD /opt/st/stm32cubeide_1.5.1/plugins/com.st.stm32cube.ide.mcu.externaltools.gnu-tools-for-stm32.7-2018-q2-update.linux64_1.5.0.202011040924/tools/bin/../lib/gcc/arm-none-eabi/7.3.1/../../../../arm-none-eabi/lib/thumb/v7e-m/fpv4-sp/hard/libnosys.a
END GROUP
LOAD /opt/st/stm32cubeide_1.5.1/plugins/com.st.stm32cube.ide.mcu.externaltools.gnu-tools-for-stm32.7-2018-q2-update.linux64_1.5.0.202011040924/tools/bin/../lib/gcc/arm-none-eabi/7.3.1/thumb/v7e-m/fpv4-sp/hard/crtend.o
LOAD /opt/st/stm32cubeide_1.5.1/plugins/com.st.stm32cube.ide.mcu.externaltools.gnu-tools-for-stm32.7-2018-q2-update.linux64_1.5.0.202011040924/tools/bin/../lib/gcc/arm-none-eabi/7.3.1/thumb/v7e-m/fpv4-sp/hard/crtn.o
                0x0000000020020000                _estack = (ORIGIN (RAM) + LENGTH (RAM))
                0x0000000000000200                _Min_Heap_Size = 0x200
                0x0000000000000400                _Min_Stack_Size = 0x400

.isr_vector     0x0000000008000000      0x1c4
                0x0000000008000000                . = ALIGN (0x4)
 *(.isr_vector)
 .isr_vector    0x0000000008000000      0x1c4 Core/Startup/startup_stm32f446retx.o
                0x0000000008000000                g_pfnVectors
                0x00000000080001c4                . = ALIGN (0x4)

.text           0x00000000080001c4     0x6ffc
                0x00000000080001c4                . = ALIGN (0x4)
 *(.text)
 .text          0x00000000080001c4       0x40 /opt/st/stm32cubeide_1.5.1/plugins/com.st.stm32cube.ide.mcu.externaltools.gnu-tools-for-stm32.7-2018-q2-update.linux64_1.5.0.202011040924/tools/bin/../lib/gcc/arm-none-eabi/7.3.1/thumb/v7e-m/fpv4-sp/hard/crtbegin.o
 .text          0x0000000008000204       0x10 /opt/st/stm32cubeide_1.5.1/plugins/com.st.stm32cube.ide.mcu.externaltools.gnu-tools-for-stm32.7-2018-q2-update.linux64_1.5.0.202011040924/tools/bin/../lib/gcc/arm-none-eabi/7.3.1/../../../../arm-none-eabi/lib/thumb/v7e-m/fpv4-sp/hard/libc_nano.a(lib_a-strlen.o)
                0x0000000008000204                strlen
 .text          0x0000000008000214      0x378 /opt/st/stm32cubeide_1.5.1/plugins/com.st.stm32cube.ide.mcu.externaltools.gnu-tools-for-stm32.7-2018-q2-update.linux64_1.5.0.202011040924/tools/bin/../lib/gcc/arm-none-eabi/7.3.1/thumb/v7e-m/fpv4-sp/hard/libgcc.a(_arm_addsubdf3.o)
                0x0000000008000214                __aeabi_drsub
                0x000000000800021c                __aeabi_dsub
                0x000000000800021c                __subdf3
                0x0000000008000220                __adddf3
                0x0000000008000220                __aeabi_dadd
                0x0000000008000498                __aeabi_ui2d
                0x0000000008000498                __floatunsidf
                0x00000000080004b8                __floatsidf
                0x00000000080004b8                __aeabi_i2d
                0x00000000080004dc                __extendsfdf2
                0x00000000080004dc                __aeabi_f2d
                0x0000000008000520                __aeabi_ul2d
                0x0000000008000520                __floatundidf
                0x0000000008000530                __floatdidf
                0x0000000008000530                __aeabi_l2d
 .text          0x000000000800058c      0x424 /opt/st/stm32cubeide_1.5.1/plugins/com.st.stm32cube.ide.mcu.externaltools.gnu-tools-for-stm32.7-2018-q2-update.linux64_1.5.0.202011040924/tools/bin/../lib/gcc/arm-none-eabi/7.3.1/thumb/v7e-m/fpv4-sp/hard/libgcc.a(_arm_muldivdf3.o)
                0x000000000800058c                __aeabi_dmul
                0x000000000800058c                __muldf3
                0x00000000080007e0                __aeabi_ddiv
                0x00000000080007e0                __divdf3
 .text          0x00000000080009b0       0x50 /opt/st/stm32cubeide_1.5.1/plugins/com.st.stm32cube.ide.mcu.externaltools.gnu-tools-for-stm32.7-2018-q2-update.linux64_1.5.0.202011040924/tools/bin/../lib/gcc/arm-none-eabi/7.3.1/thumb/v7e-m/fpv4-sp/hard/libgcc.a(_arm_fixdfsi.o)
                0x00000000080009b0                __fixdfsi
                0x00000000080009b0                __aeabi_d2iz
 .text          0x0000000008000a00       0x30 /opt/st/stm32cubeide_1.5.1/plugins/com.st.stm32cube.ide.mcu.externaltools.gnu-tools-for-stm32.7-2018-q2-update.linux64_1.5.0.202011040924/tools/bin/../lib/gcc/arm-none-eabi/7.3.1/thumb/v7e-m/fpv4-sp/hard/libgcc.a(_aeabi_uldivmod.o)
                0x0000000008000a00                __aeabi_uldivmod
 .text          0x0000000008000a30      0x2cc /opt/st/stm32cubeide_1.5.1/plugins/com.st.stm32cube.ide.mcu.externaltools.gnu-tools-for-stm32.7-2018-q2-update.linux64_1.5.0.202011040924/tools/bin/../lib/gcc/arm-none-eabi/7.3.1/thumb/v7e-m/fpv4-sp/hard/libgcc.a(_udivmoddi4.o)
                0x0000000008000a30                __udivmoddi4
 .text          0x0000000008000cfc        0x4 /opt/st/stm32cubeide_1.5.1/plugins/com.st.stm32cube.ide.mcu.externaltools.gnu-tools-for-stm32.7-2018-q2-update.linux64_1.5.0.202011040924/tools/bin/../lib/gcc/arm-none-eabi/7.3.1/thumb/v7e-m/fpv4-sp/hard/libgcc.a(_dvmd_tls.o)
                0x0000000008000cfc                __aeabi_ldiv0
                0x0000000008000cfc                __aeabi_idiv0
 *(.text*)
 .text._ZN14BufferedSerialC2ER20__UART_HandleTypeDef
                0x0000000008000d00       0x40 Core/Src/BufferedSerial.o
                0x0000000008000d00                BufferedSerial::BufferedSerial(__UART_HandleTypeDef&)
                0x0000000008000d00                BufferedSerial::BufferedSerial(__UART_HandleTypeDef&)
 .text._ZN14BufferedSerial4initEv
                0x0000000008000d40       0x16 Core/Src/BufferedSerial.o
                0x0000000008000d40                BufferedSerial::init()
 .text._ZN14BufferedSerial4readEv
                0x0000000008000d56       0x6a Core/Src/BufferedSerial.o
                0x0000000008000d56                BufferedSerial::read()
 .text._ZN14BufferedSerial5writeEPKhi
                0x0000000008000dc0       0xae Core/Src/BufferedSerial.o
                0x0000000008000dc0                BufferedSerial::write(unsigned char const*, int)
 *fill*         0x0000000008000e6e        0x2 
 .text._ZN14BufferedSerial15flush_tx_bufferEv
                0x0000000008000e70      0x11c Core/Src/BufferedSerial.o
                0x0000000008000e70                BufferedSerial::flush_tx_buffer()
 .text._ZN14BufferedSerial15reset_rx_bufferEv
                0x0000000008000f8c       0x22 Core/Src/BufferedSerial.o
                0x0000000008000f8c                BufferedSerial::reset_rx_buffer()
 .text._ZN14BufferedSerial10get_handleEv
                0x0000000008000fae       0x18 Core/Src/BufferedSerial.o
                0x0000000008000fae                BufferedSerial::get_handle()
 *fill*         0x0000000008000fc6        0x2 
 .text.HAL_UART_TxCpltCallback
                0x0000000008000fc8       0x38 Core/Src/BufferedSerial.o
                0x0000000008000fc8                HAL_UART_TxCpltCallback
 .text.HAL_UART_RxCpltCallback
                0x0000000008001000       0x1c Core/Src/BufferedSerial.o
                0x0000000008001000                HAL_UART_RxCpltCallback
 .text._Z41__static_initialization_and_destruction_0ii
                0x000000000800101c       0x34 Core/Src/BufferedSerial.o
 .text._GLOBAL__sub_I_buff_serial
                0x0000000008001050       0x10 Core/Src/BufferedSerial.o
 .text.main     0x0000000008001060       0x26 Core/Src/main.o
                0x0000000008001060                main
 *fill*         0x0000000008001086        0x2 
 .text.SystemClock_Config
                0x0000000008001088       0xc0 Core/Src/main.o
                0x0000000008001088                SystemClock_Config
 .text.MX_TIM1_Init
                0x0000000008001148      0x190 Core/Src/main.o
 .text.MX_USART2_UART_Init
                0x00000000080012d8       0x54 Core/Src/main.o
 .text.MX_DMA_Init
                0x000000000800132c       0x50 Core/Src/main.o
 .text.MX_GPIO_Init
                0x000000000800137c       0xe0 Core/Src/main.o
 .text.Error_Handler
                0x000000000800145c        0x8 Core/Src/main.o
                0x000000000800145c                Error_Handler
 .text._ZN13STM32HardwareC2Ev
                0x0000000008001464       0x20 Core/Src/mainpp.o
                0x0000000008001464                STM32Hardware::STM32Hardware()
                0x0000000008001464                STM32Hardware::STM32Hardware()
 .text._ZN13STM32Hardware4initEv
                0x0000000008001484       0x1a Core/Src/mainpp.o
                0x0000000008001484                STM32Hardware::init()
 .text._ZN13STM32Hardware4readEv
                0x000000000800149e       0x1c Core/Src/mainpp.o
                0x000000000800149e                STM32Hardware::read()
 .text._ZN13STM32Hardware5writeEPhi
                0x00000000080014ba       0x22 Core/Src/mainpp.o
                0x00000000080014ba                STM32Hardware::write(unsigned char*, int)
 .text._ZN13STM32Hardware4timeEv
                0x00000000080014dc       0x16 Core/Src/mainpp.o
                0x00000000080014dc                STM32Hardware::time()
 .text._ZN3ros4TimeC2Ev
                0x00000000080014f2       0x22 Core/Src/mainpp.o
                0x00000000080014f2                ros::Time::Time()
                0x00000000080014f2                ros::Time::Time()
 .text._ZN3ros3MsgC2Ev
                0x0000000008001514       0x20 Core/Src/mainpp.o
                0x0000000008001514                ros::Msg::Msg()
                0x0000000008001514                ros::Msg::Msg()
 .text._ZN8std_msgs4TimeC2Ev
                0x0000000008001534       0x30 Core/Src/mainpp.o
                0x0000000008001534                std_msgs::Time::Time()
                0x0000000008001534                std_msgs::Time::Time()
 .text._ZNK8std_msgs4Time9serializeEPh
                0x0000000008001564       0xb0 Core/Src/mainpp.o
                0x0000000008001564                std_msgs::Time::serialize(unsigned char*) const
 .text._ZN8std_msgs4Time11deserializeEPh
                0x0000000008001614       0xc8 Core/Src/mainpp.o
                0x0000000008001614                std_msgs::Time::deserialize(unsigned char*)
 .text._ZN8std_msgs4Time7getTypeEv
                0x00000000080016dc       0x1c Core/Src/mainpp.o
                0x00000000080016dc                std_msgs::Time::getType()
 .text._ZN8std_msgs4Time6getMD5Ev
                0x00000000080016f8       0x1c Core/Src/mainpp.o
                0x00000000080016f8                std_msgs::Time::getMD5()
 .text._ZN14rosserial_msgs9TopicInfoC2Ev
                0x0000000008001714       0x48 Core/Src/mainpp.o
                0x0000000008001714                rosserial_msgs::TopicInfo::TopicInfo()
                0x0000000008001714                rosserial_msgs::TopicInfo::TopicInfo()
 .text._ZNK14rosserial_msgs9TopicInfo9serializeEPh
                0x000000000800175c      0x136 Core/Src/mainpp.o
                0x000000000800175c                rosserial_msgs::TopicInfo::serialize(unsigned char*) const
 .text._ZN14rosserial_msgs9TopicInfo11deserializeEPh
                0x0000000008001892      0x1d0 Core/Src/mainpp.o
                0x0000000008001892                rosserial_msgs::TopicInfo::deserialize(unsigned char*)
 *fill*         0x0000000008001a62        0x2 
 .text._ZN14rosserial_msgs9TopicInfo7getTypeEv
                0x0000000008001a64       0x1c Core/Src/mainpp.o
                0x0000000008001a64                rosserial_msgs::TopicInfo::getType()
 .text._ZN14rosserial_msgs9TopicInfo6getMD5Ev
                0x0000000008001a80       0x1c Core/Src/mainpp.o
                0x0000000008001a80                rosserial_msgs::TopicInfo::getMD5()
 .text._ZN14rosserial_msgs3LogC2Ev
                0x0000000008001a9c       0x34 Core/Src/mainpp.o
                0x0000000008001a9c                rosserial_msgs::Log::Log()
                0x0000000008001a9c                rosserial_msgs::Log::Log()
 .text._ZNK14rosserial_msgs3Log9serializeEPh
                0x0000000008001ad0       0x64 Core/Src/mainpp.o
                0x0000000008001ad0                rosserial_msgs::Log::serialize(unsigned char*) const
 .text._ZN14rosserial_msgs3Log11deserializeEPh
                0x0000000008001b34       0x90 Core/Src/mainpp.o
                0x0000000008001b34                rosserial_msgs::Log::deserialize(unsigned char*)
 .text._ZN14rosserial_msgs3Log7getTypeEv
                0x0000000008001bc4       0x1c Core/Src/mainpp.o
                0x0000000008001bc4                rosserial_msgs::Log::getType()
 .text._ZN14rosserial_msgs3Log6getMD5Ev
                0x0000000008001be0       0x1c Core/Src/mainpp.o
                0x0000000008001be0                rosserial_msgs::Log::getMD5()
 .text._ZN14rosserial_msgs20RequestParamResponseC2Ev
                0x0000000008001bfc       0x48 Core/Src/mainpp.o
                0x0000000008001bfc                rosserial_msgs::RequestParamResponse::RequestParamResponse()
                0x0000000008001bfc                rosserial_msgs::RequestParamResponse::RequestParamResponse()
 .text._ZNK14rosserial_msgs20RequestParamResponse9serializeEPh
                0x0000000008001c44      0x222 Core/Src/mainpp.o
                0x0000000008001c44                rosserial_msgs::RequestParamResponse::serialize(unsigned char*) const
 .text._ZN14rosserial_msgs20RequestParamResponse11deserializeEPh
                0x0000000008001e66      0x2e2 Core/Src/mainpp.o
                0x0000000008001e66                rosserial_msgs::RequestParamResponse::deserialize(unsigned char*)
 .text._ZN14rosserial_msgs20RequestParamResponse7getTypeEv
                0x0000000008002148       0x1c Core/Src/mainpp.o
                0x0000000008002148                rosserial_msgs::RequestParamResponse::getType()
 .text._ZN14rosserial_msgs20RequestParamResponse6getMD5Ev
                0x0000000008002164       0x1c Core/Src/mainpp.o
                0x0000000008002164                rosserial_msgs::RequestParamResponse::getMD5()
 .text._ZN3ros9Publisher15getEndpointTypeEv
                0x0000000008002180       0x18 Core/Src/mainpp.o
                0x0000000008002180                ros::Publisher::getEndpointType()
 .text._ZN8std_msgs19MultiArrayDimensionC2Ev
                0x0000000008002198       0x3c Core/Src/mainpp.o
                0x0000000008002198                std_msgs::MultiArrayDimension::MultiArrayDimension()
                0x0000000008002198                std_msgs::MultiArrayDimension::MultiArrayDimension()
 .text._ZNK8std_msgs19MultiArrayDimension9serializeEPh
                0x00000000080021d4       0xe6 Core/Src/mainpp.o
                0x00000000080021d4                std_msgs::MultiArrayDimension::serialize(unsigned char*) const
 .text._ZN8std_msgs19MultiArrayDimension11deserializeEPh
                0x00000000080022ba      0x12a Core/Src/mainpp.o
                0x00000000080022ba                std_msgs::MultiArrayDimension::deserialize(unsigned char*)
 .text._ZN8std_msgs19MultiArrayDimension7getTypeEv
                0x00000000080023e4       0x1c Core/Src/mainpp.o
                0x00000000080023e4                std_msgs::MultiArrayDimension::getType()
 .text._ZN8std_msgs19MultiArrayDimension6getMD5Ev
                0x0000000008002400       0x1c Core/Src/mainpp.o
                0x0000000008002400                std_msgs::MultiArrayDimension::getMD5()
 .text._ZN8std_msgs16MultiArrayLayoutC2Ev
                0x000000000800241c       0x40 Core/Src/mainpp.o
                0x000000000800241c                std_msgs::MultiArrayLayout::MultiArrayLayout()
                0x000000000800241c                std_msgs::MultiArrayLayout::MultiArrayLayout()
 .text._ZNK8std_msgs16MultiArrayLayout9serializeEPh
                0x000000000800245c       0xec Core/Src/mainpp.o
                0x000000000800245c                std_msgs::MultiArrayLayout::serialize(unsigned char*) const
 .text._ZN8std_msgs16MultiArrayLayout11deserializeEPh
                0x0000000008002548      0x120 Core/Src/mainpp.o
                0x0000000008002548                std_msgs::MultiArrayLayout::deserialize(unsigned char*)
 .text._ZN8std_msgs16MultiArrayLayout7getTypeEv
                0x0000000008002668       0x1c Core/Src/mainpp.o
                0x0000000008002668                std_msgs::MultiArrayLayout::getType()
 .text._ZN8std_msgs16MultiArrayLayout6getMD5Ev
                0x0000000008002684       0x1c Core/Src/mainpp.o
                0x0000000008002684                std_msgs::MultiArrayLayout::getMD5()
 .text._ZN8std_msgs15Int32MultiArrayC2Ev
                0x00000000080026a0       0x3c Core/Src/mainpp.o
                0x00000000080026a0                std_msgs::Int32MultiArray::Int32MultiArray()
                0x00000000080026a0                std_msgs::Int32MultiArray::Int32MultiArray()
 .text._ZNK8std_msgs15Int32MultiArray9serializeEPh
                0x00000000080026dc       0xe0 Core/Src/mainpp.o
                0x00000000080026dc                std_msgs::Int32MultiArray::serialize(unsigned char*) const
 .text._ZN8std_msgs15Int32MultiArray11deserializeEPh
                0x00000000080027bc      0x118 Core/Src/mainpp.o
                0x00000000080027bc                std_msgs::Int32MultiArray::deserialize(unsigned char*)
 .text._ZN8std_msgs15Int32MultiArray7getTypeEv
                0x00000000080028d4       0x1c Core/Src/mainpp.o
                0x00000000080028d4                std_msgs::Int32MultiArray::getType()
 .text._ZN8std_msgs15Int32MultiArray6getMD5Ev
                0x00000000080028f0       0x1c Core/Src/mainpp.o
                0x00000000080028f0                std_msgs::Int32MultiArray::getMD5()
 .text._Z9servos_goRKN8std_msgs15Int32MultiArrayE
                0x000000000800290c       0x80 Core/Src/mainpp.o
                0x000000000800290c                servos_go(std_msgs::Int32MultiArray const&)
 .text.setup    0x000000000800298c       0x44 Core/Src/mainpp.o
                0x000000000800298c                setup
 .text.loop     0x00000000080029d0       0x14 Core/Src/mainpp.o
                0x00000000080029d0                loop
 .text._Z3mapiiiii
                0x00000000080029e4       0x86 Core/Src/mainpp.o
                0x00000000080029e4                map(int, int, int, int, int)
 *fill*         0x0000000008002a6a        0x2 
 .text._Z11servo_writeii
                0x0000000008002a6c       0xa4 Core/Src/mainpp.o
                0x0000000008002a6c                servo_write(int, int)
 .text._ZN3ros3Msg8varToArrIPhmEEvT_T0_
                0x0000000008002b10       0x3c Core/Src/mainpp.o
                0x0000000008002b10                void ros::Msg::varToArr<unsigned char*, unsigned long>(unsigned char*, unsigned long)
 .text._ZN3ros3Msg8arrToVarImPhEEvRT_T0_
                0x0000000008002b4c       0x4a Core/Src/mainpp.o
                0x0000000008002b4c                void ros::Msg::arrToVar<unsigned long, unsigned char*>(unsigned long&, unsigned char*)
 *fill*         0x0000000008002b96        0x2 
 .text._ZN3ros15NodeHandleBase_C2Ev
                0x0000000008002b98       0x20 Core/Src/mainpp.o
                0x0000000008002b98                ros::NodeHandleBase_::NodeHandleBase_()
                0x0000000008002b98                ros::NodeHandleBase_::NodeHandleBase_()
 .text._ZN3ros11NodeHandle_I13STM32HardwareLi25ELi25ELi512ELi512EEC2Ev
                0x0000000008002bb8       0xfc Core/Src/mainpp.o
                0x0000000008002bb8                ros::NodeHandle_<STM32Hardware, 25, 25, 512, 512>::NodeHandle_()
                0x0000000008002bb8                ros::NodeHandle_<STM32Hardware, 25, 25, 512, 512>::NodeHandle_()
 .text._ZN3ros11Subscriber_C2Ev
                0x0000000008002cb4       0x20 Core/Src/mainpp.o
                0x0000000008002cb4                ros::Subscriber_::Subscriber_()
                0x0000000008002cb4                ros::Subscriber_::Subscriber_()
 .text._ZN3ros10SubscriberIN8std_msgs15Int32MultiArrayEvEC2EPKcPFvRKS2_Ei
                0x0000000008002cd4       0x48 Core/Src/mainpp.o
                0x0000000008002cd4                ros::Subscriber<std_msgs::Int32MultiArray, void>::Subscriber(char const*, void (*)(std_msgs::Int32MultiArray const&), int)
                0x0000000008002cd4                ros::Subscriber<std_msgs::Int32MultiArray, void>::Subscriber(char const*, void (*)(std_msgs::Int32MultiArray const&), int)
 .text._ZN3ros11NodeHandle_I13STM32HardwareLi25ELi25ELi512ELi512EE8initNodeEv
                0x0000000008002d1c       0x3a Core/Src/mainpp.o
                0x0000000008002d1c                ros::NodeHandle_<STM32Hardware, 25, 25, 512, 512>::initNode()
 .text._ZN3ros11NodeHandle_I13STM32HardwareLi25ELi25ELi512ELi512EE9subscribeINS_10SubscriberIN8std_msgs15Int32MultiArrayEvEEEEbRT_
                0x0000000008002d56       0x5a Core/Src/mainpp.o
                0x0000000008002d56                bool ros::NodeHandle_<STM32Hardware, 25, 25, 512, 512>::subscribe<ros::Subscriber<std_msgs::Int32MultiArray, void> >(ros::Subscriber<std_msgs::Int32MultiArray, void>&)
 .text._ZN3ros11NodeHandle_I13STM32HardwareLi25ELi25ELi512ELi512EE8spinOnceEv
                0x0000000008002db0      0x3ac Core/Src/mainpp.o
                0x0000000008002db0                ros::NodeHandle_<STM32Hardware, 25, 25, 512, 512>::spinOnce()
 .text._ZN3ros11NodeHandle_I13STM32HardwareLi25ELi25ELi512ELi512EE15requestSyncTimeEv
                0x000000000800315c       0x3a Core/Src/mainpp.o
                0x000000000800315c                ros::NodeHandle_<STM32Hardware, 25, 25, 512, 512>::requestSyncTime()
 .text._ZN3ros11NodeHandle_I13STM32HardwareLi25ELi25ELi512ELi512EE15negotiateTopicsEv
                0x0000000008003196      0x1c0 Core/Src/mainpp.o
                0x0000000008003196                ros::NodeHandle_<STM32Hardware, 25, 25, 512, 512>::negotiateTopics()
 *fill*         0x0000000008003356        0x2 
 .text._ZN3ros11NodeHandle_I13STM32HardwareLi25ELi25ELi512ELi512EE8syncTimeEPh
                0x0000000008003358       0x94 Core/Src/mainpp.o
                0x0000000008003358                ros::NodeHandle_<STM32Hardware, 25, 25, 512, 512>::syncTime(unsigned char*)
 .text._ZN3ros11NodeHandle_I13STM32HardwareLi25ELi25ELi512ELi512EE7publishEiPKNS_3MsgE
                0x00000000080033ec      0x124 Core/Src/mainpp.o
                0x00000000080033ec                ros::NodeHandle_<STM32Hardware, 25, 25, 512, 512>::publish(int, ros::Msg const*)
 .text._ZN3ros11NodeHandle_I13STM32HardwareLi25ELi25ELi512ELi512EE6setNowERNS_4TimeE
                0x0000000008003510       0x7c Core/Src/mainpp.o
                0x0000000008003510                ros::NodeHandle_<STM32Hardware, 25, 25, 512, 512>::setNow(ros::Time&)
 .text._ZN3ros11NodeHandle_I13STM32HardwareLi25ELi25ELi512ELi512EE8logerrorEPKc
                0x000000000800358c       0x1c Core/Src/mainpp.o
                0x000000000800358c                ros::NodeHandle_<STM32Hardware, 25, 25, 512, 512>::logerror(char const*)
 .text._ZN3ros11NodeHandle_I13STM32HardwareLi25ELi25ELi512ELi512EE3logEcPKc
                0x00000000080035a8       0x38 Core/Src/mainpp.o
                0x00000000080035a8                ros::NodeHandle_<STM32Hardware, 25, 25, 512, 512>::log(char, char const*)
 .text._Z41__static_initialization_and_destruction_0ii
                0x00000000080035e0       0x44 Core/Src/mainpp.o
 .text._ZN3ros10SubscriberIN8std_msgs15Int32MultiArrayEvE8callbackEPh
                0x0000000008003624       0x2a Core/Src/mainpp.o
                0x0000000008003624                ros::Subscriber<std_msgs::Int32MultiArray, void>::callback(unsigned char*)
 .text._ZN3ros10SubscriberIN8std_msgs15Int32MultiArrayEvE15getEndpointTypeEv
                0x000000000800364e       0x18 Core/Src/mainpp.o
                0x000000000800364e                ros::Subscriber<std_msgs::Int32MultiArray, void>::getEndpointType()
 .text._ZN3ros10SubscriberIN8std_msgs15Int32MultiArrayEvE10getMsgTypeEv
                0x0000000008003666       0x1c Core/Src/mainpp.o
                0x0000000008003666                ros::Subscriber<std_msgs::Int32MultiArray, void>::getMsgType()
 .text._ZN3ros10SubscriberIN8std_msgs15Int32MultiArrayEvE9getMsgMD5Ev
                0x0000000008003682       0x1c Core/Src/mainpp.o
                0x0000000008003682                ros::Subscriber<std_msgs::Int32MultiArray, void>::getMsgMD5()
 .text._ZN3ros11NodeHandle_I13STM32HardwareLi25ELi25ELi512ELi512EE9connectedEv
                0x000000000800369e       0x1a Core/Src/mainpp.o
                0x000000000800369e                ros::NodeHandle_<STM32Hardware, 25, 25, 512, 512>::connected()
 .text._GLOBAL__sub_I_val_0
                0x00000000080036b8       0x10 Core/Src/mainpp.o
 .text.HAL_MspInit
                0x00000000080036c8       0x50 Core/Src/stm32f4xx_hal_msp.o
                0x00000000080036c8                HAL_MspInit
 .text.HAL_TIM_Base_MspInit
                0x0000000008003718       0x44 Core/Src/stm32f4xx_hal_msp.o
                0x0000000008003718                HAL_TIM_Base_MspInit
 .text.HAL_TIM_MspPostInit
                0x000000000800375c       0x74 Core/Src/stm32f4xx_hal_msp.o
                0x000000000800375c                HAL_TIM_MspPostInit
 .text.HAL_UART_MspInit
                0x00000000080037d0      0x16c Core/Src/stm32f4xx_hal_msp.o
                0x00000000080037d0                HAL_UART_MspInit
 .text.NMI_Handler
                0x000000000800393c        0x6 Core/Src/stm32f4xx_it.o
                0x000000000800393c                NMI_Handler
 .text.HardFault_Handler
                0x0000000008003942        0x6 Core/Src/stm32f4xx_it.o
                0x0000000008003942                HardFault_Handler
 .text.MemManage_Handler
                0x0000000008003948        0x6 Core/Src/stm32f4xx_it.o
                0x0000000008003948                MemManage_Handler
 .text.BusFault_Handler
                0x000000000800394e        0x6 Core/Src/stm32f4xx_it.o
                0x000000000800394e                BusFault_Handler
 .text.UsageFault_Handler
                0x0000000008003954        0x6 Core/Src/stm32f4xx_it.o
                0x0000000008003954                UsageFault_Handler
 .text.SVC_Handler
                0x000000000800395a        0xe Core/Src/stm32f4xx_it.o
                0x000000000800395a                SVC_Handler
 .text.DebugMon_Handler
                0x0000000008003968        0xe Core/Src/stm32f4xx_it.o
                0x0000000008003968                DebugMon_Handler
 .text.PendSV_Handler
                0x0000000008003976        0xe Core/Src/stm32f4xx_it.o
                0x0000000008003976                PendSV_Handler
 .text.SysTick_Handler
                0x0000000008003984        0xc Core/Src/stm32f4xx_it.o
                0x0000000008003984                SysTick_Handler
 .text.DMA1_Stream5_IRQHandler
                0x0000000008003990       0x14 Core/Src/stm32f4xx_it.o
                0x0000000008003990                DMA1_Stream5_IRQHandler
 .text.DMA1_Stream6_IRQHandler
                0x00000000080039a4       0x14 Core/Src/stm32f4xx_it.o
                0x00000000080039a4                DMA1_Stream6_IRQHandler
 .text.USART2_IRQHandler
                0x00000000080039b8       0x14 Core/Src/stm32f4xx_it.o
                0x00000000080039b8                USART2_IRQHandler
 .text._getpid  0x00000000080039cc       0x10 Core/Src/syscalls.o
                0x00000000080039cc                _getpid
 .text._kill    0x00000000080039dc       0x20 Core/Src/syscalls.o
                0x00000000080039dc                _kill
 .text._exit    0x00000000080039fc       0x14 Core/Src/syscalls.o
                0x00000000080039fc                _exit
 .text._sbrk    0x0000000008003a10       0x6c Core/Src/sysmem.o
                0x0000000008003a10                _sbrk
 .text.SystemInit
                0x0000000008003a7c       0x2c Core/Src/system_stm32f4xx.o
                0x0000000008003a7c                SystemInit
 .text._ZN3ros16normalizeSecNSecERmS0_
                0x0000000008003aa8       0x58 Core/Src/time.o
                0x0000000008003aa8                ros::normalizeSecNSec(unsigned long&, unsigned long&)
 .text.Reset_Handler
                0x0000000008003b00       0x50 Core/Startup/startup_stm32f446retx.o
                0x0000000008003b00                Reset_Handler
 .text.Default_Handler
                0x0000000008003b50        0x2 Core/Startup/startup_stm32f446retx.o
                0x0000000008003b50                RTC_Alarm_IRQHandler
                0x0000000008003b50                EXTI2_IRQHandler
                0x0000000008003b50                TIM8_CC_IRQHandler
                0x0000000008003b50                FMPI2C1_EV_IRQHandler
                0x0000000008003b50                SPI4_IRQHandler
                0x0000000008003b50                TIM1_CC_IRQHandler
                0x0000000008003b50                DMA2_Stream5_IRQHandler
                0x0000000008003b50                PVD_IRQHandler
                0x0000000008003b50                SDIO_IRQHandler
                0x0000000008003b50                TAMP_STAMP_IRQHandler
                0x0000000008003b50                CAN2_RX1_IRQHandler
                0x0000000008003b50                EXTI3_IRQHandler
                0x0000000008003b50                TIM8_TRG_COM_TIM14_IRQHandler
                0x0000000008003b50                TIM1_UP_TIM10_IRQHandler
                0x0000000008003b50                TIM8_UP_TIM13_IRQHandler
                0x0000000008003b50                I2C3_ER_IRQHandler
                0x0000000008003b50                EXTI0_IRQHandler
                0x0000000008003b50                I2C2_EV_IRQHandler
                0x0000000008003b50                DMA1_Stream2_IRQHandler
                0x0000000008003b50                CAN1_RX0_IRQHandler
                0x0000000008003b50                FPU_IRQHandler
                0x0000000008003b50                OTG_HS_WKUP_IRQHandler
                0x0000000008003b50                CAN2_SCE_IRQHandler
                0x0000000008003b50                DMA2_Stream2_IRQHandler
                0x0000000008003b50                SPI1_IRQHandler
                0x0000000008003b50                TIM6_DAC_IRQHandler
                0x0000000008003b50                TIM1_BRK_TIM9_IRQHandler
                0x0000000008003b50                DCMI_IRQHandler
                0x0000000008003b50                CAN2_RX0_IRQHandler
                0x0000000008003b50                DMA2_Stream3_IRQHandler
                0x0000000008003b50                SAI2_IRQHandler
                0x0000000008003b50                USART6_IRQHandler
                0x0000000008003b50                USART3_IRQHandler
                0x0000000008003b50                CAN1_RX1_IRQHandler
                0x0000000008003b50                UART5_IRQHandler
                0x0000000008003b50                DMA2_Stream0_IRQHandler
                0x0000000008003b50                TIM4_IRQHandler
                0x0000000008003b50                QUADSPI_IRQHandler
                0x0000000008003b50                I2C1_EV_IRQHandler
                0x0000000008003b50                DMA1_Stream1_IRQHandler
                0x0000000008003b50                UART4_IRQHandler
                0x0000000008003b50                TIM3_IRQHandler
                0x0000000008003b50                RCC_IRQHandler
                0x0000000008003b50                TIM8_BRK_TIM12_IRQHandler
                0x0000000008003b50                Default_Handler
                0x0000000008003b50                CEC_IRQHandler
                0x0000000008003b50                EXTI15_10_IRQHandler
                0x0000000008003b50                ADC_IRQHandler
                0x0000000008003b50                DMA1_Stream7_IRQHandler
                0x0000000008003b50                TIM7_IRQHandler
                0x0000000008003b50                CAN2_TX_IRQHandler
                0x0000000008003b50                TIM5_IRQHandler
                0x0000000008003b50                DMA2_Stream7_IRQHandler
                0x0000000008003b50                I2C3_EV_IRQHandler
                0x0000000008003b50                EXTI9_5_IRQHandler
                0x0000000008003b50                RTC_WKUP_IRQHandler
                0x0000000008003b50                SPDIF_RX_IRQHandler
                0x0000000008003b50                SPI2_IRQHandler
                0x0000000008003b50                OTG_HS_EP1_IN_IRQHandler
                0x0000000008003b50                DMA1_Stream0_IRQHandler
                0x0000000008003b50                CAN1_TX_IRQHandler
                0x0000000008003b50                FMPI2C1_ER_IRQHandler
                0x0000000008003b50                EXTI4_IRQHandler
                0x0000000008003b50                OTG_HS_EP1_OUT_IRQHandler
                0x0000000008003b50                WWDG_IRQHandler
                0x0000000008003b50                TIM2_IRQHandler
                0x0000000008003b50                OTG_FS_WKUP_IRQHandler
                0x0000000008003b50                TIM1_TRG_COM_TIM11_IRQHandler
                0x0000000008003b50                OTG_HS_IRQHandler
                0x0000000008003b50                EXTI1_IRQHandler
                0x0000000008003b50                I2C2_ER_IRQHandler
                0x0000000008003b50                DMA2_Stream1_IRQHandler
                0x0000000008003b50                CAN1_SCE_IRQHandler
                0x0000000008003b50                FLASH_IRQHandler
                0x0000000008003b50                DMA2_Stream4_IRQHandler
                0x0000000008003b50                USART1_IRQHandler
                0x0000000008003b50                OTG_FS_IRQHandler
                0x0000000008003b50                SPI3_IRQHandler
                0x0000000008003b50                DMA1_Stream4_IRQHandler
                0x0000000008003b50                I2C1_ER_IRQHandler
                0x0000000008003b50                FMC_IRQHandler
                0x0000000008003b50                DMA2_Stream6_IRQHandler
                0x0000000008003b50                SAI1_IRQHandler
                0x0000000008003b50                DMA1_Stream3_IRQHandler
 *fill*         0x0000000008003b52        0x2 
 .text.HAL_Init
                0x0000000008003b54       0x44 Drivers/STM32F4xx_HAL_Driver/Src/stm32f4xx_hal.o
                0x0000000008003b54                HAL_Init
 .text.HAL_InitTick
                0x0000000008003b98       0x60 Drivers/STM32F4xx_HAL_Driver/Src/stm32f4xx_hal.o
                0x0000000008003b98                HAL_InitTick
 .text.HAL_IncTick
                0x0000000008003bf8       0x28 Drivers/STM32F4xx_HAL_Driver/Src/stm32f4xx_hal.o
                0x0000000008003bf8                HAL_IncTick
 .text.HAL_GetTick
                0x0000000008003c20       0x18 Drivers/STM32F4xx_HAL_Driver/Src/stm32f4xx_hal.o
                0x0000000008003c20                HAL_GetTick
 .text.__NVIC_SetPriorityGrouping
                0x0000000008003c38       0x48 Drivers/STM32F4xx_HAL_Driver/Src/stm32f4xx_hal_cortex.o
 .text.__NVIC_GetPriorityGrouping
                0x0000000008003c80       0x1c Drivers/STM32F4xx_HAL_Driver/Src/stm32f4xx_hal_cortex.o
 .text.__NVIC_EnableIRQ
                0x0000000008003c9c       0x3c Drivers/STM32F4xx_HAL_Driver/Src/stm32f4xx_hal_cortex.o
 .text.__NVIC_SetPriority
                0x0000000008003cd8       0x54 Drivers/STM32F4xx_HAL_Driver/Src/stm32f4xx_hal_cortex.o
 .text.NVIC_EncodePriority
                0x0000000008003d2c       0x66 Drivers/STM32F4xx_HAL_Driver/Src/stm32f4xx_hal_cortex.o
 *fill*         0x0000000008003d92        0x2 
 .text.SysTick_Config
                0x0000000008003d94       0x44 Drivers/STM32F4xx_HAL_Driver/Src/stm32f4xx_hal_cortex.o
 .text.HAL_NVIC_SetPriorityGrouping
                0x0000000008003dd8       0x16 Drivers/STM32F4xx_HAL_Driver/Src/stm32f4xx_hal_cortex.o
                0x0000000008003dd8                HAL_NVIC_SetPriorityGrouping
 .text.HAL_NVIC_SetPriority
                0x0000000008003dee       0x38 Drivers/STM32F4xx_HAL_Driver/Src/stm32f4xx_hal_cortex.o
                0x0000000008003dee                HAL_NVIC_SetPriority
 .text.HAL_NVIC_EnableIRQ
                0x0000000008003e26       0x1c Drivers/STM32F4xx_HAL_Driver/Src/stm32f4xx_hal_cortex.o
                0x0000000008003e26                HAL_NVIC_EnableIRQ
 .text.HAL_SYSTICK_Config
                0x0000000008003e42       0x18 Drivers/STM32F4xx_HAL_Driver/Src/stm32f4xx_hal_cortex.o
                0x0000000008003e42                HAL_SYSTICK_Config
 *fill*         0x0000000008003e5a        0x2 
 .text.HAL_DMA_Init
                0x0000000008003e5c      0x15c Drivers/STM32F4xx_HAL_Driver/Src/stm32f4xx_hal_dma.o
                0x0000000008003e5c                HAL_DMA_Init
 .text.HAL_DMA_Start_IT
                0x0000000008003fb8       0xb0 Drivers/STM32F4xx_HAL_Driver/Src/stm32f4xx_hal_dma.o
                0x0000000008003fb8                HAL_DMA_Start_IT
 .text.HAL_DMA_Abort_IT
                0x0000000008004068       0x44 Drivers/STM32F4xx_HAL_Driver/Src/stm32f4xx_hal_dma.o
                0x0000000008004068                HAL_DMA_Abort_IT
 .text.HAL_DMA_IRQHandler
                0x00000000080040ac      0x314 Drivers/STM32F4xx_HAL_Driver/Src/stm32f4xx_hal_dma.o
                0x00000000080040ac                HAL_DMA_IRQHandler
 .text.DMA_SetConfig
                0x00000000080043c0       0x5c Drivers/STM32F4xx_HAL_Driver/Src/stm32f4xx_hal_dma.o
 .text.DMA_CalcBaseAndBitshift
                0x000000000800441c       0x6c Drivers/STM32F4xx_HAL_Driver/Src/stm32f4xx_hal_dma.o
 .text.DMA_CheckFifoParam
                0x0000000008004488       0xf4 Drivers/STM32F4xx_HAL_Driver/Src/stm32f4xx_hal_dma.o
 .text.HAL_GPIO_Init
                0x000000000800457c      0x324 Drivers/STM32F4xx_HAL_Driver/Src/stm32f4xx_hal_gpio.o
                0x000000000800457c                HAL_GPIO_Init
 .text.HAL_GPIO_WritePin
                0x00000000080048a0       0x32 Drivers/STM32F4xx_HAL_Driver/Src/stm32f4xx_hal_gpio.o
                0x00000000080048a0                HAL_GPIO_WritePin
 *fill*         0x00000000080048d2        0x2 
 .text.HAL_RCC_ClockConfig
                0x00000000080048d4      0x1cc Drivers/STM32F4xx_HAL_Driver/Src/stm32f4xx_hal_rcc.o
                0x00000000080048d4                HAL_RCC_ClockConfig
 .text.HAL_RCC_GetHCLKFreq
                0x0000000008004aa0       0x18 Drivers/STM32F4xx_HAL_Driver/Src/stm32f4xx_hal_rcc.o
                0x0000000008004aa0                HAL_RCC_GetHCLKFreq
 .text.HAL_RCC_GetPCLK1Freq
                0x0000000008004ab8       0x28 Drivers/STM32F4xx_HAL_Driver/Src/stm32f4xx_hal_rcc.o
                0x0000000008004ab8                HAL_RCC_GetPCLK1Freq
 .text.HAL_RCC_GetPCLK2Freq
                0x0000000008004ae0       0x28 Drivers/STM32F4xx_HAL_Driver/Src/stm32f4xx_hal_rcc.o
                0x0000000008004ae0                HAL_RCC_GetPCLK2Freq
 .text.HAL_RCC_GetSysClockFreq
                0x0000000008004b08      0x340 Drivers/STM32F4xx_HAL_Driver/Src/stm32f4xx_hal_rcc_ex.o
                0x0000000008004b08                HAL_RCC_GetSysClockFreq
 .text.HAL_RCC_OscConfig
                0x0000000008004e48      0x4b4 Drivers/STM32F4xx_HAL_Driver/Src/stm32f4xx_hal_rcc_ex.o
                0x0000000008004e48                HAL_RCC_OscConfig
 .text.HAL_TIM_Base_Init
                0x00000000080052fc       0x56 Drivers/STM32F4xx_HAL_Driver/Src/stm32f4xx_hal_tim.o
                0x00000000080052fc                HAL_TIM_Base_Init
 .text.HAL_TIM_PWM_Init
                0x0000000008005352       0x56 Drivers/STM32F4xx_HAL_Driver/Src/stm32f4xx_hal_tim.o
                0x0000000008005352                HAL_TIM_PWM_Init
 .text.HAL_TIM_PWM_MspInit
                0x00000000080053a8       0x14 Drivers/STM32F4xx_HAL_Driver/Src/stm32f4xx_hal_tim.o
                0x00000000080053a8                HAL_TIM_PWM_MspInit
 .text.HAL_TIM_PWM_Start
                0x00000000080053bc       0x7c Drivers/STM32F4xx_HAL_Driver/Src/stm32f4xx_hal_tim.o
                0x00000000080053bc                HAL_TIM_PWM_Start
 .text.HAL_TIM_PWM_ConfigChannel
                0x0000000008005438      0x18c Drivers/STM32F4xx_HAL_Driver/Src/stm32f4xx_hal_tim.o
                0x0000000008005438                HAL_TIM_PWM_ConfigChannel
 .text.HAL_TIM_ConfigClockSource
                0x00000000080055c4      0x16e Drivers/STM32F4xx_HAL_Driver/Src/stm32f4xx_hal_tim.o
                0x00000000080055c4                HAL_TIM_ConfigClockSource
 *fill*         0x0000000008005732        0x2 
 .text.TIM_Base_SetConfig
                0x0000000008005734      0x140 Drivers/STM32F4xx_HAL_Driver/Src/stm32f4xx_hal_tim.o
                0x0000000008005734                TIM_Base_SetConfig
 .text.TIM_OC1_SetConfig
                0x0000000008005874       0xe0 Drivers/STM32F4xx_HAL_Driver/Src/stm32f4xx_hal_tim.o
 .text.TIM_OC2_SetConfig
                0x0000000008005954       0xec Drivers/STM32F4xx_HAL_Driver/Src/stm32f4xx_hal_tim.o
                0x0000000008005954                TIM_OC2_SetConfig
 .text.TIM_OC3_SetConfig
                0x0000000008005a40       0xe8 Drivers/STM32F4xx_HAL_Driver/Src/stm32f4xx_hal_tim.o
 .text.TIM_OC4_SetConfig
                0x0000000008005b28       0xac Drivers/STM32F4xx_HAL_Driver/Src/stm32f4xx_hal_tim.o
 .text.TIM_TI1_ConfigInputStage
                0x0000000008005bd4       0x5e Drivers/STM32F4xx_HAL_Driver/Src/stm32f4xx_hal_tim.o
 .text.TIM_TI2_ConfigInputStage
                0x0000000008005c32       0x60 Drivers/STM32F4xx_HAL_Driver/Src/stm32f4xx_hal_tim.o
 .text.TIM_ITRx_SetConfig
                0x0000000008005c92       0x36 Drivers/STM32F4xx_HAL_Driver/Src/stm32f4xx_hal_tim.o
 .text.TIM_ETR_SetConfig
                0x0000000008005cc8       0x40 Drivers/STM32F4xx_HAL_Driver/Src/stm32f4xx_hal_tim.o
                0x0000000008005cc8                TIM_ETR_SetConfig
 .text.TIM_CCxChannelCmd
                0x0000000008005d08       0x4a Drivers/STM32F4xx_HAL_Driver/Src/stm32f4xx_hal_tim.o
                0x0000000008005d08                TIM_CCxChannelCmd
 *fill*         0x0000000008005d52        0x2 
 .text.HAL_TIMEx_MasterConfigSynchronization
                0x0000000008005d54       0xf8 Drivers/STM32F4xx_HAL_Driver/Src/stm32f4xx_hal_tim_ex.o
                0x0000000008005d54                HAL_TIMEx_MasterConfigSynchronization
 .text.HAL_TIMEx_ConfigBreakDeadTime
                0x0000000008005e4c       0xa4 Drivers/STM32F4xx_HAL_Driver/Src/stm32f4xx_hal_tim_ex.o
                0x0000000008005e4c                HAL_TIMEx_ConfigBreakDeadTime
 .text.HAL_UART_Init
                0x0000000008005ef0       0x9a Drivers/STM32F4xx_HAL_Driver/Src/stm32f4xx_hal_uart.o
                0x0000000008005ef0                HAL_UART_Init
 *fill*         0x0000000008005f8a        0x2 
 .text.HAL_UART_Transmit_DMA
                0x0000000008005f8c       0xd8 Drivers/STM32F4xx_HAL_Driver/Src/stm32f4xx_hal_uart.o
                0x0000000008005f8c                HAL_UART_Transmit_DMA
 .text.HAL_UART_Receive_DMA
                0x0000000008006064      0x100 Drivers/STM32F4xx_HAL_Driver/Src/stm32f4xx_hal_uart.o
                0x0000000008006064                HAL_UART_Receive_DMA
 .text.HAL_UART_IRQHandler
                0x0000000008006164      0x200 Drivers/STM32F4xx_HAL_Driver/Src/stm32f4xx_hal_uart.o
                0x0000000008006164                HAL_UART_IRQHandler
 .text.HAL_UART_TxHalfCpltCallback
                0x0000000008006364       0x14 Drivers/STM32F4xx_HAL_Driver/Src/stm32f4xx_hal_uart.o
                0x0000000008006364                HAL_UART_TxHalfCpltCallback
 .text.HAL_UART_RxHalfCpltCallback
                0x0000000008006378       0x14 Drivers/STM32F4xx_HAL_Driver/Src/stm32f4xx_hal_uart.o
                0x0000000008006378                HAL_UART_RxHalfCpltCallback
 .text.HAL_UART_ErrorCallback
                0x000000000800638c       0x14 Drivers/STM32F4xx_HAL_Driver/Src/stm32f4xx_hal_uart.o
                0x000000000800638c                HAL_UART_ErrorCallback
 .text.UART_DMATransmitCplt
                0x00000000080063a0       0x52 Drivers/STM32F4xx_HAL_Driver/Src/stm32f4xx_hal_uart.o
 .text.UART_DMATxHalfCplt
                0x00000000080063f2       0x1c Drivers/STM32F4xx_HAL_Driver/Src/stm32f4xx_hal_uart.o
 .text.UART_DMAReceiveCplt
                0x000000000800640e       0x68 Drivers/STM32F4xx_HAL_Driver/Src/stm32f4xx_hal_uart.o
 .text.UART_DMARxHalfCplt
                0x0000000008006476       0x1c Drivers/STM32F4xx_HAL_Driver/Src/stm32f4xx_hal_uart.o
 .text.UART_DMAError
                0x0000000008006492       0x94 Drivers/STM32F4xx_HAL_Driver/Src/stm32f4xx_hal_uart.o
 .text.UART_EndTxTransfer
                0x0000000008006526       0x2c Drivers/STM32F4xx_HAL_Driver/Src/stm32f4xx_hal_uart.o
 .text.UART_EndRxTransfer
                0x0000000008006552       0x3c Drivers/STM32F4xx_HAL_Driver/Src/stm32f4xx_hal_uart.o
 .text.UART_DMAAbortOnError
                0x000000000800658e       0x28 Drivers/STM32F4xx_HAL_Driver/Src/stm32f4xx_hal_uart.o
 .text.UART_Transmit_IT
                0x00000000080065b6       0xac Drivers/STM32F4xx_HAL_Driver/Src/stm32f4xx_hal_uart.o
 .text.UART_EndTransmit_IT
                0x0000000008006662       0x30 Drivers/STM32F4xx_HAL_Driver/Src/stm32f4xx_hal_uart.o
 .text.UART_Receive_IT
                0x0000000008006692      0x102 Drivers/STM32F4xx_HAL_Driver/Src/stm32f4xx_hal_uart.o
 .text.UART_SetConfig
                0x0000000008006794      0x6f8 Drivers/STM32F4xx_HAL_Driver/Src/stm32f4xx_hal_uart.o
 .text.__cxa_pure_virtual
                0x0000000008006e8c        0x6 /opt/st/stm32cubeide_1.5.1/plugins/com.st.stm32cube.ide.mcu.externaltools.gnu-tools-for-stm32.7-2018-q2-update.linux64_1.5.0.202011040924/tools/bin/../lib/gcc/arm-none-eabi/7.3.1/../../../../arm-none-eabi/lib/thumb/v7e-m/fpv4-sp/hard/libstdc++_nano.a(pure.o)
                0x0000000008006e8c                __cxa_pure_virtual
 .text._ZN10__cxxabiv111__terminateEPFvvE
                0x0000000008006e92        0x8 /opt/st/stm32cubeide_1.5.1/plugins/com.st.stm32cube.ide.mcu.externaltools.gnu-tools-for-stm32.7-2018-q2-update.linux64_1.5.0.202011040924/tools/bin/../lib/gcc/arm-none-eabi/7.3.1/../../../../arm-none-eabi/lib/thumb/v7e-m/fpv4-sp/hard/libstdc++_nano.a(eh_terminate.o)
                0x0000000008006e92                __cxxabiv1::__terminate(void (*)())
 *fill*         0x0000000008006e9a        0x2 
 .text._ZSt13get_terminatev
                0x0000000008006e9c       0x10 /opt/st/stm32cubeide_1.5.1/plugins/com.st.stm32cube.ide.mcu.externaltools.gnu-tools-for-stm32.7-2018-q2-update.linux64_1.5.0.202011040924/tools/bin/../lib/gcc/arm-none-eabi/7.3.1/../../../../arm-none-eabi/lib/thumb/v7e-m/fpv4-sp/hard/libstdc++_nano.a(eh_terminate.o)
                0x0000000008006e9c                std::get_terminate()
 .text._ZSt9terminatev
                0x0000000008006eac        0xa /opt/st/stm32cubeide_1.5.1/plugins/com.st.stm32cube.ide.mcu.externaltools.gnu-tools-for-stm32.7-2018-q2-update.linux64_1.5.0.202011040924/tools/bin/../lib/gcc/arm-none-eabi/7.3.1/../../../../arm-none-eabi/lib/thumb/v7e-m/fpv4-sp/hard/libstdc++_nano.a(eh_terminate.o)
                0x0000000008006eac                std::terminate()
 .text.abort    0x0000000008006eb6        0xe /opt/st/stm32cubeide_1.5.1/plugins/com.st.stm32cube.ide.mcu.externaltools.gnu-tools-for-stm32.7-2018-q2-update.linux64_1.5.0.202011040924/tools/bin/../lib/gcc/arm-none-eabi/7.3.1/../../../../arm-none-eabi/lib/thumb/v7e-m/fpv4-sp/hard/libc_nano.a(lib_a-abort.o)
                0x0000000008006eb6                abort
 .text.__errno  0x0000000008006ec4        0xc /opt/st/stm32cubeide_1.5.1/plugins/com.st.stm32cube.ide.mcu.externaltools.gnu-tools-for-stm32.7-2018-q2-update.linux64_1.5.0.202011040924/tools/bin/../lib/gcc/arm-none-eabi/7.3.1/../../../../arm-none-eabi/lib/thumb/v7e-m/fpv4-sp/hard/libc_nano.a(lib_a-errno.o)
                0x0000000008006ec4                __errno
 .text.__libc_init_array
                0x0000000008006ed0       0x48 /opt/st/stm32cubeide_1.5.1/plugins/com.st.stm32cube.ide.mcu.externaltools.gnu-tools-for-stm32.7-2018-q2-update.linux64_1.5.0.202011040924/tools/bin/../lib/gcc/arm-none-eabi/7.3.1/../../../../arm-none-eabi/lib/thumb/v7e-m/fpv4-sp/hard/libc_nano.a(lib_a-init.o)
                0x0000000008006ed0                __libc_init_array
 .text.memcpy   0x0000000008006f18       0x16 /opt/st/stm32cubeide_1.5.1/plugins/com.st.stm32cube.ide.mcu.externaltools.gnu-tools-for-stm32.7-2018-q2-update.linux64_1.5.0.202011040924/tools/bin/../lib/gcc/arm-none-eabi/7.3.1/../../../../arm-none-eabi/lib/thumb/v7e-m/fpv4-sp/hard/libc_nano.a(lib_a-memcpy-stub.o)
                0x0000000008006f18                memcpy
 .text.memset   0x0000000008006f2e       0x10 /opt/st/stm32cubeide_1.5.1/plugins/com.st.stm32cube.ide.mcu.externaltools.gnu-tools-for-stm32.7-2018-q2-update.linux64_1.5.0.202011040924/tools/bin/../lib/gcc/arm-none-eabi/7.3.1/../../../../arm-none-eabi/lib/thumb/v7e-m/fpv4-sp/hard/libc_nano.a(lib_a-memset.o)
                0x0000000008006f2e                memset
 *fill*         0x0000000008006f3e        0x2 
 .text.realloc  0x0000000008006f40       0x10 /opt/st/stm32cubeide_1.5.1/plugins/com.st.stm32cube.ide.mcu.externaltools.gnu-tools-for-stm32.7-2018-q2-update.linux64_1.5.0.202011040924/tools/bin/../lib/gcc/arm-none-eabi/7.3.1/../../../../arm-none-eabi/lib/thumb/v7e-m/fpv4-sp/hard/libc_nano.a(lib_a-realloc.o)
                0x0000000008006f40                realloc
 .text._raise_r
                0x0000000008006f50       0x50 /opt/st/stm32cubeide_1.5.1/plugins/com.st.stm32cube.ide.mcu.externaltools.gnu-tools-for-stm32.7-2018-q2-update.linux64_1.5.0.202011040924/tools/bin/../lib/gcc/arm-none-eabi/7.3.1/../../../../arm-none-eabi/lib/thumb/v7e-m/fpv4-sp/hard/libc_nano.a(lib_a-signal.o)
                0x0000000008006f50                _raise_r
 .text.raise    0x0000000008006fa0       0x10 /opt/st/stm32cubeide_1.5.1/plugins/com.st.stm32cube.ide.mcu.externaltools.gnu-tools-for-stm32.7-2018-q2-update.linux64_1.5.0.202011040924/tools/bin/../lib/gcc/arm-none-eabi/7.3.1/../../../../arm-none-eabi/lib/thumb/v7e-m/fpv4-sp/hard/libc_nano.a(lib_a-signal.o)
                0x0000000008006fa0                raise
 .text._kill_r  0x0000000008006fb0       0x24 /opt/st/stm32cubeide_1.5.1/plugins/com.st.stm32cube.ide.mcu.externaltools.gnu-tools-for-stm32.7-2018-q2-update.linux64_1.5.0.202011040924/tools/bin/../lib/gcc/arm-none-eabi/7.3.1/../../../../arm-none-eabi/lib/thumb/v7e-m/fpv4-sp/hard/libc_nano.a(lib_a-signalr.o)
                0x0000000008006fb0                _kill_r
 .text._getpid_r
                0x0000000008006fd4        0x4 /opt/st/stm32cubeide_1.5.1/plugins/com.st.stm32cube.ide.mcu.externaltools.gnu-tools-for-stm32.7-2018-q2-update.linux64_1.5.0.202011040924/tools/bin/../lib/gcc/arm-none-eabi/7.3.1/../../../../arm-none-eabi/lib/thumb/v7e-m/fpv4-sp/hard/libc_nano.a(lib_a-signalr.o)
                0x0000000008006fd4                _getpid_r
 .text._malloc_r
                0x0000000008006fd8       0xb4 /opt/st/stm32cubeide_1.5.1/plugins/com.st.stm32cube.ide.mcu.externaltools.gnu-tools-for-stm32.7-2018-q2-update.linux64_1.5.0.202011040924/tools/bin/../lib/gcc/arm-none-eabi/7.3.1/../../../../arm-none-eabi/lib/thumb/v7e-m/fpv4-sp/hard/libc_nano.a(lib_a-nano-mallocr.o)
                0x0000000008006fd8                _malloc_r
 .text._realloc_r
                0x000000000800708c       0x4c /opt/st/stm32cubeide_1.5.1/plugins/com.st.stm32cube.ide.mcu.externaltools.gnu-tools-for-stm32.7-2018-q2-update.linux64_1.5.0.202011040924/tools/bin/../lib/gcc/arm-none-eabi/7.3.1/../../../../arm-none-eabi/lib/thumb/v7e-m/fpv4-sp/hard/libc_nano.a(lib_a-nano-reallocr.o)
                0x000000000800708c                _realloc_r
 .text._sbrk_r  0x00000000080070d8       0x20 /opt/st/stm32cubeide_1.5.1/plugins/com.st.stm32cube.ide.mcu.externaltools.gnu-tools-for-stm32.7-2018-q2-update.linux64_1.5.0.202011040924/tools/bin/../lib/gcc/arm-none-eabi/7.3.1/../../../../arm-none-eabi/lib/thumb/v7e-m/fpv4-sp/hard/libc_nano.a(lib_a-sbrkr.o)
                0x00000000080070d8                _sbrk_r
 .text.__malloc_lock
                0x00000000080070f8        0x2 /opt/st/stm32cubeide_1.5.1/plugins/com.st.stm32cube.ide.mcu.externaltools.gnu-tools-for-stm32.7-2018-q2-update.linux64_1.5.0.202011040924/tools/bin/../lib/gcc/arm-none-eabi/7.3.1/../../../../arm-none-eabi/lib/thumb/v7e-m/fpv4-sp/hard/libc_nano.a(lib_a-mlock.o)
                0x00000000080070f8                __malloc_lock
 .text.__malloc_unlock
                0x00000000080070fa        0x2 /opt/st/stm32cubeide_1.5.1/plugins/com.st.stm32cube.ide.mcu.externaltools.gnu-tools-for-stm32.7-2018-q2-update.linux64_1.5.0.202011040924/tools/bin/../lib/gcc/arm-none-eabi/7.3.1/../../../../arm-none-eabi/lib/thumb/v7e-m/fpv4-sp/hard/libc_nano.a(lib_a-mlock.o)
                0x00000000080070fa                __malloc_unlock
 .text._free_r  0x00000000080070fc       0x9c /opt/st/stm32cubeide_1.5.1/plugins/com.st.stm32cube.ide.mcu.externaltools.gnu-tools-for-stm32.7-2018-q2-update.linux64_1.5.0.202011040924/tools/bin/../lib/gcc/arm-none-eabi/7.3.1/../../../../arm-none-eabi/lib/thumb/v7e-m/fpv4-sp/hard/libc_nano.a(lib_a-nano-freer.o)
                0x00000000080070fc                _free_r
 .text._malloc_usable_size_r
                0x0000000008007198       0x10 /opt/st/stm32cubeide_1.5.1/plugins/com.st.stm32cube.ide.mcu.externaltools.gnu-tools-for-stm32.7-2018-q2-update.linux64_1.5.0.202011040924/tools/bin/../lib/gcc/arm-none-eabi/7.3.1/../../../../arm-none-eabi/lib/thumb/v7e-m/fpv4-sp/hard/libc_nano.a(lib_a-nano-msizer.o)
                0x0000000008007198                _malloc_usable_size_r
 *(.glue_7)
 .glue_7        0x00000000080071a8        0x0 linker stubs
 *(.glue_7t)
 .glue_7t       0x00000000080071a8        0x0 linker stubs
 *(.eh_frame)
 .eh_frame      0x00000000080071a8        0x0 /opt/st/stm32cubeide_1.5.1/plugins/com.st.stm32cube.ide.mcu.externaltools.gnu-tools-for-stm32.7-2018-q2-update.linux64_1.5.0.202011040924/tools/bin/../lib/gcc/arm-none-eabi/7.3.1/thumb/v7e-m/fpv4-sp/hard/crtbegin.o
 *(.init)
 .init          0x00000000080071a8        0x4 /opt/st/stm32cubeide_1.5.1/plugins/com.st.stm32cube.ide.mcu.externaltools.gnu-tools-for-stm32.7-2018-q2-update.linux64_1.5.0.202011040924/tools/bin/../lib/gcc/arm-none-eabi/7.3.1/thumb/v7e-m/fpv4-sp/hard/crti.o
                0x00000000080071a8                _init
 .init          0x00000000080071ac        0x8 /opt/st/stm32cubeide_1.5.1/plugins/com.st.stm32cube.ide.mcu.externaltools.gnu-tools-for-stm32.7-2018-q2-update.linux64_1.5.0.202011040924/tools/bin/../lib/gcc/arm-none-eabi/7.3.1/thumb/v7e-m/fpv4-sp/hard/crtn.o
 *(.fini)
 .fini          0x00000000080071b4        0x4 /opt/st/stm32cubeide_1.5.1/plugins/com.st.stm32cube.ide.mcu.externaltools.gnu-tools-for-stm32.7-2018-q2-update.linux64_1.5.0.202011040924/tools/bin/../lib/gcc/arm-none-eabi/7.3.1/thumb/v7e-m/fpv4-sp/hard/crti.o
                0x00000000080071b4                _fini
 .fini          0x00000000080071b8        0x8 /opt/st/stm32cubeide_1.5.1/plugins/com.st.stm32cube.ide.mcu.externaltools.gnu-tools-for-stm32.7-2018-q2-update.linux64_1.5.0.202011040924/tools/bin/../lib/gcc/arm-none-eabi/7.3.1/thumb/v7e-m/fpv4-sp/hard/crtn.o
                0x00000000080071c0                . = ALIGN (0x4)
                0x00000000080071c0                _etext = .

.vfp11_veneer   0x00000000080071c0        0x0
 .vfp11_veneer  0x00000000080071c0        0x0 linker stubs

.v4_bx          0x00000000080071c0        0x0
 .v4_bx         0x00000000080071c0        0x0 linker stubs

.iplt           0x00000000080071c0        0x0
 .iplt          0x00000000080071c0        0x0 /opt/st/stm32cubeide_1.5.1/plugins/com.st.stm32cube.ide.mcu.externaltools.gnu-tools-for-stm32.7-2018-q2-update.linux64_1.5.0.202011040924/tools/bin/../lib/gcc/arm-none-eabi/7.3.1/thumb/v7e-m/fpv4-sp/hard/crtbegin.o

.rodata         0x00000000080071c0      0x338
                0x00000000080071c0                . = ALIGN (0x4)
 *(.rodata)
 .rodata        0x00000000080071c0      0x1e3 Core/Src/mainpp.o
 *(.rodata*)
 *fill*         0x00000000080073a3        0x1 
 .rodata._ZN14rosserial_msgsL12REQUESTPARAME
                0x00000000080073a4       0x1c Core/Src/mainpp.o
 .rodata._ZTVN3ros10SubscriberIN8std_msgs15Int32MultiArrayEvEE
                0x00000000080073c0       0x18 Core/Src/mainpp.o
                0x00000000080073c0                vtable for ros::Subscriber<std_msgs::Int32MultiArray, void>
 .rodata._ZTVN3ros11NodeHandle_I13STM32HardwareLi25ELi25ELi512ELi512EEE
                0x00000000080073d8       0x14 Core/Src/mainpp.o
                0x00000000080073d8                vtable for ros::NodeHandle_<STM32Hardware, 25, 25, 512, 512>
 .rodata._ZTVN8std_msgs15Int32MultiArrayE
                0x00000000080073ec       0x18 Core/Src/mainpp.o
                0x00000000080073ec                vtable for std_msgs::Int32MultiArray
 .rodata._ZTVN8std_msgs16MultiArrayLayoutE
                0x0000000008007404       0x18 Core/Src/mainpp.o
                0x0000000008007404                vtable for std_msgs::MultiArrayLayout
 .rodata._ZTVN8std_msgs19MultiArrayDimensionE
                0x000000000800741c       0x18 Core/Src/mainpp.o
                0x000000000800741c                vtable for std_msgs::MultiArrayDimension
 .rodata._ZTVN3ros11Subscriber_E
                0x0000000008007434       0x18 Core/Src/mainpp.o
                0x0000000008007434                vtable for ros::Subscriber_
 .rodata._ZTVN3ros15NodeHandleBase_E
                0x000000000800744c       0x14 Core/Src/mainpp.o
                0x000000000800744c                vtable for ros::NodeHandleBase_
 .rodata._ZTVN14rosserial_msgs20RequestParamResponseE
                0x0000000008007460       0x18 Core/Src/mainpp.o
                0x0000000008007460                vtable for rosserial_msgs::RequestParamResponse
 .rodata._ZTVN14rosserial_msgs3LogE
                0x0000000008007478       0x18 Core/Src/mainpp.o
                0x0000000008007478                vtable for rosserial_msgs::Log
 .rodata._ZTVN14rosserial_msgs9TopicInfoE
                0x0000000008007490       0x18 Core/Src/mainpp.o
                0x0000000008007490                vtable for rosserial_msgs::TopicInfo
 .rodata._ZTVN8std_msgs4TimeE
                0x00000000080074a8       0x18 Core/Src/mainpp.o
                0x00000000080074a8                vtable for std_msgs::Time
 .rodata._ZTVN3ros3MsgE
                0x00000000080074c0       0x18 Core/Src/mainpp.o
                0x00000000080074c0                vtable for ros::Msg
 .rodata.AHBPrescTable
                0x00000000080074d8       0x10 Core/Src/system_stm32f4xx.o
                0x00000000080074d8                AHBPrescTable
 .rodata.APBPrescTable
                0x00000000080074e8        0x8 Core/Src/system_stm32f4xx.o
                0x00000000080074e8                APBPrescTable
 .rodata.flagBitshiftOffset.8173
                0x00000000080074f0        0x8 Drivers/STM32F4xx_HAL_Driver/Src/stm32f4xx_hal_dma.o
                0x00000000080074f8                . = ALIGN (0x4)

.ARM.extab      0x00000000080074f8        0x0
                0x00000000080074f8                . = ALIGN (0x4)
 *(.ARM.extab* .gnu.linkonce.armextab.*)
                0x00000000080074f8                . = ALIGN (0x4)

.ARM            0x00000000080074f8        0x8
                0x00000000080074f8                . = ALIGN (0x4)
                0x00000000080074f8                __exidx_start = .
 *(.ARM.exidx*)
 .ARM.exidx     0x00000000080074f8        0x8 /opt/st/stm32cubeide_1.5.1/plugins/com.st.stm32cube.ide.mcu.externaltools.gnu-tools-for-stm32.7-2018-q2-update.linux64_1.5.0.202011040924/tools/bin/../lib/gcc/arm-none-eabi/7.3.1/thumb/v7e-m/fpv4-sp/hard/libgcc.a(_udivmoddi4.o)
                0x0000000008007500                __exidx_end = .
                0x0000000008007500                . = ALIGN (0x4)

.rel.dyn        0x0000000008007500        0x0
 .rel.iplt      0x0000000008007500        0x0 /opt/st/stm32cubeide_1.5.1/plugins/com.st.stm32cube.ide.mcu.externaltools.gnu-tools-for-stm32.7-2018-q2-update.linux64_1.5.0.202011040924/tools/bin/../lib/gcc/arm-none-eabi/7.3.1/thumb/v7e-m/fpv4-sp/hard/crtbegin.o

.preinit_array  0x0000000008007500        0x0
                0x0000000008007500                . = ALIGN (0x4)
                0x0000000008007500                PROVIDE (__preinit_array_start = .)
 *(.preinit_array*)
                0x0000000008007500                PROVIDE (__preinit_array_end = .)
                0x0000000008007500                . = ALIGN (0x4)

.init_array     0x0000000008007500        0xc
                0x0000000008007500                . = ALIGN (0x4)
                0x0000000008007500                PROVIDE (__init_array_start = .)
 *(SORT_BY_NAME(.init_array.*))
 *(.init_array*)
 .init_array    0x0000000008007500        0x4 /opt/st/stm32cubeide_1.5.1/plugins/com.st.stm32cube.ide.mcu.externaltools.gnu-tools-for-stm32.7-2018-q2-update.linux64_1.5.0.202011040924/tools/bin/../lib/gcc/arm-none-eabi/7.3.1/thumb/v7e-m/fpv4-sp/hard/crtbegin.o
 .init_array    0x0000000008007504        0x4 Core/Src/BufferedSerial.o
 .init_array    0x0000000008007508        0x4 Core/Src/mainpp.o
                0x000000000800750c                PROVIDE (__init_array_end = .)
                0x000000000800750c                . = ALIGN (0x4)

.fini_array     0x000000000800750c        0x4
                0x000000000800750c                . = ALIGN (0x4)
                [!provide]                        PROVIDE (__fini_array_start = .)
 *(SORT_BY_NAME(.fini_array.*))
 *(.fini_array*)
 .fini_array    0x000000000800750c        0x4 /opt/st/stm32cubeide_1.5.1/plugins/com.st.stm32cube.ide.mcu.externaltools.gnu-tools-for-stm32.7-2018-q2-update.linux64_1.5.0.202011040924/tools/bin/../lib/gcc/arm-none-eabi/7.3.1/thumb/v7e-m/fpv4-sp/hard/crtbegin.o
                [!provide]                        PROVIDE (__fini_array_end = .)
                0x0000000008007510                . = ALIGN (0x4)
                0x0000000008007510                _sidata = LOADADDR (.data)

.data           0x0000000020000000       0x74 load address 0x0000000008007510
                0x0000000020000000                . = ALIGN (0x4)
                0x0000000020000000                _sdata = .
 *(.data)
 *(.data*)
 .data.SystemCoreClock
                0x0000000020000000        0x4 Core/Src/system_stm32f4xx.o
                0x0000000020000000                SystemCoreClock
 .data.uwTickPrio
                0x0000000020000004        0x4 Drivers/STM32F4xx_HAL_Driver/Src/stm32f4xx_hal.o
                0x0000000020000004                uwTickPrio
 .data.uwTickFreq
                0x0000000020000008        0x1 Drivers/STM32F4xx_HAL_Driver/Src/stm32f4xx_hal.o
                0x0000000020000008                uwTickFreq
 *fill*         0x0000000020000009        0x3 
 .data._ZN10__cxxabiv119__terminate_handlerE
                0x000000002000000c        0x4 /opt/st/stm32cubeide_1.5.1/plugins/com.st.stm32cube.ide.mcu.externaltools.gnu-tools-for-stm32.7-2018-q2-update.linux64_1.5.0.202011040924/tools/bin/../lib/gcc/arm-none-eabi/7.3.1/../../../../arm-none-eabi/lib/thumb/v7e-m/fpv4-sp/hard/libstdc++_nano.a(eh_term_handler.o)
                0x000000002000000c                __cxxabiv1::__terminate_handler
 .data._impure_ptr
                0x0000000020000010        0x4 /opt/st/stm32cubeide_1.5.1/plugins/com.st.stm32cube.ide.mcu.externaltools.gnu-tools-for-stm32.7-2018-q2-update.linux64_1.5.0.202011040924/tools/bin/../lib/gcc/arm-none-eabi/7.3.1/../../../../arm-none-eabi/lib/thumb/v7e-m/fpv4-sp/hard/libc_nano.a(lib_a-impure.o)
                0x0000000020000010                _impure_ptr
 .data.impure_data
                0x0000000020000014       0x60 /opt/st/stm32cubeide_1.5.1/plugins/com.st.stm32cube.ide.mcu.externaltools.gnu-tools-for-stm32.7-2018-q2-update.linux64_1.5.0.202011040924/tools/bin/../lib/gcc/arm-none-eabi/7.3.1/../../../../arm-none-eabi/lib/thumb/v7e-m/fpv4-sp/hard/libc_nano.a(lib_a-impure.o)
 *(.RamFunc)
 *(.RamFunc*)
                0x0000000020000074                . = ALIGN (0x4)
                0x0000000020000074                _edata = .

.igot.plt       0x0000000020000074        0x0 load address 0x0000000008007584
 .igot.plt      0x0000000020000074        0x0 /opt/st/stm32cubeide_1.5.1/plugins/com.st.stm32cube.ide.mcu.externaltools.gnu-tools-for-stm32.7-2018-q2-update.linux64_1.5.0.202011040924/tools/bin/../lib/gcc/arm-none-eabi/7.3.1/thumb/v7e-m/fpv4-sp/hard/crtbegin.o
                0x0000000020000074                . = ALIGN (0x4)

.bss            0x0000000020000074      0xb04 load address 0x0000000008007584
                0x0000000020000074                _sbss = .
                0x0000000020000074                __bss_start__ = _sbss
 *(.bss)
 .bss           0x0000000020000074       0x1c /opt/st/stm32cubeide_1.5.1/plugins/com.st.stm32cube.ide.mcu.externaltools.gnu-tools-for-stm32.7-2018-q2-update.linux64_1.5.0.202011040924/tools/bin/../lib/gcc/arm-none-eabi/7.3.1/thumb/v7e-m/fpv4-sp/hard/crtbegin.o
 *(.bss*)
 .bss.buff_serial
                0x0000000020000090      0x40c Core/Src/BufferedSerial.o
                0x0000000020000090                buff_serial
 .bss._ZZN14BufferedSerial15flush_tx_bufferEvE5mutex
                0x000000002000049c        0x1 Core/Src/BufferedSerial.o
 *fill*         0x000000002000049d        0x3 
 .bss.val_0     0x00000000200004a0        0x4 Core/Src/mainpp.o
                0x00000000200004a0                val_0
 .bss.val_1     0x00000000200004a4        0x4 Core/Src/mainpp.o
                0x00000000200004a4                val_1
 .bss.val_2     0x00000000200004a8        0x4 Core/Src/mainpp.o
                0x00000000200004a8                val_2
 .bss.val_3     0x00000000200004ac        0x4 Core/Src/mainpp.o
                0x00000000200004ac                val_3
 .bss.nh        0x00000000200004b0      0x530 Core/Src/mainpp.o
                0x00000000200004b0                nh
 .bss.servo_sub
                0x00000000200009e0       0x44 Core/Src/mainpp.o
                0x00000000200009e0                servo_sub
 .bss.__sbrk_heap_end
                0x0000000020000a24        0x4 Core/Src/sysmem.o
 .bss.__malloc_free_list
                0x0000000020000a28        0x4 /opt/st/stm32cubeide_1.5.1/plugins/com.st.stm32cube.ide.mcu.externaltools.gnu-tools-for-stm32.7-2018-q2-update.linux64_1.5.0.202011040924/tools/bin/../lib/gcc/arm-none-eabi/7.3.1/../../../../arm-none-eabi/lib/thumb/v7e-m/fpv4-sp/hard/libc_nano.a(lib_a-nano-mallocr.o)
                0x0000000020000a28                __malloc_free_list
 .bss.__malloc_sbrk_start
                0x0000000020000a2c        0x4 /opt/st/stm32cubeide_1.5.1/plugins/com.st.stm32cube.ide.mcu.externaltools.gnu-tools-for-stm32.7-2018-q2-update.linux64_1.5.0.202011040924/tools/bin/../lib/gcc/arm-none-eabi/7.3.1/../../../../arm-none-eabi/lib/thumb/v7e-m/fpv4-sp/hard/libc_nano.a(lib_a-nano-mallocr.o)
                0x0000000020000a2c                __malloc_sbrk_start
 *(COMMON)
 COMMON         0x0000000020000a30      0x140 Core/Src/main.o
                0x0000000020000a30                hdma_usart2_rx
                0x0000000020000a90                hdma_usart2_tx
                0x0000000020000af0                htim1
                0x0000000020000b30                huart2
 COMMON         0x0000000020000b70        0x4 Drivers/STM32F4xx_HAL_Driver/Src/stm32f4xx_hal.o
                0x0000000020000b70                uwTick
 COMMON         0x0000000020000b74        0x4 /opt/st/stm32cubeide_1.5.1/plugins/com.st.stm32cube.ide.mcu.externaltools.gnu-tools-for-stm32.7-2018-q2-update.linux64_1.5.0.202011040924/tools/bin/../lib/gcc/arm-none-eabi/7.3.1/../../../../arm-none-eabi/lib/thumb/v7e-m/fpv4-sp/hard/libc_nano.a(lib_a-reent.o)
                0x0000000020000b74                errno
                0x0000000020000b78                . = ALIGN (0x4)
                0x0000000020000b78                _ebss = .
                0x0000000020000b78                __bss_end__ = _ebss

._user_heap_stack
                0x0000000020000b78      0x600 load address 0x0000000008007584
                0x0000000020000b78                . = ALIGN (0x8)
                [!provide]                        PROVIDE (end = .)
                0x0000000020000b78                PROVIDE (_end = .)
                0x0000000020000d78                . = (. + _Min_Heap_Size)
 *fill*         0x0000000020000b78      0x200 
                0x0000000020001178                . = (. + _Min_Stack_Size)
 *fill*         0x0000000020000d78      0x400 
                0x0000000020001178                . = ALIGN (0x8)

/DISCARD/
 libc.a(*)
 libm.a(*)
 libgcc.a(*)

.ARM.attributes
                0x0000000000000000       0x30
 *(.ARM.attributes)
 .ARM.attributes
                0x0000000000000000       0x22 /opt/st/stm32cubeide_1.5.1/plugins/com.st.stm32cube.ide.mcu.externaltools.gnu-tools-for-stm32.7-2018-q2-update.linux64_1.5.0.202011040924/tools/bin/../lib/gcc/arm-none-eabi/7.3.1/thumb/v7e-m/fpv4-sp/hard/crti.o
 .ARM.attributes
                0x0000000000000022       0x34 /opt/st/stm32cubeide_1.5.1/plugins/com.st.stm32cube.ide.mcu.externaltools.gnu-tools-for-stm32.7-2018-q2-update.linux64_1.5.0.202011040924/tools/bin/../lib/gcc/arm-none-eabi/7.3.1/thumb/v7e-m/fpv4-sp/hard/crtbegin.o
 .ARM.attributes
                0x0000000000000056       0x39 Core/Src/BufferedSerial.o
 .ARM.attributes
                0x000000000000008f       0x39 Core/Src/main.o
 .ARM.attributes
                0x00000000000000c8       0x39 Core/Src/mainpp.o
 .ARM.attributes
                0x0000000000000101       0x39 Core/Src/stm32f4xx_hal_msp.o
 .ARM.attributes
                0x000000000000013a       0x39 Core/Src/stm32f4xx_it.o
 .ARM.attributes
                0x0000000000000173       0x39 Core/Src/syscalls.o
 .ARM.attributes
                0x00000000000001ac       0x39 Core/Src/sysmem.o
 .ARM.attributes
                0x00000000000001e5       0x39 Core/Src/system_stm32f4xx.o
 .ARM.attributes
                0x000000000000021e       0x39 Core/Src/time.o
 .ARM.attributes
                0x0000000000000257       0x21 Core/Startup/startup_stm32f446retx.o
 .ARM.attributes
                0x0000000000000278       0x39 Drivers/STM32F4xx_HAL_Driver/Src/stm32f4xx_hal.o
 .ARM.attributes
                0x00000000000002b1       0x39 Drivers/STM32F4xx_HAL_Driver/Src/stm32f4xx_hal_cortex.o
 .ARM.attributes
                0x00000000000002ea       0x39 Drivers/STM32F4xx_HAL_Driver/Src/stm32f4xx_hal_dma.o
 .ARM.attributes
                0x0000000000000323       0x39 Drivers/STM32F4xx_HAL_Driver/Src/stm32f4xx_hal_gpio.o
 .ARM.attributes
                0x000000000000035c       0x39 Drivers/STM32F4xx_HAL_Driver/Src/stm32f4xx_hal_rcc.o
 .ARM.attributes
                0x0000000000000395       0x39 Drivers/STM32F4xx_HAL_Driver/Src/stm32f4xx_hal_rcc_ex.o
 .ARM.attributes
                0x00000000000003ce       0x39 Drivers/STM32F4xx_HAL_Driver/Src/stm32f4xx_hal_tim.o
 .ARM.attributes
                0x0000000000000407       0x39 Drivers/STM32F4xx_HAL_Driver/Src/stm32f4xx_hal_tim_ex.o
 .ARM.attributes
                0x0000000000000440       0x39 Drivers/STM32F4xx_HAL_Driver/Src/stm32f4xx_hal_uart.o
 .ARM.attributes
                0x0000000000000479       0x34 /opt/st/stm32cubeide_1.5.1/plugins/com.st.stm32cube.ide.mcu.externaltools.gnu-tools-for-stm32.7-2018-q2-update.linux64_1.5.0.202011040924/tools/bin/../lib/gcc/arm-none-eabi/7.3.1/../../../../arm-none-eabi/lib/thumb/v7e-m/fpv4-sp/hard/libstdc++_nano.a(pure.o)
 .ARM.attributes
                0x00000000000004ad       0x34 /opt/st/stm32cubeide_1.5.1/plugins/com.st.stm32cube.ide.mcu.externaltools.gnu-tools-for-stm32.7-2018-q2-update.linux64_1.5.0.202011040924/tools/bin/../lib/gcc/arm-none-eabi/7.3.1/../../../../arm-none-eabi/lib/thumb/v7e-m/fpv4-sp/hard/libstdc++_nano.a(eh_terminate.o)
 .ARM.attributes
                0x00000000000004e1       0x34 /opt/st/stm32cubeide_1.5.1/plugins/com.st.stm32cube.ide.mcu.externaltools.gnu-tools-for-stm32.7-2018-q2-update.linux64_1.5.0.202011040924/tools/bin/../lib/gcc/arm-none-eabi/7.3.1/../../../../arm-none-eabi/lib/thumb/v7e-m/fpv4-sp/hard/libstdc++_nano.a(eh_term_handler.o)
 .ARM.attributes
                0x0000000000000515       0x34 /opt/st/stm32cubeide_1.5.1/plugins/com.st.stm32cube.ide.mcu.externaltools.gnu-tools-for-stm32.7-2018-q2-update.linux64_1.5.0.202011040924/tools/bin/../lib/gcc/arm-none-eabi/7.3.1/../../../../arm-none-eabi/lib/thumb/v7e-m/fpv4-sp/hard/libc_nano.a(lib_a-abort.o)
 .ARM.attributes
                0x0000000000000549       0x34 /opt/st/stm32cubeide_1.5.1/plugins/com.st.stm32cube.ide.mcu.externaltools.gnu-tools-for-stm32.7-2018-q2-update.linux64_1.5.0.202011040924/tools/bin/../lib/gcc/arm-none-eabi/7.3.1/../../../../arm-none-eabi/lib/thumb/v7e-m/fpv4-sp/hard/libc_nano.a(lib_a-errno.o)
 .ARM.attributes
                0x000000000000057d       0x34 /opt/st/stm32cubeide_1.5.1/plugins/com.st.stm32cube.ide.mcu.externaltools.gnu-tools-for-stm32.7-2018-q2-update.linux64_1.5.0.202011040924/tools/bin/../lib/gcc/arm-none-eabi/7.3.1/../../../../arm-none-eabi/lib/thumb/v7e-m/fpv4-sp/hard/libc_nano.a(lib_a-impure.o)
 .ARM.attributes
                0x00000000000005b1       0x34 /opt/st/stm32cubeide_1.5.1/plugins/com.st.stm32cube.ide.mcu.externaltools.gnu-tools-for-stm32.7-2018-q2-update.linux64_1.5.0.202011040924/tools/bin/../lib/gcc/arm-none-eabi/7.3.1/../../../../arm-none-eabi/lib/thumb/v7e-m/fpv4-sp/hard/libc_nano.a(lib_a-init.o)
 .ARM.attributes
                0x00000000000005e5       0x34 /opt/st/stm32cubeide_1.5.1/plugins/com.st.stm32cube.ide.mcu.externaltools.gnu-tools-for-stm32.7-2018-q2-update.linux64_1.5.0.202011040924/tools/bin/../lib/gcc/arm-none-eabi/7.3.1/../../../../arm-none-eabi/lib/thumb/v7e-m/fpv4-sp/hard/libc_nano.a(lib_a-memcpy-stub.o)
 .ARM.attributes
                0x0000000000000619       0x34 /opt/st/stm32cubeide_1.5.1/plugins/com.st.stm32cube.ide.mcu.externaltools.gnu-tools-for-stm32.7-2018-q2-update.linux64_1.5.0.202011040924/tools/bin/../lib/gcc/arm-none-eabi/7.3.1/../../../../arm-none-eabi/lib/thumb/v7e-m/fpv4-sp/hard/libc_nano.a(lib_a-memset.o)
 .ARM.attributes
                0x000000000000064d       0x34 /opt/st/stm32cubeide_1.5.1/plugins/com.st.stm32cube.ide.mcu.externaltools.gnu-tools-for-stm32.7-2018-q2-update.linux64_1.5.0.202011040924/tools/bin/../lib/gcc/arm-none-eabi/7.3.1/../../../../arm-none-eabi/lib/thumb/v7e-m/fpv4-sp/hard/libc_nano.a(lib_a-realloc.o)
 .ARM.attributes
                0x0000000000000681       0x34 /opt/st/stm32cubeide_1.5.1/plugins/com.st.stm32cube.ide.mcu.externaltools.gnu-tools-for-stm32.7-2018-q2-update.linux64_1.5.0.202011040924/tools/bin/../lib/gcc/arm-none-eabi/7.3.1/../../../../arm-none-eabi/lib/thumb/v7e-m/fpv4-sp/hard/libc_nano.a(lib_a-signal.o)
 .ARM.attributes
                0x00000000000006b5       0x34 /opt/st/stm32cubeide_1.5.1/plugins/com.st.stm32cube.ide.mcu.externaltools.gnu-tools-for-stm32.7-2018-q2-update.linux64_1.5.0.202011040924/tools/bin/../lib/gcc/arm-none-eabi/7.3.1/../../../../arm-none-eabi/lib/thumb/v7e-m/fpv4-sp/hard/libc_nano.a(lib_a-signalr.o)
 .ARM.attributes
                0x00000000000006e9       0x1b /opt/st/stm32cubeide_1.5.1/plugins/com.st.stm32cube.ide.mcu.externaltools.gnu-tools-for-stm32.7-2018-q2-update.linux64_1.5.0.202011040924/tools/bin/../lib/gcc/arm-none-eabi/7.3.1/../../../../arm-none-eabi/lib/thumb/v7e-m/fpv4-sp/hard/libc_nano.a(lib_a-strlen.o)
 .ARM.attributes
                0x0000000000000704       0x34 /opt/st/stm32cubeide_1.5.1/plugins/com.st.stm32cube.ide.mcu.externaltools.gnu-tools-for-stm32.7-2018-q2-update.linux64_1.5.0.202011040924/tools/bin/../lib/gcc/arm-none-eabi/7.3.1/../../../../arm-none-eabi/lib/thumb/v7e-m/fpv4-sp/hard/libc_nano.a(lib_a-nano-mallocr.o)
 .ARM.attributes
                0x0000000000000738       0x34 /opt/st/stm32cubeide_1.5.1/plugins/com.st.stm32cube.ide.mcu.externaltools.gnu-tools-for-stm32.7-2018-q2-update.linux64_1.5.0.202011040924/tools/bin/../lib/gcc/arm-none-eabi/7.3.1/../../../../arm-none-eabi/lib/thumb/v7e-m/fpv4-sp/hard/libc_nano.a(lib_a-nano-reallocr.o)
 .ARM.attributes
                0x000000000000076c       0x34 /opt/st/stm32cubeide_1.5.1/plugins/com.st.stm32cube.ide.mcu.externaltools.gnu-tools-for-stm32.7-2018-q2-update.linux64_1.5.0.202011040924/tools/bin/../lib/gcc/arm-none-eabi/7.3.1/../../../../arm-none-eabi/lib/thumb/v7e-m/fpv4-sp/hard/libc_nano.a(lib_a-reent.o)
 .ARM.attributes
                0x00000000000007a0       0x34 /opt/st/stm32cubeide_1.5.1/plugins/com.st.stm32cube.ide.mcu.externaltools.gnu-tools-for-stm32.7-2018-q2-update.linux64_1.5.0.202011040924/tools/bin/../lib/gcc/arm-none-eabi/7.3.1/../../../../arm-none-eabi/lib/thumb/v7e-m/fpv4-sp/hard/libc_nano.a(lib_a-sbrkr.o)
 .ARM.attributes
                0x00000000000007d4       0x34 /opt/st/stm32cubeide_1.5.1/plugins/com.st.stm32cube.ide.mcu.externaltools.gnu-tools-for-stm32.7-2018-q2-update.linux64_1.5.0.202011040924/tools/bin/../lib/gcc/arm-none-eabi/7.3.1/../../../../arm-none-eabi/lib/thumb/v7e-m/fpv4-sp/hard/libc_nano.a(lib_a-mlock.o)
 .ARM.attributes
                0x0000000000000808       0x34 /opt/st/stm32cubeide_1.5.1/plugins/com.st.stm32cube.ide.mcu.externaltools.gnu-tools-for-stm32.7-2018-q2-update.linux64_1.5.0.202011040924/tools/bin/../lib/gcc/arm-none-eabi/7.3.1/../../../../arm-none-eabi/lib/thumb/v7e-m/fpv4-sp/hard/libc_nano.a(lib_a-nano-freer.o)
 .ARM.attributes
                0x000000000000083c       0x34 /opt/st/stm32cubeide_1.5.1/plugins/com.st.stm32cube.ide.mcu.externaltools.gnu-tools-for-stm32.7-2018-q2-update.linux64_1.5.0.202011040924/tools/bin/../lib/gcc/arm-none-eabi/7.3.1/../../../../arm-none-eabi/lib/thumb/v7e-m/fpv4-sp/hard/libc_nano.a(lib_a-nano-msizer.o)
 .ARM.attributes
                0x0000000000000870       0x22 /opt/st/stm32cubeide_1.5.1/plugins/com.st.stm32cube.ide.mcu.externaltools.gnu-tools-for-stm32.7-2018-q2-update.linux64_1.5.0.202011040924/tools/bin/../lib/gcc/arm-none-eabi/7.3.1/thumb/v7e-m/fpv4-sp/hard/libgcc.a(_arm_addsubdf3.o)
 .ARM.attributes
                0x0000000000000892       0x22 /opt/st/stm32cubeide_1.5.1/plugins/com.st.stm32cube.ide.mcu.externaltools.gnu-tools-for-stm32.7-2018-q2-update.linux64_1.5.0.202011040924/tools/bin/../lib/gcc/arm-none-eabi/7.3.1/thumb/v7e-m/fpv4-sp/hard/libgcc.a(_arm_muldivdf3.o)
 .ARM.attributes
                0x00000000000008b4       0x22 /opt/st/stm32cubeide_1.5.1/plugins/com.st.stm32cube.ide.mcu.externaltools.gnu-tools-for-stm32.7-2018-q2-update.linux64_1.5.0.202011040924/tools/bin/../lib/gcc/arm-none-eabi/7.3.1/thumb/v7e-m/fpv4-sp/hard/libgcc.a(_arm_fixdfsi.o)
 .ARM.attributes
                0x00000000000008d6       0x22 /opt/st/stm32cubeide_1.5.1/plugins/com.st.stm32cube.ide.mcu.externaltools.gnu-tools-for-stm32.7-2018-q2-update.linux64_1.5.0.202011040924/tools/bin/../lib/gcc/arm-none-eabi/7.3.1/thumb/v7e-m/fpv4-sp/hard/libgcc.a(_aeabi_uldivmod.o)
 .ARM.attributes
                0x00000000000008f8       0x34 /opt/st/stm32cubeide_1.5.1/plugins/com.st.stm32cube.ide.mcu.externaltools.gnu-tools-for-stm32.7-2018-q2-update.linux64_1.5.0.202011040924/tools/bin/../lib/gcc/arm-none-eabi/7.3.1/thumb/v7e-m/fpv4-sp/hard/libgcc.a(_udivmoddi4.o)
 .ARM.attributes
                0x000000000000092c       0x22 /opt/st/stm32cubeide_1.5.1/plugins/com.st.stm32cube.ide.mcu.externaltools.gnu-tools-for-stm32.7-2018-q2-update.linux64_1.5.0.202011040924/tools/bin/../lib/gcc/arm-none-eabi/7.3.1/thumb/v7e-m/fpv4-sp/hard/libgcc.a(_dvmd_tls.o)
 .ARM.attributes
                0x000000000000094e       0x22 /opt/st/stm32cubeide_1.5.1/plugins/com.st.stm32cube.ide.mcu.externaltools.gnu-tools-for-stm32.7-2018-q2-update.linux64_1.5.0.202011040924/tools/bin/../lib/gcc/arm-none-eabi/7.3.1/thumb/v7e-m/fpv4-sp/hard/crtn.o
OUTPUT(multi_servo_test.elf elf32-littlearm)

.debug_info     0x0000000000000000    0x1449e
 .debug_info    0x0000000000000000     0x1240 Core/Src/BufferedSerial.o
 .debug_info    0x0000000000001240     0x124f Core/Src/main.o
 .debug_info    0x000000000000248f     0x53bb Core/Src/mainpp.o
 .debug_info    0x000000000000784a      0xf15 Core/Src/stm32f4xx_hal_msp.o
 .debug_info    0x000000000000875f      0x6bd Core/Src/stm32f4xx_it.o
 .debug_info    0x0000000000008e1c      0xebd Core/Src/syscalls.o
 .debug_info    0x0000000000009cd9      0x985 Core/Src/sysmem.o
 .debug_info    0x000000000000a65e      0x588 Core/Src/system_stm32f4xx.o
 .debug_info    0x000000000000abe6     0x13e9 Core/Src/time.o
 .debug_info    0x000000000000bfcf       0x22 Core/Startup/startup_stm32f446retx.o
 .debug_info    0x000000000000bff1      0x997 Drivers/STM32F4xx_HAL_Driver/Src/stm32f4xx_hal.o
 .debug_info    0x000000000000c988      0xe46 Drivers/STM32F4xx_HAL_Driver/Src/stm32f4xx_hal_cortex.o
 .debug_info    0x000000000000d7ce      0x968 Drivers/STM32F4xx_HAL_Driver/Src/stm32f4xx_hal_dma.o
 .debug_info    0x000000000000e136      0x803 Drivers/STM32F4xx_HAL_Driver/Src/stm32f4xx_hal_gpio.o
 .debug_info    0x000000000000e939      0x944 Drivers/STM32F4xx_HAL_Driver/Src/stm32f4xx_hal_rcc.o
 .debug_info    0x000000000000f27d      0x9d5 Drivers/STM32F4xx_HAL_Driver/Src/stm32f4xx_hal_rcc_ex.o
 .debug_info    0x000000000000fc52     0x24a9 Drivers/STM32F4xx_HAL_Driver/Src/stm32f4xx_hal_tim.o
 .debug_info    0x00000000000120fb     0x1157 Drivers/STM32F4xx_HAL_Driver/Src/stm32f4xx_hal_tim_ex.o
 .debug_info    0x0000000000013252     0x124c Drivers/STM32F4xx_HAL_Driver/Src/stm32f4xx_hal_uart.o

.debug_abbrev   0x0000000000000000     0x2c92
 .debug_abbrev  0x0000000000000000      0x32e Core/Src/BufferedSerial.o
 .debug_abbrev  0x000000000000032e      0x237 Core/Src/main.o
 .debug_abbrev  0x0000000000000565      0x854 Core/Src/mainpp.o
 .debug_abbrev  0x0000000000000db9      0x1c0 Core/Src/stm32f4xx_hal_msp.o
 .debug_abbrev  0x0000000000000f79      0x149 Core/Src/stm32f4xx_it.o
 .debug_abbrev  0x00000000000010c2      0x261 Core/Src/syscalls.o
 .debug_abbrev  0x0000000000001323      0x19b Core/Src/sysmem.o
 .debug_abbrev  0x00000000000014be      0x12b Core/Src/system_stm32f4xx.o
 .debug_abbrev  0x00000000000015e9      0x353 Core/Src/time.o
 .debug_abbrev  0x000000000000193c       0x12 Core/Startup/startup_stm32f446retx.o
 .debug_abbrev  0x000000000000194e      0x1c7 Drivers/STM32F4xx_HAL_Driver/Src/stm32f4xx_hal.o
 .debug_abbrev  0x0000000000001b15      0x2fa Drivers/STM32F4xx_HAL_Driver/Src/stm32f4xx_hal_cortex.o
 .debug_abbrev  0x0000000000001e0f      0x229 Drivers/STM32F4xx_HAL_Driver/Src/stm32f4xx_hal_dma.o
 .debug_abbrev  0x0000000000002038      0x1c9 Drivers/STM32F4xx_HAL_Driver/Src/stm32f4xx_hal_gpio.o
 .debug_abbrev  0x0000000000002201      0x245 Drivers/STM32F4xx_HAL_Driver/Src/stm32f4xx_hal_rcc.o
 .debug_abbrev  0x0000000000002446      0x1bc Drivers/STM32F4xx_HAL_Driver/Src/stm32f4xx_hal_rcc_ex.o
 .debug_abbrev  0x0000000000002602      0x230 Drivers/STM32F4xx_HAL_Driver/Src/stm32f4xx_hal_tim.o
 .debug_abbrev  0x0000000000002832      0x21e Drivers/STM32F4xx_HAL_Driver/Src/stm32f4xx_hal_tim_ex.o
 .debug_abbrev  0x0000000000002a50      0x242 Drivers/STM32F4xx_HAL_Driver/Src/stm32f4xx_hal_uart.o

.debug_aranges  0x0000000000000000      0xfd8
 .debug_aranges
                0x0000000000000000       0x70 Core/Src/BufferedSerial.o
 .debug_aranges
                0x0000000000000070       0x50 Core/Src/main.o
 .debug_aranges
                0x00000000000000c0      0x250 Core/Src/mainpp.o
 .debug_aranges
                0x0000000000000310       0x48 Core/Src/stm32f4xx_hal_msp.o
 .debug_aranges
                0x0000000000000358       0x78 Core/Src/stm32f4xx_it.o
 .debug_aranges
                0x00000000000003d0       0xa8 Core/Src/syscalls.o
 .debug_aranges
                0x0000000000000478       0x20 Core/Src/sysmem.o
 .debug_aranges
                0x0000000000000498       0x28 Core/Src/system_stm32f4xx.o
 .debug_aranges
                0x00000000000004c0       0x38 Core/Src/time.o
 .debug_aranges
                0x00000000000004f8       0x28 Core/Startup/startup_stm32f446retx.o
 .debug_aranges
                0x0000000000000520       0xf0 Drivers/STM32F4xx_HAL_Driver/Src/stm32f4xx_hal.o
 .debug_aranges
                0x0000000000000610      0x118 Drivers/STM32F4xx_HAL_Driver/Src/stm32f4xx_hal_cortex.o
 .debug_aranges
                0x0000000000000728       0x90 Drivers/STM32F4xx_HAL_Driver/Src/stm32f4xx_hal_dma.o
 .debug_aranges
                0x00000000000007b8       0x58 Drivers/STM32F4xx_HAL_Driver/Src/stm32f4xx_hal_gpio.o
 .debug_aranges
                0x0000000000000810       0x88 Drivers/STM32F4xx_HAL_Driver/Src/stm32f4xx_hal_rcc.o
 .debug_aranges
                0x0000000000000898       0x78 Drivers/STM32F4xx_HAL_Driver/Src/stm32f4xx_hal_rcc_ex.o
 .debug_aranges
                0x0000000000000910      0x3a8 Drivers/STM32F4xx_HAL_Driver/Src/stm32f4xx_hal_tim.o
 .debug_aranges
                0x0000000000000cb8      0x150 Drivers/STM32F4xx_HAL_Driver/Src/stm32f4xx_hal_tim_ex.o
 .debug_aranges
                0x0000000000000e08      0x1d0 Drivers/STM32F4xx_HAL_Driver/Src/stm32f4xx_hal_uart.o

.debug_ranges   0x0000000000000000      0xec8
 .debug_ranges  0x0000000000000000       0x60 Core/Src/BufferedSerial.o
 .debug_ranges  0x0000000000000060       0x40 Core/Src/main.o
 .debug_ranges  0x00000000000000a0      0x258 Core/Src/mainpp.o
 .debug_ranges  0x00000000000002f8       0x38 Core/Src/stm32f4xx_hal_msp.o
 .debug_ranges  0x0000000000000330       0x68 Core/Src/stm32f4xx_it.o
 .debug_ranges  0x0000000000000398       0x98 Core/Src/syscalls.o
 .debug_ranges  0x0000000000000430       0x10 Core/Src/sysmem.o
 .debug_ranges  0x0000000000000440       0x18 Core/Src/system_stm32f4xx.o
 .debug_ranges  0x0000000000000458       0x28 Core/Src/time.o
 .debug_ranges  0x0000000000000480       0x20 Core/Startup/startup_stm32f446retx.o
 .debug_ranges  0x00000000000004a0       0xe0 Drivers/STM32F4xx_HAL_Driver/Src/stm32f4xx_hal.o
 .debug_ranges  0x0000000000000580      0x108 Drivers/STM32F4xx_HAL_Driver/Src/stm32f4xx_hal_cortex.o
 .debug_ranges  0x0000000000000688       0x80 Drivers/STM32F4xx_HAL_Driver/Src/stm32f4xx_hal_dma.o
 .debug_ranges  0x0000000000000708       0x48 Drivers/STM32F4xx_HAL_Driver/Src/stm32f4xx_hal_gpio.o
 .debug_ranges  0x0000000000000750       0x78 Drivers/STM32F4xx_HAL_Driver/Src/stm32f4xx_hal_rcc.o
 .debug_ranges  0x00000000000007c8       0x68 Drivers/STM32F4xx_HAL_Driver/Src/stm32f4xx_hal_rcc_ex.o
 .debug_ranges  0x0000000000000830      0x398 Drivers/STM32F4xx_HAL_Driver/Src/stm32f4xx_hal_tim.o
 .debug_ranges  0x0000000000000bc8      0x140 Drivers/STM32F4xx_HAL_Driver/Src/stm32f4xx_hal_tim_ex.o
 .debug_ranges  0x0000000000000d08      0x1c0 Drivers/STM32F4xx_HAL_Driver/Src/stm32f4xx_hal_uart.o

.debug_macro    0x0000000000000000    0x259ab
 .debug_macro   0x0000000000000000      0x29d Core/Src/BufferedSerial.o
 .debug_macro   0x000000000000029d      0xb32 Core/Src/BufferedSerial.o
 .debug_macro   0x0000000000000dcf       0x22 Core/Src/BufferedSerial.o
 .debug_macro   0x0000000000000df1       0x40 Core/Src/BufferedSerial.o
 .debug_macro   0x0000000000000e31       0x18 Core/Src/BufferedSerial.o
 .debug_macro   0x0000000000000e49       0x94 Core/Src/BufferedSerial.o
 .debug_macro   0x0000000000000edd       0x3c Core/Src/BufferedSerial.o
 .debug_macro   0x0000000000000f19       0x34 Core/Src/BufferedSerial.o
 .debug_macro   0x0000000000000f4d      0x17b Core/Src/BufferedSerial.o
 .debug_macro   0x00000000000010c8       0x57 Core/Src/BufferedSerial.o
 .debug_macro   0x000000000000111f       0x52 Core/Src/BufferedSerial.o
 .debug_macro   0x0000000000001171       0x1f Core/Src/BufferedSerial.o
 .debug_macro   0x0000000000001190       0x43 Core/Src/BufferedSerial.o
 .debug_macro   0x00000000000011d3       0x20 Core/Src/BufferedSerial.o
 .debug_macro   0x00000000000011f3      0x1a3 Core/Src/BufferedSerial.o
 .debug_macro   0x0000000000001396      0x353 Core/Src/BufferedSerial.o
 .debug_macro   0x00000000000016e9       0x10 Core/Src/BufferedSerial.o
 .debug_macro   0x00000000000016f9       0x35 Core/Src/BufferedSerial.o
 .debug_macro   0x000000000000172e       0x20 Core/Src/BufferedSerial.o
 .debug_macro   0x000000000000174e      0x294 Core/Src/BufferedSerial.o
 .debug_macro   0x00000000000019e2       0x2e Core/Src/BufferedSerial.o
 .debug_macro   0x0000000000001a10       0x28 Core/Src/BufferedSerial.o
 .debug_macro   0x0000000000001a38       0x1c Core/Src/BufferedSerial.o
 .debug_macro   0x0000000000001a54       0xef Core/Src/BufferedSerial.o
 .debug_macro   0x0000000000001b43       0x6a Core/Src/BufferedSerial.o
 .debug_macro   0x0000000000001bad      0x1df Core/Src/BufferedSerial.o
 .debug_macro   0x0000000000001d8c       0x1c Core/Src/BufferedSerial.o
 .debug_macro   0x0000000000001da8       0x22 Core/Src/BufferedSerial.o
 .debug_macro   0x0000000000001dca       0xd9 Core/Src/BufferedSerial.o
 .debug_macro   0x0000000000001ea3     0x102d Core/Src/BufferedSerial.o
 .debug_macro   0x0000000000002ed0      0x11f Core/Src/BufferedSerial.o
 .debug_macro   0x0000000000002fef    0x1672d Core/Src/BufferedSerial.o
 .debug_macro   0x000000000001971c       0x43 Core/Src/BufferedSerial.o
 .debug_macro   0x000000000001975f     0x3659 Core/Src/BufferedSerial.o
 .debug_macro   0x000000000001cdb8       0x54 Core/Src/BufferedSerial.o